Archive member included to satisfy reference by file (symbol)

C:/Users/1/.pico-sdk/toolchain/13_2_Rel1/bin/../lib/gcc/arm-none-eabi/13.2.1/thumb/v8-m.main+fp/softfp\libm.a(libm_a-wf_sqrt.o)
                              CMakeFiles/pwm_led_fade.dir/C_/Users/1/.pico-sdk/sdk/2.0.0/src/rp2_common/pico_float/float_math.c.obj (sqrtf)
C:/Users/1/.pico-sdk/toolchain/13_2_Rel1/bin/../lib/gcc/arm-none-eabi/13.2.1/thumb/v8-m.main+fp/softfp\libm.a(libm_a-ef_sqrt.o)
                              C:/Users/1/.pico-sdk/toolchain/13_2_Rel1/bin/../lib/gcc/arm-none-eabi/13.2.1/thumb/v8-m.main+fp/softfp\libm.a(libm_a-wf_sqrt.o) (__ieee754_sqrtf)
C:/Users/1/.pico-sdk/toolchain/13_2_Rel1/bin/../lib/gcc/arm-none-eabi/13.2.1/thumb/v8-m.main+fp/softfp\libgcc.a(_arm_addsubdf3.o)
                              CMakeFiles/pwm_led_fade.dir/C_/Users/1/.pico-sdk/sdk/2.0.0/src/rp2_common/pico_float/float_math.c.obj (__aeabi_f2d)
C:/Users/1/.pico-sdk/toolchain/13_2_Rel1/bin/../lib/gcc/arm-none-eabi/13.2.1/thumb/v8-m.main+fp/softfp\libgcc.a(_aeabi_ldivmod.o)
                              CMakeFiles/pwm_led_fade.dir/C_/Users/1/.pico-sdk/sdk/2.0.0/src/common/pico_time/time.c.obj (__aeabi_ldivmod)
C:/Users/1/.pico-sdk/toolchain/13_2_Rel1/bin/../lib/gcc/arm-none-eabi/13.2.1/thumb/v8-m.main+fp/softfp\libgcc.a(_aeabi_uldivmod.o)
                              CMakeFiles/pwm_led_fade.dir/C_/Users/1/.pico-sdk/sdk/2.0.0/src/rp2_common/hardware_clocks/clocks.c.obj (__aeabi_uldivmod)
C:/Users/1/.pico-sdk/toolchain/13_2_Rel1/bin/../lib/gcc/arm-none-eabi/13.2.1/thumb/v8-m.main+fp/softfp\libgcc.a(_udivmoddi4.o)
                              C:/Users/1/.pico-sdk/toolchain/13_2_Rel1/bin/../lib/gcc/arm-none-eabi/13.2.1/thumb/v8-m.main+fp/softfp\libgcc.a(_aeabi_ldivmod.o) (__udivmoddi4)
C:/Users/1/.pico-sdk/toolchain/13_2_Rel1/bin/../lib/gcc/arm-none-eabi/13.2.1/thumb/v8-m.main+fp/softfp\libgcc.a(_dvmd_tls.o)
                              C:/Users/1/.pico-sdk/toolchain/13_2_Rel1/bin/../lib/gcc/arm-none-eabi/13.2.1/thumb/v8-m.main+fp/softfp\libgcc.a(_aeabi_ldivmod.o) (__aeabi_ldiv0)
C:/Users/1/.pico-sdk/toolchain/13_2_Rel1/bin/../lib/gcc/arm-none-eabi/13.2.1/thumb/v8-m.main+fp/softfp\libg.a(libc_a-calloc.o)
                              CMakeFiles/pwm_led_fade.dir/C_/Users/1/.pico-sdk/sdk/2.0.0/src/rp2_common/pico_malloc/malloc.c.obj (calloc)
C:/Users/1/.pico-sdk/toolchain/13_2_Rel1/bin/../lib/gcc/arm-none-eabi/13.2.1/thumb/v8-m.main+fp/softfp\libg.a(libc_a-callocr.o)
                              C:/Users/1/.pico-sdk/toolchain/13_2_Rel1/bin/../lib/gcc/arm-none-eabi/13.2.1/thumb/v8-m.main+fp/softfp\libg.a(libc_a-calloc.o) (_calloc_r)
C:/Users/1/.pico-sdk/toolchain/13_2_Rel1/bin/../lib/gcc/arm-none-eabi/13.2.1/thumb/v8-m.main+fp/softfp\libg.a(libc_a-malloc.o)
                              CMakeFiles/pwm_led_fade.dir/C_/Users/1/.pico-sdk/sdk/2.0.0/src/rp2_common/pico_malloc/malloc.c.obj (malloc)
C:/Users/1/.pico-sdk/toolchain/13_2_Rel1/bin/../lib/gcc/arm-none-eabi/13.2.1/thumb/v8-m.main+fp/softfp\libg.a(libc_a-mallocr.o)
                              C:/Users/1/.pico-sdk/toolchain/13_2_Rel1/bin/../lib/gcc/arm-none-eabi/13.2.1/thumb/v8-m.main+fp/softfp\libg.a(libc_a-callocr.o) (_malloc_r)
C:/Users/1/.pico-sdk/toolchain/13_2_Rel1/bin/../lib/gcc/arm-none-eabi/13.2.1/thumb/v8-m.main+fp/softfp\libg.a(libc_a-mlock.o)
                              C:/Users/1/.pico-sdk/toolchain/13_2_Rel1/bin/../lib/gcc/arm-none-eabi/13.2.1/thumb/v8-m.main+fp/softfp\libg.a(libc_a-mallocr.o) (__malloc_lock)
C:/Users/1/.pico-sdk/toolchain/13_2_Rel1/bin/../lib/gcc/arm-none-eabi/13.2.1/thumb/v8-m.main+fp/softfp\libg.a(libc_a-realloc.o)
                              CMakeFiles/pwm_led_fade.dir/C_/Users/1/.pico-sdk/sdk/2.0.0/src/rp2_common/pico_malloc/malloc.c.obj (realloc)
C:/Users/1/.pico-sdk/toolchain/13_2_Rel1/bin/../lib/gcc/arm-none-eabi/13.2.1/thumb/v8-m.main+fp/softfp\libg.a(libc_a-reallocr.o)
                              C:/Users/1/.pico-sdk/toolchain/13_2_Rel1/bin/../lib/gcc/arm-none-eabi/13.2.1/thumb/v8-m.main+fp/softfp\libg.a(libc_a-realloc.o) (_realloc_r)
C:/Users/1/.pico-sdk/toolchain/13_2_Rel1/bin/../lib/gcc/arm-none-eabi/13.2.1/thumb/v8-m.main+fp/softfp\libg.a(libc_a-memcmp.o)
                              CMakeFiles/pwm_led_fade.dir/C_/Users/1/.pico-sdk/sdk/2.0.0/src/rp2_common/pico_atomic/atomic.c.obj (memcmp)
C:/Users/1/.pico-sdk/toolchain/13_2_Rel1/bin/../lib/gcc/arm-none-eabi/13.2.1/thumb/v8-m.main+fp/softfp\libg.a(libc_a-memmove.o)
                              C:/Users/1/.pico-sdk/toolchain/13_2_Rel1/bin/../lib/gcc/arm-none-eabi/13.2.1/thumb/v8-m.main+fp/softfp\libg.a(libc_a-reallocr.o) (memmove)
C:/Users/1/.pico-sdk/toolchain/13_2_Rel1/bin/../lib/gcc/arm-none-eabi/13.2.1/thumb/v8-m.main+fp/softfp\libg.a(libc_a-memset.o)
                              C:/Users/1/.pico-sdk/toolchain/13_2_Rel1/bin/../lib/gcc/arm-none-eabi/13.2.1/thumb/v8-m.main+fp/softfp/crt0.o (memset)
[...]
Memory Configuration

Name             Origin             Length             Attributes
FLASH            0x10000000         0x00400000         xr
RAM              0x20000000         0x00080000         xrw
SCRATCH_X        0x20080000         0x00001000         xrw
SCRATCH_Y        0x20081000         0x00001000         xrw
*default*        0x00000000         0xffffffff

Linker script and memory map

LOAD C:/Users/1/.pico-sdk/toolchain/13_2_Rel1/bin/../lib/gcc/arm-none-eabi/13.2.1/thumb/v8-m.main+fp/softfp/crti.o
LOAD C:/Users/1/.pico-sdk/toolchain/13_2_Rel1/bin/../lib/gcc/arm-none-eabi/13.2.1/thumb/v8-m.main+fp/softfp/crtbegin.o
LOAD C:/Users/1/.pico-sdk/toolchain/13_2_Rel1/bin/../lib/gcc/arm-none-eabi/13.2.1/thumb/v8-m.main+fp/softfp/crt0.o

.flash_begin    0x10000000        0x0
                0x10000000                        __flash_binary_start = .

.text           0x10000000     0x2a74
                0x10000000                        __logical_binary_start = .
 *(.vectors)
 .vectors       0x10000000      0x124 CMakeFiles/pwm_led_fade.dir/C_/Users/1/.pico-sdk/sdk/2.0.0/src/rp2_common/pico_crt0/crt0.S.obj
                0x10000000                __VECTOR_TABLE
                0x10000000                __vectors
                0x10000110                __default_isrs_start
                0x10000110                isr_invalid
                0x10000112                isr_nmi
                0x10000114                isr_hardfault
                0x10000116                isr_svcall
                0x10000118                isr_pendsv
                0x1000011a                isr_systick
                0x1000011c                isr_irq31
                0x1000011c                isr_irq5
                0x1000011c                isr_irq11
                0x1000011c                isr_irq32
                0x1000011c                isr_irq23
                0x1000011c                isr_irq48
                0x1000011c                isr_irq35
                0x1000011c                isr_irq18
                0x1000011c                isr_irq50
                0x1000011c                isr_irq27
                0x1000011c                isr_irq40
                0x1000011c                isr_irq28
                0x1000011c                isr_irq19
                0x1000011c                isr_irq36
                0x1000011c                isr_irq41
                0x1000011c                isr_irq0
                0x1000011c                isr_irq6
                0x1000011c                isr_irq45
                0x1000011c                isr_irq12
                0x1000011c                isr_irq37
                0x1000011c                isr_irq42
                0x1000011c                isr_irq22
                0x1000011c                isr_irq43
                0x1000011c                isr_irq17
                0x1000011c                isr_irq38
                0x1000011c                isr_irq14
                0x1000011c                isr_irq13
                0x1000011c                isr_irq2
                0x1000011c                isr_irq10
                0x1000011c                isr_irq8
                0x1000011c                isr_irq24
                0x1000011c                isr_irq46
                0x1000011c                isr_irq1
                0x1000011c                isr_irq47
                0x1000011c                isr_irq51
                0x1000011c                isr_irq7
                0x1000011c                isr_irq21
                0x1000011c                isr_irq39
                0x1000011c                isr_irq20
                0x1000011c                isr_irq15
                0x1000011c                isr_irq25
                0x1000011c                isr_irq34
                0x1000011c                isr_irq49
                0x1000011c                __unhandled_user_irq
                0x1000011c                isr_irq4
                0x1000011c                isr_irq16
                0x1000011c                isr_irq44
                0x1000011c                isr_irq29
                0x1000011c                isr_irq26
                0x1000011c                __default_isrs_end
                0x1000011c                isr_irq33
                0x1000011c                isr_irq3
                0x1000011c                isr_irq30
                0x1000011c                isr_irq9
                0x10000122                unhandled_user_irq_num_in_r0
 *(.binary_info_header)
 .binary_info_header
                0x10000124       0x14 CMakeFiles/pwm_led_fade.dir/C_/Users/1/.pico-sdk/sdk/2.0.0/src/rp2_common/pico_crt0/crt0.S.obj
                0x10000138                        __binary_info_header_end = .
 *(.embedded_block)
 .embedded_block
                0x10000138       0x14 CMakeFiles/pwm_led_fade.dir/C_/Users/1/.pico-sdk/sdk/2.0.0/src/rp2_common/pico_crt0/crt0.S.obj
                0x1000014c                        __embedded_block_end = .
 *(.reset)
 .reset         0x1000014c       0xa0 CMakeFiles/pwm_led_fade.dir/C_/Users/1/.pico-sdk/sdk/2.0.0/src/rp2_common/pico_crt0/crt0.S.obj
                0x1000014c                _entry_point
 *(.init)
 .init          0x100001ec        0x4 C:/Users/1/.pico-sdk/toolchain/13_2_Rel1/bin/../lib/gcc/arm-none-eabi/13.2.1/thumb/v8-m.main+fp/softfp/crti.o
                0x100001ec                _init
 *libgcc.a:cmse_nonsecure_call.o()
 *(EXCLUDE_FILE(*libm.a: *libc.a:*lib_a-mem*.o *libgcc.a:) .text*)
 .text.register_tm_clones
                0x100001f0       0x28 C:/Users/1/.pico-sdk/toolchain/13_2_Rel1/bin/../lib/gcc/arm-none-eabi/13.2.1/thumb/v8-m.main+fp/softfp/crtbegin.o
 .text.frame_dummy
                0x10000218       0x24 C:/Users/1/.pico-sdk/toolchain/13_2_Rel1/bin/../lib/gcc/arm-none-eabi/13.2.1/thumb/v8-m.main+fp/softfp/crtbegin.o
 .text.pwm_init
                0x1000023c       0x34 CMakeFiles/pwm_led_fade.dir/pwm_led_fade.c.obj
 .text.pwm_get_default_config
                0x10000270       0x14 CMakeFiles/pwm_led_fade.dir/pwm_led_fade.c.obj
 .text.pwm_set_chan_level
                0x10000284       0x34 CMakeFiles/pwm_led_fade.dir/pwm_led_fade.c.obj
 .text.on_pwm_wrap
                0x100002b8       0x64 CMakeFiles/pwm_led_fade.dir/pwm_led_fade.c.obj
                0x100002b8                on_pwm_wrap
 .text.main     0x1000031c       0x4c CMakeFiles/pwm_led_fade.dir/pwm_led_fade.c.obj
                0x1000031c                main
 .text.gpio_set_function
                0x10000368       0x38 CMakeFiles/pwm_led_fade.dir/C_/Users/1/.pico-sdk/sdk/2.0.0/src/rp2_common/hardware_gpio/gpio.c.obj
                0x10000368                gpio_set_function
 .text.panic    0x100003a0       0x30 CMakeFiles/pwm_led_fade.dir/C_/Users/1/.pico-sdk/sdk/2.0.0/src/rp2_common/pico_platform_panic/panic.c.obj
                0x100003a0                panic
 .text.hw_claim_lock
                0x100003d0       0x24 CMakeFiles/pwm_led_fade.dir/C_/Users/1/.pico-sdk/sdk/2.0.0/src/common/hardware_claim/claim.c.obj
                0x100003d0                hw_claim_lock
 .text.hw_claim_unlock
                0x100003f4       0x14 CMakeFiles/pwm_led_fade.dir/C_/Users/1/.pico-sdk/sdk/2.0.0/src/common/hardware_claim/claim.c.obj
                0x100003f4                hw_claim_unlock
 .text.hw_claim_or_assert
                0x10000408       0x32 CMakeFiles/pwm_led_fade.dir/C_/Users/1/.pico-sdk/sdk/2.0.0/src/common/hardware_claim/claim.c.obj
                0x10000408                hw_claim_or_assert
 *fill*         0x1000043a        0x2 
 .text.next_striped_spin_lock_num
                0x1000043c       0x1c CMakeFiles/pwm_led_fade.dir/C_/Users/1/.pico-sdk/sdk/2.0.0/src/rp2_common/hardware_sync/sync.c.obj
                0x1000043c                next_striped_spin_lock_num
 .text.spinlock_set_extexclall
                0x10000458        0xe CMakeFiles/pwm_led_fade.dir/C_/Users/1/.pico-sdk/sdk/2.0.0/src/rp2_common/hardware_sync_spin_lock/sync_spin_lock.c.obj
 *fill*         0x10000466        0x2 
 .text.spin_locks_reset
                0x10000468       0x1c CMakeFiles/pwm_led_fade.dir/C_/Users/1/.pico-sdk/sdk/2.0.0/src/rp2_common/hardware_sync_spin_lock/sync_spin_lock.c.obj
                0x10000468                spin_locks_reset
 .text.set_raw_irq_handler_and_unlock
                0x10000484       0x24 CMakeFiles/pwm_led_fade.dir/C_/Users/1/.pico-sdk/sdk/2.0.0/src/rp2_common/hardware_irq/irq.c.obj
 .text.nvic_ipr0
                0x100004a8        0x8 CMakeFiles/pwm_led_fade.dir/C_/Users/1/.pico-sdk/sdk/2.0.0/src/rp2_common/hardware_irq/irq.c.obj
 .text.runtime_init_per_core_irq_priorities
                0x100004b0       0x1a CMakeFiles/pwm_led_fade.dir/C_/Users/1/.pico-sdk/sdk/2.0.0/src/rp2_common/hardware_irq/irq.c.obj
                0x100004b0                runtime_init_per_core_irq_priorities
 *fill*         0x100004ca        0x2 
 .text.irq_set_mask_n_enabled
                0x100004cc       0x20 CMakeFiles/pwm_led_fade.dir/C_/Users/1/.pico-sdk/sdk/2.0.0/src/rp2_common/hardware_irq/irq.c.obj
                0x100004cc                irq_set_mask_n_enabled
 .text.irq_set_enabled
                0x100004ec       0x14 CMakeFiles/pwm_led_fade.dir/C_/Users/1/.pico-sdk/sdk/2.0.0/src/rp2_common/hardware_irq/irq.c.obj
                0x100004ec                irq_set_enabled
 .text.irq_get_vtable_handler
                0x10000500       0x10 CMakeFiles/pwm_led_fade.dir/C_/Users/1/.pico-sdk/sdk/2.0.0/src/rp2_common/hardware_irq/irq.c.obj
                0x10000500                irq_get_vtable_handler
 .text.irq_set_exclusive_handler
                0x10000510       0x60 CMakeFiles/pwm_led_fade.dir/C_/Users/1/.pico-sdk/sdk/2.0.0/src/rp2_common/hardware_irq/irq.c.obj
                0x10000510                irq_set_exclusive_handler
 .text.lock_init
                0x10000570        0xc CMakeFiles/pwm_led_fade.dir/C_/Users/1/.pico-sdk/sdk/2.0.0/src/common/pico_sync/lock_core.c.obj
                0x10000570                lock_init
 .text.mutex_init
                0x1000057c       0x1a CMakeFiles/pwm_led_fade.dir/C_/Users/1/.pico-sdk/sdk/2.0.0/src/common/pico_sync/mutex.c.obj
                0x1000057c                mutex_init
 .text.recursive_mutex_init
                0x10000596       0x1e CMakeFiles/pwm_led_fade.dir/C_/Users/1/.pico-sdk/sdk/2.0.0/src/common/pico_sync/mutex.c.obj
                0x10000596                recursive_mutex_init
 .text.runtime_init_mutex
                0x100005b4       0x4c CMakeFiles/pwm_led_fade.dir/C_/Users/1/.pico-sdk/sdk/2.0.0/src/common/pico_sync/mutex.c.obj
                0x100005b4                runtime_init_mutex
 .text.ta_from_current_irq
                0x10000600       0x24 CMakeFiles/pwm_led_fade.dir/C_/Users/1/.pico-sdk/sdk/2.0.0/src/common/pico_time/time.c.obj
 .text.make_alarm_id
                0x10000624        0x6 CMakeFiles/pwm_led_fade.dir/C_/Users/1/.pico-sdk/sdk/2.0.0/src/common/pico_time/time.c.obj
 *fill*         0x1000062a        0x2 
 .text.sleep_until_callback
                0x1000062c       0x3c CMakeFiles/pwm_led_fade.dir/C_/Users/1/.pico-sdk/sdk/2.0.0/src/common/pico_time/time.c.obj
 .text.alarm_pool_irq_handler
                0x10000668      0x2c0 CMakeFiles/pwm_led_fade.dir/C_/Users/1/.pico-sdk/sdk/2.0.0/src/common/pico_time/time.c.obj
 .text.ta_enable_irq_handler
                0x10000928       0x38 CMakeFiles/pwm_led_fade.dir/C_/Users/1/.pico-sdk/sdk/2.0.0/src/common/pico_time/time.c.obj
 .text.alarm_pool_post_alloc_init
                0x10000960       0x7c CMakeFiles/pwm_led_fade.dir/C_/Users/1/.pico-sdk/sdk/2.0.0/src/common/pico_time/time.c.obj
 .text.alarm_pool_get_default
                0x100009dc       0x28 CMakeFiles/pwm_led_fade.dir/C_/Users/1/.pico-sdk/sdk/2.0.0/src/common/pico_time/time.c.obj
                0x100009dc                alarm_pool_get_default
 .text.alarm_pool_add_alarm_at_force_in_context
                0x10000a04       0xc0 CMakeFiles/pwm_led_fade.dir/C_/Users/1/.pico-sdk/sdk/2.0.0/src/common/pico_time/time.c.obj
                0x10000a04                alarm_pool_add_alarm_at_force_in_context
 .text.alarm_pool_add_alarm_at
                0x10000ac4       0x38 CMakeFiles/pwm_led_fade.dir/C_/Users/1/.pico-sdk/sdk/2.0.0/src/common/pico_time/time.c.obj
                0x10000ac4                alarm_pool_add_alarm_at
 .text.add_alarm_at
                0x10000afc       0x26 CMakeFiles/pwm_led_fade.dir/C_/Users/1/.pico-sdk/sdk/2.0.0/src/common/pico_time/time.c.obj
 .text.alarm_pool_cancel_alarm
                0x10000b22       0x72 CMakeFiles/pwm_led_fade.dir/C_/Users/1/.pico-sdk/sdk/2.0.0/src/common/pico_time/time.c.obj
                0x10000b22                alarm_pool_cancel_alarm
 .text.cancel_alarm
                0x10000b94       0x10 CMakeFiles/pwm_led_fade.dir/C_/Users/1/.pico-sdk/sdk/2.0.0/src/common/pico_time/time.c.obj
 .text.best_effort_wfe_or_timeout
                0x10000ba4       0xc4 CMakeFiles/pwm_led_fade.dir/C_/Users/1/.pico-sdk/sdk/2.0.0/src/common/pico_time/time.c.obj
                0x10000ba4                best_effort_wfe_or_timeout
 .text.alarm_pool_get_default_timer
                0x10000c68        0x8 CMakeFiles/pwm_led_fade.dir/C_/Users/1/.pico-sdk/sdk/2.0.0/src/common/pico_time/time.c.obj
                0x10000c68                alarm_pool_get_default_timer
 .text.runtime_init_default_alarm_pool
                0x10000c70       0x34 CMakeFiles/pwm_led_fade.dir/C_/Users/1/.pico-sdk/sdk/2.0.0/src/common/pico_time/time.c.obj
                0x10000c70                runtime_init_default_alarm_pool
 .text.timer_hardware_alarm_claim
                0x10000ca4       0x24 CMakeFiles/pwm_led_fade.dir/C_/Users/1/.pico-sdk/sdk/2.0.0/src/rp2_common/hardware_timer/timer.c.obj
                0x10000ca4                timer_hardware_alarm_claim
 .text.timer_time_us_64
                0x10000cc8       0x10 CMakeFiles/pwm_led_fade.dir/C_/Users/1/.pico-sdk/sdk/2.0.0/src/rp2_common/hardware_timer/timer.c.obj
                0x10000cc8                timer_time_us_64
 .text.time_us_64
                0x10000cd8       0x10 CMakeFiles/pwm_led_fade.dir/C_/Users/1/.pico-sdk/sdk/2.0.0/src/rp2_common/hardware_timer/timer.c.obj
                0x10000cd8                time_us_64
 .text.clock_configure_internal
                0x10000ce8       0xb8 CMakeFiles/pwm_led_fade.dir/C_/Users/1/.pico-sdk/sdk/2.0.0/src/rp2_common/hardware_clocks/clocks.c.obj
 .text.clock_configure_undivided
                0x10000da0       0x12 CMakeFiles/pwm_led_fade.dir/C_/Users/1/.pico-sdk/sdk/2.0.0/src/rp2_common/hardware_clocks/clocks.c.obj
                0x10000da0                clock_configure_undivided
 *fill*         0x10000db2        0x2 
 .text.clock_get_hz
                0x10000db4        0xc CMakeFiles/pwm_led_fade.dir/C_/Users/1/.pico-sdk/sdk/2.0.0/src/rp2_common/hardware_clocks/clocks.c.obj
                0x10000db4                clock_get_hz
 .text.pll_init
                0x10000dc0      0x108 CMakeFiles/pwm_led_fade.dir/C_/Users/1/.pico-sdk/sdk/2.0.0/src/rp2_common/hardware_pll/pll.c.obj
                0x10000dc0                pll_init
 .text.tick_start
                0x10000ec8       0x1c CMakeFiles/pwm_led_fade.dir/C_/Users/1/.pico-sdk/sdk/2.0.0/src/rp2_common/hardware_ticks/ticks.c.obj
                0x10000ec8                tick_start
 .text.xosc_init
                0x10000ee4       0x28 CMakeFiles/pwm_led_fade.dir/C_/Users/1/.pico-sdk/sdk/2.0.0/src/rp2_common/hardware_xosc/xosc.c.obj
                0x10000ee4                xosc_init
 .text.runtime_run_initializers_from
                0x10000f0c       0x18 CMakeFiles/pwm_led_fade.dir/C_/Users/1/.pico-sdk/sdk/2.0.0/src/rp2_common/pico_runtime/runtime.c.obj
 .text.first_per_core_initializer
                0x10000f24        0x2 CMakeFiles/pwm_led_fade.dir/C_/Users/1/.pico-sdk/sdk/2.0.0/src/rp2_common/pico_runtime/runtime.c.obj
 *fill*         0x10000f26        0x2 
 .text.runtime_run_initializers
                0x10000f28       0x10 CMakeFiles/pwm_led_fade.dir/C_/Users/1/.pico-sdk/sdk/2.0.0/src/rp2_common/pico_runtime/runtime.c.obj
                0x10000f28                runtime_run_initializers
 .text.runtime_init_early_resets
                0x10000f38       0x2c CMakeFiles/pwm_led_fade.dir/C_/Users/1/.pico-sdk/sdk/2.0.0/src/rp2_common/pico_runtime_init/runtime_init.c.obj
                0x10000f38                runtime_init_early_resets
 .text.runtime_init_usb_power_down
                0x10000f64       0x20 CMakeFiles/pwm_led_fade.dir/C_/Users/1/.pico-sdk/sdk/2.0.0/src/rp2_common/pico_runtime_init/runtime_init.c.obj
                0x10000f64                runtime_init_usb_power_down
 .text.runtime_init_per_core_enable_coprocessors
                0x10000f84       0x1c CMakeFiles/pwm_led_fade.dir/C_/Users/1/.pico-sdk/sdk/2.0.0/src/rp2_common/pico_runtime_init/runtime_init.c.obj
                0x10000f84                runtime_init_per_core_enable_coprocessors
 .text.runtime_init_post_clock_resets
                0x10000fa0       0x20 CMakeFiles/pwm_led_fade.dir/C_/Users/1/.pico-sdk/sdk/2.0.0/src/rp2_common/pico_runtime_init/runtime_init.c.obj
                0x10000fa0                runtime_init_post_clock_resets
 .text.runtime_init_bootrom_reset
                0x10000fc0       0x12 CMakeFiles/pwm_led_fade.dir/C_/Users/1/.pico-sdk/sdk/2.0.0/src/rp2_common/pico_runtime_init/runtime_init.c.obj
                0x10000fc0                runtime_init_bootrom_reset
 .text.runtime_init_per_core_bootrom_reset
                0x10000fd2       0x12 CMakeFiles/pwm_led_fade.dir/C_/Users/1/.pico-sdk/sdk/2.0.0/src/rp2_common/pico_runtime_init/runtime_init.c.obj
                0x10000fd2                runtime_init_per_core_bootrom_reset
 .text.runtime_init_spin_locks_reset
                0x10000fe4        0x8 CMakeFiles/pwm_led_fade.dir/C_/Users/1/.pico-sdk/sdk/2.0.0/src/rp2_common/pico_runtime_init/runtime_init.c.obj
                0x10000fe4                runtime_init_spin_locks_reset
 .text.runtime_init_install_ram_vector_table
                0x10000fec       0x20 CMakeFiles/pwm_led_fade.dir/C_/Users/1/.pico-sdk/sdk/2.0.0/src/rp2_common/pico_runtime_init/runtime_init.c.obj
                0x10000fec                runtime_init_install_ram_vector_table
 .text.start_all_ticks
                0x1000100c       0x28 CMakeFiles/pwm_led_fade.dir/C_/Users/1/.pico-sdk/sdk/2.0.0/src/rp2_common/pico_runtime_init/runtime_init_clocks.c.obj
 .text.runtime_init_clocks
                0x10001034       0xc4 CMakeFiles/pwm_led_fade.dir/C_/Users/1/.pico-sdk/sdk/2.0.0/src/rp2_common/pico_runtime_init/runtime_init_clocks.c.obj
                0x10001034                runtime_init_clocks
 .text.rom_func_lookup
                0x100010f8       0x2c CMakeFiles/pwm_led_fade.dir/C_/Users/1/.pico-sdk/sdk/2.0.0/src/rp2_common/pico_bootrom/bootrom.c.obj
                0x100010f8                rom_func_lookup
 .text.runtime_init_bootrom_locking_enable
                0x10001124       0x14 CMakeFiles/pwm_led_fade.dir/C_/Users/1/.pico-sdk/sdk/2.0.0/src/rp2_common/pico_bootrom/bootrom_lock.c.obj
                0x10001124                runtime_init_bootrom_locking_enable
 .text.boot_locks_reset
                0x10001138       0x20 CMakeFiles/pwm_led_fade.dir/C_/Users/1/.pico-sdk/sdk/2.0.0/src/rp2_common/hardware_boot_lock/boot_lock.c.obj
                0x10001138                boot_locks_reset
 .text.runtime_init_boot_locks_reset
                0x10001158        0x8 CMakeFiles/pwm_led_fade.dir/C_/Users/1/.pico-sdk/sdk/2.0.0/src/rp2_common/hardware_boot_lock/boot_lock.c.obj
                0x10001158                runtime_init_boot_locks_reset
 .text.__rp2350_dcp_engaged_state_save_restore
                0x10001160       0x3a CMakeFiles/pwm_led_fade.dir/C_/Users/1/.pico-sdk/sdk/2.0.0/src/rp2_common/pico_double/double_aeabi_dcp.S.obj
 *fill*         0x1000119a        0x2 
 .text.__wrap___aeabi_dadd
                0x1000119c       0x28 CMakeFiles/pwm_led_fade.dir/C_/Users/1/.pico-sdk/sdk/2.0.0/src/rp2_common/pico_double/double_aeabi_dcp.S.obj
                0x100011a4                __wrap___aeabi_dadd
 .text.__wrap___aeabi_dsub
                0x100011c4       0x28 CMakeFiles/pwm_led_fade.dir/C_/Users/1/.pico-sdk/sdk/2.0.0/src/rp2_common/pico_double/double_aeabi_dcp.S.obj
                0x100011cc                __wrap___aeabi_dsub
 .text.__wrap___aeabi_dmul
                0x100011ec       0x4c CMakeFiles/pwm_led_fade.dir/C_/Users/1/.pico-sdk/sdk/2.0.0/src/rp2_common/pico_double/double_aeabi_dcp.S.obj
                0x100011f4                __wrap___aeabi_dmul
 .text.__wrap___aeabi_ddiv
                0x10001238       0x9c CMakeFiles/pwm_led_fade.dir/C_/Users/1/.pico-sdk/sdk/2.0.0/src/rp2_common/pico_double/double_aeabi_dcp.S.obj
                0x10001240                __wrap___aeabi_ddiv
 .text.__wrap___aeabi_i2d
                0x100012d4       0x24 CMakeFiles/pwm_led_fade.dir/C_/Users/1/.pico-sdk/sdk/2.0.0/src/rp2_common/pico_double/double_aeabi_dcp.S.obj
                0x100012dc                __wrap___aeabi_i2d
 .text.__wrap___aeabi_ui2d
                0x100012f8       0x24 CMakeFiles/pwm_led_fade.dir/C_/Users/1/.pico-sdk/sdk/2.0.0/src/rp2_common/pico_double/double_aeabi_dcp.S.obj
                0x10001300                __wrap___aeabi_ui2d
 .text.__wrap___aeabi_d2iz
                0x1000131c       0x24 CMakeFiles/pwm_led_fade.dir/C_/Users/1/.pico-sdk/sdk/2.0.0/src/rp2_common/pico_double/double_aeabi_dcp.S.obj
                0x10001324                __wrap___aeabi_d2iz
 .text.__wrap___aeabi_d2uiz
                0x10001340       0x24 CMakeFiles/pwm_led_fade.dir/C_/Users/1/.pico-sdk/sdk/2.0.0/src/rp2_common/pico_double/double_aeabi_dcp.S.obj
                0x10001348                __wrap___aeabi_d2uiz
 .text.__wrap___aeabi_dcmpun
                0x10001364       0x24 CMakeFiles/pwm_led_fade.dir/C_/Users/1/.pico-sdk/sdk/2.0.0/src/rp2_common/pico_double/double_aeabi_dcp.S.obj
                0x1000136c                __wrap___aeabi_dcmpun
 .text.__wrap___aeabi_dcmplt
                0x10001388       0x28 CMakeFiles/pwm_led_fade.dir/C_/Users/1/.pico-sdk/sdk/2.0.0/src/rp2_common/pico_double/double_aeabi_dcp.S.obj
                0x10001390                __wrap___aeabi_dcmplt
 .text.__wrap___aeabi_dcmple
                0x100013b0       0x28 CMakeFiles/pwm_led_fade.dir/C_/Users/1/.pico-sdk/sdk/2.0.0/src/rp2_common/pico_double/double_aeabi_dcp.S.obj
                0x100013b8                __wrap___aeabi_dcmple
 .text.__wrap___aeabi_dcmpge
                0x100013d8       0x28 CMakeFiles/pwm_led_fade.dir/C_/Users/1/.pico-sdk/sdk/2.0.0/src/rp2_common/pico_double/double_aeabi_dcp.S.obj
                0x100013e0                __wrap___aeabi_dcmpge
 .text.__wrap___aeabi_dcmpgt
                0x10001400       0x28 CMakeFiles/pwm_led_fade.dir/C_/Users/1/.pico-sdk/sdk/2.0.0/src/rp2_common/pico_double/double_aeabi_dcp.S.obj
                0x10001408                __wrap___aeabi_dcmpgt
 .text._out_null
                0x10001428        0x2 CMakeFiles/pwm_led_fade.dir/C_/Users/1/.pico-sdk/sdk/2.0.0/src/rp2_common/pico_printf/printf.c.obj
 .text._out_fct
                0x1000142a        0xe CMakeFiles/pwm_led_fade.dir/C_/Users/1/.pico-sdk/sdk/2.0.0/src/rp2_common/pico_printf/printf.c.obj
 .text._atoi    0x10001438       0x26 CMakeFiles/pwm_led_fade.dir/C_/Users/1/.pico-sdk/sdk/2.0.0/src/rp2_common/pico_printf/printf.c.obj
 .text._out_rev
                0x1000145e       0x7e CMakeFiles/pwm_led_fade.dir/C_/Users/1/.pico-sdk/sdk/2.0.0/src/rp2_common/pico_printf/printf.c.obj
 .text._ntoa_format
                0x100014dc      0x136 CMakeFiles/pwm_led_fade.dir/C_/Users/1/.pico-sdk/sdk/2.0.0/src/rp2_common/pico_printf/printf.c.obj
 .text._ntoa_long
                0x10001612       0x94 CMakeFiles/pwm_led_fade.dir/C_/Users/1/.pico-sdk/sdk/2.0.0/src/rp2_common/pico_printf/printf.c.obj
 .text._ntoa_long_long
                0x100016a6       0xc2 CMakeFiles/pwm_led_fade.dir/C_/Users/1/.pico-sdk/sdk/2.0.0/src/rp2_common/pico_printf/printf.c.obj
 .text._etoa    0x10001768      0x41c CMakeFiles/pwm_led_fade.dir/C_/Users/1/.pico-sdk/sdk/2.0.0/src/rp2_common/pico_printf/printf.c.obj
 *fill*         0x10001b84        0x4 
 .text._ftoa    0x10001b88      0x398 CMakeFiles/pwm_led_fade.dir/C_/Users/1/.pico-sdk/sdk/2.0.0/src/rp2_common/pico_printf/printf.c.obj
 .text._vsnprintf
                0x10001f20      0x6d0 CMakeFiles/pwm_led_fade.dir/C_/Users/1/.pico-sdk/sdk/2.0.0/src/rp2_common/pico_printf/printf.c.obj
 .text.vfctprintf
                0x100025f0       0x24 CMakeFiles/pwm_led_fade.dir/C_/Users/1/.pico-sdk/sdk/2.0.0/src/rp2_common/pico_printf/printf.c.obj
                0x100025f0                vfctprintf
 .text._exit    0x10002614        0x4 CMakeFiles/pwm_led_fade.dir/C_/Users/1/.pico-sdk/sdk/2.0.0/src/rp2_common/pico_clib_interface/newlib_interface.c.obj
                0x10002614                _exit
 .text.exit     0x10002618        0x6 CMakeFiles/pwm_led_fade.dir/C_/Users/1/.pico-sdk/sdk/2.0.0/src/rp2_common/pico_clib_interface/newlib_interface.c.obj
                0x10002618                exit
 *fill*         0x1000261e        0x2 
 .text.__assert_func
                0x10002620       0x34 CMakeFiles/pwm_led_fade.dir/C_/Users/1/.pico-sdk/sdk/2.0.0/src/rp2_common/pico_clib_interface/newlib_interface.c.obj
                0x10002620                __assert_func
 .text.runtime_init
                0x10002654       0x2c CMakeFiles/pwm_led_fade.dir/C_/Users/1/.pico-sdk/sdk/2.0.0/src/rp2_common/pico_clib_interface/newlib_interface.c.obj
                0x10002654                runtime_init
 .text.stdio_out_chars_no_crlf
                0x10002680        0xe CMakeFiles/pwm_led_fade.dir/C_/Users/1/.pico-sdk/sdk/2.0.0/src/rp2_common/pico_stdio/stdio.c.obj
 *fill*         0x1000268e        0x2 
 .text.stdio_out_chars_crlf
                0x10002690       0x80 CMakeFiles/pwm_led_fade.dir/C_/Users/1/.pico-sdk/sdk/2.0.0/src/rp2_common/pico_stdio/stdio.c.obj
 .text.stdio_stack_buffer_flush
                0x10002710       0x40 CMakeFiles/pwm_led_fade.dir/C_/Users/1/.pico-sdk/sdk/2.0.0/src/rp2_common/pico_stdio/stdio.c.obj
 .text.stdio_buffered_printer
                0x10002750       0x20 CMakeFiles/pwm_led_fade.dir/C_/Users/1/.pico-sdk/sdk/2.0.0/src/rp2_common/pico_stdio/stdio.c.obj
 .text.stdout_serialize_begin
                0x10002770       0x2c CMakeFiles/pwm_led_fade.dir/C_/Users/1/.pico-sdk/sdk/2.0.0/src/rp2_common/pico_stdio/stdio.c.obj
                0x10002770                stdout_serialize_begin
 .text.stdout_serialize_end
                0x1000279c       0x10 CMakeFiles/pwm_led_fade.dir/C_/Users/1/.pico-sdk/sdk/2.0.0/src/rp2_common/pico_stdio/stdio.c.obj
                0x1000279c                stdout_serialize_end
 .text.stdio_put_string
                0x100027ac       0x8c CMakeFiles/pwm_led_fade.dir/C_/Users/1/.pico-sdk/sdk/2.0.0/src/rp2_common/pico_stdio/stdio.c.obj
                0x100027ac                stdio_put_string
 .text.stdio_flush
                0x10002838       0x1c CMakeFiles/pwm_led_fade.dir/C_/Users/1/.pico-sdk/sdk/2.0.0/src/rp2_common/pico_stdio/stdio.c.obj
                0x10002838                stdio_flush
 .text.__wrap_puts
                0x10002854       0x1e CMakeFiles/pwm_led_fade.dir/C_/Users/1/.pico-sdk/sdk/2.0.0/src/rp2_common/pico_stdio/stdio.c.obj
                0x10002854                stdio_puts
                0x10002854                __wrap_puts
 *fill*         0x10002872        0x2 
 .text.__wrap_vprintf
                0x10002874       0x3c CMakeFiles/pwm_led_fade.dir/C_/Users/1/.pico-sdk/sdk/2.0.0/src/rp2_common/pico_stdio/stdio.c.obj
                0x10002874                stdio_vprintf
                0x10002874                __wrap_vprintf
 .text.__wrap_printf
                0x100028b0       0x1c CMakeFiles/pwm_led_fade.dir/C_/Users/1/.pico-sdk/sdk/2.0.0/src/rp2_common/pico_stdio/stdio.c.obj
                0x100028b0                __wrap_printf
                0x100028b0                stdio_printf
 .text          0x100028cc       0xec C:/Users/1/.pico-sdk/toolchain/13_2_Rel1/bin/../lib/gcc/arm-none-eabi/13.2.1/thumb/v8-m.main+fp/softfp\libg.a(libc_a-memcpy.o)
                0x100028cc                memcpy
 .text.strlen   0x100029b8       0x5c C:/Users/1/.pico-sdk/toolchain/13_2_Rel1/bin/../lib/gcc/arm-none-eabi/13.2.1/thumb/v8-m.main+fp/softfp\libg.a(libc_a-strlen-stub.o)
                0x100029b8                strlen
 *(.fini)
 .fini          0x10002a14        0x4 C:/Users/1/.pico-sdk/toolchain/13_2_Rel1/bin/../lib/gcc/arm-none-eabi/13.2.1/thumb/v8-m.main+fp/softfp/crti.o
                0x10002a14                _fini
 .fini.__stub   0x10002a18       0x18 linker stubs
 *crtbegin.o(.ctors)
 *crtbegin?.o(.ctors)
 *(EXCLUDE_FILE(*crtend.o *crtend?.o) .ctors)
 *(SORT_BY_NAME(.ctors.*))
 *(.ctors)
 *crtbegin.o(.dtors)
 *crtbegin?.o(.dtors)
 *(EXCLUDE_FILE(*crtend.o *crtend?.o) .dtors)
 *(SORT_BY_NAME(.dtors.*))
 *(.dtors)
                0x10002a30                        . = ALIGN (0x4)
                0x10002a30                        PROVIDE (__preinit_array_start = .)
 *(SORT_BY_NAME(.preinit_array.*))
 .preinit_array.00050
                0x10002a30        0x4 CMakeFiles/pwm_led_fade.dir/C_/Users/1/.pico-sdk/sdk/2.0.0/src/rp2_common/pico_runtime_init/runtime_init.c.obj
                0x10002a30                __pre_init_runtime_init_bootrom_reset
 .preinit_array.00100
                0x10002a34        0x4 CMakeFiles/pwm_led_fade.dir/C_/Users/1/.pico-sdk/sdk/2.0.0/src/rp2_common/pico_runtime_init/runtime_init.c.obj
                0x10002a34                __pre_init_runtime_init_early_resets
 .preinit_array.00101
                0x10002a38        0x4 CMakeFiles/pwm_led_fade.dir/C_/Users/1/.pico-sdk/sdk/2.0.0/src/rp2_common/pico_runtime_init/runtime_init.c.obj
                0x10002a38                __pre_init_runtime_init_usb_power_down
 .preinit_array.00500
                0x10002a3c        0x4 CMakeFiles/pwm_led_fade.dir/C_/Users/1/.pico-sdk/sdk/2.0.0/src/rp2_common/pico_runtime_init/runtime_init.c.obj
                0x10002a3c                __pre_init_runtime_init_clocks
 .preinit_array.00600
                0x10002a40        0x4 CMakeFiles/pwm_led_fade.dir/C_/Users/1/.pico-sdk/sdk/2.0.0/src/rp2_common/pico_runtime_init/runtime_init.c.obj
                0x10002a40                __pre_init_runtime_init_post_clock_resets
 .preinit_array.01000
                0x10002a44        0x4 CMakeFiles/pwm_led_fade.dir/C_/Users/1/.pico-sdk/sdk/2.0.0/src/rp2_common/pico_runtime_init/runtime_init.c.obj
                0x10002a44                __pre_init_runtime_init_spin_locks_reset
 .preinit_array.01000
                0x10002a48        0x4 CMakeFiles/pwm_led_fade.dir/C_/Users/1/.pico-sdk/sdk/2.0.0/src/rp2_common/hardware_boot_lock/boot_lock.c.obj
                0x10002a48                __pre_init_runtime_init_boot_locks_reset
 .preinit_array.01010
                0x10002a4c        0x4 CMakeFiles/pwm_led_fade.dir/C_/Users/1/.pico-sdk/sdk/2.0.0/src/rp2_common/pico_bootrom/bootrom_lock.c.obj
                0x10002a4c                __pre_init_runtime_init_bootrom_locking_enable
 .preinit_array.01100
                0x10002a50        0x4 CMakeFiles/pwm_led_fade.dir/C_/Users/1/.pico-sdk/sdk/2.0.0/src/common/pico_sync/mutex.c.obj
                0x10002a50                __pre_init_runtime_init_mutex
 .preinit_array.10080
                0x10002a54        0x4 CMakeFiles/pwm_led_fade.dir/C_/Users/1/.pico-sdk/sdk/2.0.0/src/rp2_common/pico_runtime_init/runtime_init.c.obj
                0x10002a54                __pre_init_runtime_init_install_ram_vector_table
 .preinit_array.11000
                0x10002a58        0x4 CMakeFiles/pwm_led_fade.dir/C_/Users/1/.pico-sdk/sdk/2.0.0/src/common/pico_time/time.c.obj
                0x10002a58                __pre_init_runtime_init_default_alarm_pool
 .preinit_array.YYYYY
                0x10002a5c        0x4 CMakeFiles/pwm_led_fade.dir/C_/Users/1/.pico-sdk/sdk/2.0.0/src/rp2_common/pico_runtime/runtime.c.obj
                0x10002a5c                __pre_init_first_per_core_initializer
 .preinit_array.ZZZZZ.00051
                0x10002a60        0x4 CMakeFiles/pwm_led_fade.dir/C_/Users/1/.pico-sdk/sdk/2.0.0/src/rp2_common/pico_runtime_init/runtime_init.c.obj
                0x10002a60                __pre_init_runtime_init_per_core_bootrom_reset
 .preinit_array.ZZZZZ.00200
                0x10002a64        0x4 CMakeFiles/pwm_led_fade.dir/C_/Users/1/.pico-sdk/sdk/2.0.0/src/rp2_common/pico_runtime_init/runtime_init.c.obj
                0x10002a64                __pre_init_runtime_init_per_core_enable_coprocessors
 .preinit_array.ZZZZZ.01000
                0x10002a68        0x4 CMakeFiles/pwm_led_fade.dir/C_/Users/1/.pico-sdk/sdk/2.0.0/src/rp2_common/hardware_sync_spin_lock/sync_spin_lock.c.obj
                0x10002a68                __pre_init_spinlock_set_extexclall
 .preinit_array.ZZZZZ.01200
                0x10002a6c        0x4 CMakeFiles/pwm_led_fade.dir/C_/Users/1/.pico-sdk/sdk/2.0.0/src/rp2_common/hardware_irq/irq.c.obj
                0x10002a6c                __pre_init_runtime_init_per_core_irq_priorities
 *(.preinit_array)
                0x10002a70                        PROVIDE (__preinit_array_end = .)
                0x10002a70                        . = ALIGN (0x4)
                0x10002a70                        PROVIDE (__init_array_start = .)
 *(SORT_BY_NAME(.init_array.*))
 *(.init_array)
 .init_array    0x10002a70        0x4 C:/Users/1/.pico-sdk/toolchain/13_2_Rel1/bin/../lib/gcc/arm-none-eabi/13.2.1/thumb/v8-m.main+fp/softfp/crtbegin.o
                0x10002a74                        PROVIDE (__init_array_end = .)
                0x10002a74                        . = ALIGN (0x4)
                [!provide]                        PROVIDE (__fini_array_start = .)
 *(SORT_BY_NAME(.fini_array.*))
 *(.fini_array)
                [!provide]                        PROVIDE (__fini_array_end = .)
 *(.eh_frame*)
 .eh_frame      0x10002a74        0x0 C:/Users/1/.pico-sdk/toolchain/13_2_Rel1/bin/../lib/gcc/arm-none-eabi/13.2.1/thumb/v8-m.main+fp/softfp/crtbegin.o
                0x10002a74                        . = ALIGN (0x4)

.glue_7         0x10002a74        0x0
 .glue_7        0x10002a74        0x0 linker stubs

.glue_7t        0x10002a74        0x0
 .glue_7t       0x10002a74        0x0 linker stubs

.vfp11_veneer   0x10002a74        0x0
 .vfp11_veneer  0x10002a74        0x0 linker stubs

.v4_bx          0x10002a74        0x0
 .v4_bx         0x10002a74        0x0 linker stubs

.iplt           0x10002a74        0x0
 .iplt          0x10002a74        0x0 C:/Users/1/.pico-sdk/toolchain/13_2_Rel1/bin/../lib/gcc/arm-none-eabi/13.2.1/thumb/v8-m.main+fp/softfp/crtbegin.o

.boot2          0x10002a74        0x0
                0x10002a74                        __boot2_start__ = .
 *(.boot2)
                0x10002a74                        __boot2_end__ = .
                0x00000001                        ASSERT (((__boot2_end__ - __boot2_start__) <= 0x100), ERROR: Pico second stage bootloader must be no more than 256 bytes in size)

.rodata         0x10002a78      0x4dc
 *(EXCLUDE_FILE(*libm.a: *libc.a:*lib_a-mem*.o *libgcc.a:) .rodata*)
 .rodata.panic.str1.4
                0x10002a78      0x3ab CMakeFiles/pwm_led_fade.dir/C_/Users/1/.pico-sdk/sdk/2.0.0/src/rp2_common/pico_platform_panic/panic.c.obj
                                 0x12 (size before relaxing)
 .rodata.resolve_j_16.str1.4
                0x10002e23       0x59 CMakeFiles/pwm_led_fade.dir/C_/Users/1/.pico-sdk/sdk/2.0.0/src/rp2_common/hardware_irq/irq.c.obj
 .rodata.irq_set_exclusive_handler.str1.4
                0x10002e23       0x36 CMakeFiles/pwm_led_fade.dir/C_/Users/1/.pico-sdk/sdk/2.0.0/src/rp2_common/hardware_irq/irq.c.obj
 *fill*         0x10002e23        0x1 
 .rodata.__func__.6
                0x10002e24       0x1a CMakeFiles/pwm_led_fade.dir/C_/Users/1/.pico-sdk/sdk/2.0.0/src/rp2_common/hardware_irq/irq.c.obj
 .rodata.runtime_init_mutex.str1.4
                0x10002e3e       0x5c CMakeFiles/pwm_led_fade.dir/C_/Users/1/.pico-sdk/sdk/2.0.0/src/common/pico_sync/mutex.c.obj
 .rodata.str1.4
                0x10002e3e       0x51 CMakeFiles/pwm_led_fade.dir/C_/Users/1/.pico-sdk/sdk/2.0.0/src/common/pico_sync/mutex.c.obj
 *fill*         0x10002e3e        0x2 
 .rodata.__func__.1
                0x10002e40        0xb CMakeFiles/pwm_led_fade.dir/C_/Users/1/.pico-sdk/sdk/2.0.0/src/common/pico_sync/mutex.c.obj
 *fill*         0x10002e4b        0x1 
 .rodata.__func__.3
                0x10002e4c       0x18 CMakeFiles/pwm_led_fade.dir/C_/Users/1/.pico-sdk/sdk/2.0.0/src/common/pico_sync/mutex.c.obj
 .rodata.__func__.6
                0x10002e64       0x13 CMakeFiles/pwm_led_fade.dir/C_/Users/1/.pico-sdk/sdk/2.0.0/src/common/pico_sync/mutex.c.obj
 .rodata.alarm_pool_irq_handler.str1.4
                0x10002e77       0x67 CMakeFiles/pwm_led_fade.dir/C_/Users/1/.pico-sdk/sdk/2.0.0/src/common/pico_time/time.c.obj
 .rodata.alarm_pool_get_default.str1.4
                0x10002e77       0x21 CMakeFiles/pwm_led_fade.dir/C_/Users/1/.pico-sdk/sdk/2.0.0/src/common/pico_time/time.c.obj
 *fill*         0x10002e77        0x1 
 .rodata.__func__.1
                0x10002e78       0x17 CMakeFiles/pwm_led_fade.dir/C_/Users/1/.pico-sdk/sdk/2.0.0/src/common/pico_time/time.c.obj
 *fill*         0x10002e8f        0x1 
 .rodata.__func__.2
                0x10002e90       0x17 CMakeFiles/pwm_led_fade.dir/C_/Users/1/.pico-sdk/sdk/2.0.0/src/common/pico_time/time.c.obj
 .rodata.timer_hardware_alarm_claim.str1.4
                0x10002ea7       0x22 CMakeFiles/pwm_led_fade.dir/C_/Users/1/.pico-sdk/sdk/2.0.0/src/rp2_common/hardware_timer/timer.c.obj
 .rodata.pll_init.str1.4
                0x10002ea7      0x118 CMakeFiles/pwm_led_fade.dir/C_/Users/1/.pico-sdk/sdk/2.0.0/src/rp2_common/hardware_pll/pll.c.obj
 *fill*         0x10002ea7        0x1 
 .rodata.__func__.0
                0x10002ea8        0x9 CMakeFiles/pwm_led_fade.dir/C_/Users/1/.pico-sdk/sdk/2.0.0/src/rp2_common/hardware_pll/pll.c.obj
 .rodata.str1.4
                0x10002eb1       0x34 CMakeFiles/pwm_led_fade.dir/C_/Users/1/.pico-sdk/sdk/2.0.0/src/rp2_common/pico_standard_binary_info/standard_binary_info.c.obj
 *fill*         0x10002eb1        0x3 
 .rodata.__bi_84
                0x10002eb4        0xc CMakeFiles/pwm_led_fade.dir/C_/Users/1/.pico-sdk/sdk/2.0.0/src/rp2_common/pico_standard_binary_info/standard_binary_info.c.obj
 .rodata.__bi_54
                0x10002ec0        0xc CMakeFiles/pwm_led_fade.dir/C_/Users/1/.pico-sdk/sdk/2.0.0/src/rp2_common/pico_standard_binary_info/standard_binary_info.c.obj
 .rodata.__bi_48
                0x10002ecc        0xc CMakeFiles/pwm_led_fade.dir/C_/Users/1/.pico-sdk/sdk/2.0.0/src/rp2_common/pico_standard_binary_info/standard_binary_info.c.obj
 .rodata.__bi_42
                0x10002ed8        0xc CMakeFiles/pwm_led_fade.dir/C_/Users/1/.pico-sdk/sdk/2.0.0/src/rp2_common/pico_standard_binary_info/standard_binary_info.c.obj
 .rodata.__bi_34
                0x10002ee4        0xc CMakeFiles/pwm_led_fade.dir/C_/Users/1/.pico-sdk/sdk/2.0.0/src/rp2_common/pico_standard_binary_info/standard_binary_info.c.obj
 .rodata.__bi_26
                0x10002ef0        0xc CMakeFiles/pwm_led_fade.dir/C_/Users/1/.pico-sdk/sdk/2.0.0/src/rp2_common/pico_standard_binary_info/standard_binary_info.c.obj
 .rodata._ftoa.str1.4
                0x10002efc       0x15 CMakeFiles/pwm_led_fade.dir/C_/Users/1/.pico-sdk/sdk/2.0.0/src/rp2_common/pico_printf/printf.c.obj
 *fill*         0x10002efc        0x4 
 .rodata.pow10.0
                0x10002f00       0x50 CMakeFiles/pwm_led_fade.dir/C_/Users/1/.pico-sdk/sdk/2.0.0/src/rp2_common/pico_printf/printf.c.obj
 .rodata.__assert_func.str1.4
                0x10002f50       0x43 CMakeFiles/pwm_led_fade.dir/C_/Users/1/.pico-sdk/sdk/2.0.0/src/rp2_common/pico_clib_interface/newlib_interface.c.obj
 .rodata.crlf_str.0
                0x10002f50        0x2 CMakeFiles/pwm_led_fade.dir/C_/Users/1/.pico-sdk/sdk/2.0.0/src/rp2_common/pico_stdio/stdio.c.obj
 *(.srodata*)
                0x10002f94                        . = ALIGN (0x4)
 *fill*         0x10002f52        0x2 
 *(SORT_BY_ALIGNMENT(SORT_BY_NAME(.flashdata*)))
                0x10002f54                        . = ALIGN (0x4)

.ARM.extab
 *(.ARM.extab* .gnu.linkonce.armextab.*)
                0x10002f54                        __exidx_start = .

.ARM.exidx      0x10002f54        0x8
 *(.ARM.exidx* .gnu.linkonce.armexidx.*)
 .ARM.exidx     0x10002f54        0x8 C:/Users/1/.pico-sdk/toolchain/13_2_Rel1/bin/../lib/gcc/arm-none-eabi/13.2.1/thumb/v8-m.main+fp/softfp\libg.a(libc_a-memcpy.o)
 .ARM.exidx.text.__udivmoddi4
                0x10002f5c        0x0 C:/Users/1/.pico-sdk/toolchain/13_2_Rel1/bin/../lib/gcc/arm-none-eabi/13.2.1/thumb/v8-m.main+fp/softfp\libgcc.a(_udivmoddi4.o)
                                  0x8 (size before relaxing)
                0x10002f5c                        __exidx_end = .
                0x10002f5c                        . = ALIGN (0x4)
                0x10002f5c                        __binary_info_start = .

.binary_info    0x10002f5c       0x18
 *(.binary_info.keep.*)
 .binary_info.keep.__bi_ptr84
                0x10002f5c        0x4 CMakeFiles/pwm_led_fade.dir/C_/Users/1/.pico-sdk/sdk/2.0.0/src/rp2_common/pico_standard_binary_info/standard_binary_info.c.obj
 .binary_info.keep.__bi_ptr54
                0x10002f60        0x4 CMakeFiles/pwm_led_fade.dir/C_/Users/1/.pico-sdk/sdk/2.0.0/src/rp2_common/pico_standard_binary_info/standard_binary_info.c.obj
 .binary_info.keep.__bi_ptr48
                0x10002f64        0x4 CMakeFiles/pwm_led_fade.dir/C_/Users/1/.pico-sdk/sdk/2.0.0/src/rp2_common/pico_standard_binary_info/standard_binary_info.c.obj
 .binary_info.keep.__bi_ptr42
                0x10002f68        0x4 CMakeFiles/pwm_led_fade.dir/C_/Users/1/.pico-sdk/sdk/2.0.0/src/rp2_common/pico_standard_binary_info/standard_binary_info.c.obj
 .binary_info.keep.__bi_ptr34
                0x10002f6c        0x4 CMakeFiles/pwm_led_fade.dir/C_/Users/1/.pico-sdk/sdk/2.0.0/src/rp2_common/pico_standard_binary_info/standard_binary_info.c.obj
 .binary_info.keep.__bi_ptr26
                0x10002f70        0x4 CMakeFiles/pwm_led_fade.dir/C_/Users/1/.pico-sdk/sdk/2.0.0/src/rp2_common/pico_standard_binary_info/standard_binary_info.c.obj
 *(.binary_info.*)
                0x10002f74                        __binary_info_end = .
                0x10002f74                        . = ALIGN (0x4)

.ram_vector_table
                0x20000000      0x110
 *(.ram_vector_table)
 .ram_vector_table
                0x20000000      0x110 CMakeFiles/pwm_led_fade.dir/C_/Users/1/.pico-sdk/sdk/2.0.0/src/rp2_common/pico_runtime_init/runtime_init.c.obj
                0x20000000                ram_vector_table

.uninitialized_data
                0x20000110        0x0
                0x20000110                        . = ALIGN (0x4)
 *(.uninitialized_data*)

.data           0x20000110      0x4d4 load address 0x10002f74
                0x20000110                        __data_start__ = .
 *(vtable)
 *(.time_critical*)
 .time_critical.mutex_try_enter
                0x20000110       0x58 CMakeFiles/pwm_led_fade.dir/C_/Users/1/.pico-sdk/sdk/2.0.0/src/common/pico_sync/mutex.c.obj
                0x20000110                mutex_try_enter
 .time_critical.mutex_enter_block_until
                0x20000168       0x84 CMakeFiles/pwm_led_fade.dir/C_/Users/1/.pico-sdk/sdk/2.0.0/src/common/pico_sync/mutex.c.obj
                0x20000168                mutex_enter_block_until
 .time_critical.mutex_try_enter_block_until
                0x200001ec       0x32 CMakeFiles/pwm_led_fade.dir/C_/Users/1/.pico-sdk/sdk/2.0.0/src/common/pico_sync/mutex.c.obj
                0x200001ec                mutex_try_enter_block_until
 *fill*         0x2000021e        0x2 
 .time_critical.mutex_exit
                0x20000220       0x58 CMakeFiles/pwm_led_fade.dir/C_/Users/1/.pico-sdk/sdk/2.0.0/src/common/pico_sync/mutex.c.obj
                0x20000220                mutex_exit
 *(.text*)
 .text          0x20000278       0x30 C:/Users/1/.pico-sdk/toolchain/13_2_Rel1/bin/../lib/gcc/arm-none-eabi/13.2.1/thumb/v8-m.main+fp/softfp\libgcc.a(_aeabi_uldivmod.o)
                0x20000278                __aeabi_uldivmod
 .text.__udivmoddi4
                0x200002a8      0x300 C:/Users/1/.pico-sdk/toolchain/13_2_Rel1/bin/../lib/gcc/arm-none-eabi/13.2.1/thumb/v8-m.main+fp/softfp\libgcc.a(_udivmoddi4.o)
                0x200002a8                __udivmoddi4
 .text          0x200005a8        0x4 C:/Users/1/.pico-sdk/toolchain/13_2_Rel1/bin/../lib/gcc/arm-none-eabi/13.2.1/thumb/v8-m.main+fp/softfp\libgcc.a(_dvmd_tls.o)
                0x200005a8                __aeabi_idiv0
                0x200005a8                __aeabi_ldiv0
 *fill*         0x200005ac        0x4 
 .text.__stub   0x200005b0       0x10 linker stubs
                0x200005c0                        . = ALIGN (0x4)
 *(.rodata*)
                0x200005c0                        . = ALIGN (0x4)
 *(.data*)
 .data.going_up.1
                0x200005c0        0x1 CMakeFiles/pwm_led_fade.dir/pwm_led_fade.c.obj
 .data.striped_spin_lock_num
                0x200005c1        0x1 CMakeFiles/pwm_led_fade.dir/C_/Users/1/.pico-sdk/sdk/2.0.0/src/rp2_common/hardware_sync/sync.c.obj
 *fill*         0x200005c2        0x2 
 .data.default_alarm_pool
                0x200005c4       0x18 CMakeFiles/pwm_led_fade.dir/C_/Users/1/.pico-sdk/sdk/2.0.0/src/common/pico_time/time.c.obj
 *(.sdata*)
                0x200005dc                        . = ALIGN (0x4)
 *(.after_data.*)
                0x200005dc                        . = ALIGN (0x4)
                0x200005dc                        PROVIDE (__mutex_array_start = .)
 *(SORT_BY_NAME(.mutex_array.*))
 *(.mutex_array)
 .mutex_array   0x200005dc        0x8 CMakeFiles/pwm_led_fade.dir/C_/Users/1/.pico-sdk/sdk/2.0.0/src/rp2_common/pico_stdio/stdio.c.obj
                0x200005e4                        PROVIDE (__mutex_array_end = .)
 *(.jcr)
                0x200005e4                        . = ALIGN (0x4)

.tm_clone_table
                0x200005e4        0x0 load address 0x10003448
 .tm_clone_table
                0x200005e4        0x0 C:/Users/1/.pico-sdk/toolchain/13_2_Rel1/bin/../lib/gcc/arm-none-eabi/13.2.1/thumb/v8-m.main+fp/softfp/crtbegin.o
 .tm_clone_table
                0x200005e4        0x0 C:/Users/1/.pico-sdk/toolchain/13_2_Rel1/bin/../lib/gcc/arm-none-eabi/13.2.1/thumb/v8-m.main+fp/softfp/crtend.o

.igot.plt       0x200005e4        0x0 load address 0x10003448
 .igot.plt      0x200005e4        0x0 C:/Users/1/.pico-sdk/toolchain/13_2_Rel1/bin/../lib/gcc/arm-none-eabi/13.2.1/thumb/v8-m.main+fp/softfp/crtbegin.o

.tdata          0x200005e4        0x0 load address 0x10003448
                0x200005e4                        . = ALIGN (0x4)
 *(.tdata .tdata.* .gnu.linkonce.td.*)
                0x200005e4                        __tdata_end = .
                0x200005e4                        PROVIDE (__data_end__ = .)
                0x10002f74                        __etext = LOADADDR (.data)

.tbss           0x200005e4        0x0 load address 0x10003448
                0x200005e4                        . = ALIGN (0x4)
                0x200005e4                        __bss_start__ = .
                0x200005e4                        __tls_base = .
 *(.tbss .tbss.* .gnu.linkonce.tb.*)
 *(.tcommon)
                0x200005e4                        __tls_end = .

.bss            0x200005e8      0x214 load address 0x10003448
                0x200005e8                        . = ALIGN (0x4)
                0x200005e8                        __tbss_end = .
 *(SORT_BY_ALIGNMENT(SORT_BY_NAME(.bss*)))
 .bss.default_alarm_pool_entries
                0x200005e8      0x180 CMakeFiles/pwm_led_fade.dir/C_/Users/1/.pico-sdk/sdk/2.0.0/src/common/pico_time/time.c.obj
 .bss._sw_spin_locks
                0x20000768       0x20 CMakeFiles/pwm_led_fade.dir/C_/Users/1/.pico-sdk/sdk/2.0.0/src/rp2_common/hardware_sync_spin_lock/sync_spin_lock.c.obj
                0x20000768                _sw_spin_locks
 .bss.claimed   0x20000788        0x2 CMakeFiles/pwm_led_fade.dir/C_/Users/1/.pico-sdk/sdk/2.0.0/src/rp2_common/hardware_timer/timer.c.obj
 *fill*         0x2000078a        0x2 
 .bss.configured_freq
                0x2000078c       0x28 CMakeFiles/pwm_led_fade.dir/C_/Users/1/.pico-sdk/sdk/2.0.0/src/rp2_common/hardware_clocks/clocks.c.obj
 .bss.drivers   0x200007b4        0x4 CMakeFiles/pwm_led_fade.dir/C_/Users/1/.pico-sdk/sdk/2.0.0/src/rp2_common/pico_stdio/stdio.c.obj
 .bss.fade.0    0x200007b8        0x4 CMakeFiles/pwm_led_fade.dir/pwm_led_fade.c.obj
 .bss.filter    0x200007bc        0x4 CMakeFiles/pwm_led_fade.dir/C_/Users/1/.pico-sdk/sdk/2.0.0/src/rp2_common/pico_stdio/stdio.c.obj
 .bss.object.0  0x200007c0       0x18 C:/Users/1/.pico-sdk/toolchain/13_2_Rel1/bin/../lib/gcc/arm-none-eabi/13.2.1/thumb/v8-m.main+fp/softfp/crtbegin.o
 .bss.pools     0x200007d8       0x20 CMakeFiles/pwm_led_fade.dir/C_/Users/1/.pico-sdk/sdk/2.0.0/src/common/pico_time/time.c.obj
 .bss.sleep_notifier
                0x200007f8        0x4 CMakeFiles/pwm_led_fade.dir/C_/Users/1/.pico-sdk/sdk/2.0.0/src/common/pico_time/time.c.obj
 *(COMMON)
                [!provide]                        PROVIDE (__global_pointer$ = (. + 0x800))
 *(.sbss*)
                0x200007fc                        . = ALIGN (0x4)
                0x200007fc                        __bss_end__ = .

.heap           0x200007fc    0x7f804 load address 0x10003448
                0x200007fc                        __end__ = .
                0x200007fc                        end = __end__
 *(.heap*)
 .heap          0x200007fc      0x800 CMakeFiles/pwm_led_fade.dir/C_/Users/1/.pico-sdk/sdk/2.0.0/src/rp2_common/pico_crt0/crt0.S.obj
                0x20080000                        . = (ORIGIN (RAM) + LENGTH (RAM))
 *fill*         0x20000ffc    0x7f004 
                0x20080000                        __HeapLimit = .

.scratch_x      0x20080000        0x0 load address 0x10003448
                0x20080000                        __scratch_x_start__ = .
 *(.scratch_x.*)
                0x20080000                        . = ALIGN (0x4)
                0x20080000                        __scratch_x_end__ = .
                0x10003448                        __scratch_x_source__ = LOADADDR (.scratch_x)

.scratch_y      0x20081000        0x0 load address 0x10003448
                0x20081000                        __scratch_y_start__ = .
 *(.scratch_y.*)
                0x20081000                        . = ALIGN (0x4)
                0x20081000                        __scratch_y_end__ = .
                0x10003448                        __scratch_y_source__ = LOADADDR (.scratch_y)

.stack1_dummy
 *(.stack1*)

.stack_dummy    0x20081000      0x800
 *(.stack*)
 .stack         0x20081000      0x800 CMakeFiles/pwm_led_fade.dir/C_/Users/1/.pico-sdk/sdk/2.0.0/src/rp2_common/pico_crt0/crt0.S.obj

.flash_end      0x10003448       0x14
 *(.embedded_end_block*)
 .embedded_end_block
                0x10003448       0x14 CMakeFiles/pwm_led_fade.dir/C_/Users/1/.pico-sdk/sdk/2.0.0/src/rp2_common/pico_crt0/crt0.S.obj
                0x1000345c                        PROVIDE (__flash_binary_end = .)
                0x20080000                        __StackLimit = (ORIGIN (RAM) + LENGTH (RAM))
                0x20081000                        __StackOneTop = (ORIGIN (SCRATCH_X) + LENGTH (SCRATCH_X))
                0x20082000                        __StackTop = (ORIGIN (SCRATCH_Y) + LENGTH (SCRATCH_Y))
                0x20081000                        __StackOneBottom = (__StackOneTop - SIZEOF (.stack1_dummy))
                0x20081800                        __StackBottom = (__StackTop - SIZEOF (.stack_dummy))
                0x20082000                        PROVIDE (__stack = __StackTop)
                [!provide]                        PROVIDE (__heap_start = __end__)
                [!provide]                        PROVIDE (__heap_end = __HeapLimit)
                [!provide]                        PROVIDE (__tls_align = MAX (ALIGNOF (.tdata), ALIGNOF (.tbss)))
                [!provide]                        PROVIDE (__tls_size_align = (((__tls_size + __tls_align) - 0x1) & ~ ((__tls_align - 0x1))))
                [!provide]                        PROVIDE (__arm32_tls_tcb_offset = MAX (0x8, __tls_align))
                [!provide]                        PROVIDE (_end = __end__)
                [!provide]                        PROVIDE (__llvm_libc_heap_limit = __HeapLimit)
                0x00000001                        ASSERT ((__StackLimit >= __HeapLimit), region RAM overflowed)
                0x00000001                        ASSERT (((__binary_info_header_end - __logical_binary_start) <= 0x400), Binary info must be in first 1024 bytes of the binary)
                0x00000001                        ASSERT (((__embedded_block_end - __logical_binary_start) <= 0x1000), Embedded block must be in first 4096 bytes of the binary)
LOAD CMakeFiles/pwm_led_fade.dir/pwm_led_fade.c.obj
LOAD CMakeFiles/pwm_led_fade.dir/C_/Users/1/.pico-sdk/sdk/2.0.0/src/rp2_common/pico_stdlib/stdlib.c.obj
LOAD CMakeFiles/pwm_led_fade.dir/C_/Users/1/.pico-sdk/sdk/2.0.0/src/rp2_common/hardware_gpio/gpio.c.obj
LOAD CMakeFiles/pwm_led_fade.dir/C_/Users/1/.pico-sdk/sdk/2.0.0/src/rp2350/pico_platform/platform.c.obj
LOAD CMakeFiles/pwm_led_fade.dir/C_/Users/1/.pico-sdk/sdk/2.0.0/src/rp2_common/pico_platform_panic/panic.c.obj
LOAD CMakeFiles/pwm_led_fade.dir/C_/Users/1/.pico-sdk/sdk/2.0.0/src/common/hardware_claim/claim.c.obj
LOAD CMakeFiles/pwm_led_fade.dir/C_/Users/1/.pico-sdk/sdk/2.0.0/src/rp2_common/hardware_sync/sync.c.obj
LOAD CMakeFiles/pwm_led_fade.dir/C_/Users/1/.pico-sdk/sdk/2.0.0/src/rp2_common/hardware_sync_spin_lock/sync_spin_lock.c.obj
LOAD CMakeFiles/pwm_led_fade.dir/C_/Users/1/.pico-sdk/sdk/2.0.0/src/rp2_common/hardware_irq/irq.c.obj
LOAD CMakeFiles/pwm_led_fade.dir/C_/Users/1/.pico-sdk/sdk/2.0.0/src/rp2_common/hardware_irq/irq_handler_chain.S.obj
LOAD CMakeFiles/pwm_led_fade.dir/C_/Users/1/.pico-sdk/sdk/2.0.0/src/common/pico_sync/sem.c.obj
LOAD CMakeFiles/pwm_led_fade.dir/C_/Users/1/.pico-sdk/sdk/2.0.0/src/common/pico_sync/lock_core.c.obj
LOAD CMakeFiles/pwm_led_fade.dir/C_/Users/1/.pico-sdk/sdk/2.0.0/src/common/pico_sync/mutex.c.obj
LOAD CMakeFiles/pwm_led_fade.dir/C_/Users/1/.pico-sdk/sdk/2.0.0/src/common/pico_sync/critical_section.c.obj
LOAD CMakeFiles/pwm_led_fade.dir/C_/Users/1/.pico-sdk/sdk/2.0.0/src/common/pico_time/time.c.obj
LOAD CMakeFiles/pwm_led_fade.dir/C_/Users/1/.pico-sdk/sdk/2.0.0/src/common/pico_time/timeout_helper.c.obj
LOAD CMakeFiles/pwm_led_fade.dir/C_/Users/1/.pico-sdk/sdk/2.0.0/src/rp2_common/hardware_timer/timer.c.obj
LOAD CMakeFiles/pwm_led_fade.dir/C_/Users/1/.pico-sdk/sdk/2.0.0/src/common/pico_util/datetime.c.obj
LOAD CMakeFiles/pwm_led_fade.dir/C_/Users/1/.pico-sdk/sdk/2.0.0/src/common/pico_util/pheap.c.obj
LOAD CMakeFiles/pwm_led_fade.dir/C_/Users/1/.pico-sdk/sdk/2.0.0/src/common/pico_util/queue.c.obj
LOAD CMakeFiles/pwm_led_fade.dir/C_/Users/1/.pico-sdk/sdk/2.0.0/src/rp2_common/hardware_uart/uart.c.obj
LOAD CMakeFiles/pwm_led_fade.dir/C_/Users/1/.pico-sdk/sdk/2.0.0/src/rp2_common/hardware_clocks/clocks.c.obj
LOAD CMakeFiles/pwm_led_fade.dir/C_/Users/1/.pico-sdk/sdk/2.0.0/src/rp2_common/hardware_pll/pll.c.obj
LOAD CMakeFiles/pwm_led_fade.dir/C_/Users/1/.pico-sdk/sdk/2.0.0/src/rp2_common/hardware_vreg/vreg.c.obj
LOAD CMakeFiles/pwm_led_fade.dir/C_/Users/1/.pico-sdk/sdk/2.0.0/src/rp2_common/hardware_watchdog/watchdog.c.obj
LOAD CMakeFiles/pwm_led_fade.dir/C_/Users/1/.pico-sdk/sdk/2.0.0/src/rp2_common/hardware_ticks/ticks.c.obj
LOAD CMakeFiles/pwm_led_fade.dir/C_/Users/1/.pico-sdk/sdk/2.0.0/src/rp2_common/hardware_xosc/xosc.c.obj
LOAD CMakeFiles/pwm_led_fade.dir/C_/Users/1/.pico-sdk/sdk/2.0.0/src/rp2_common/hardware_divider/divider.c.obj
LOAD CMakeFiles/pwm_led_fade.dir/C_/Users/1/.pico-sdk/sdk/2.0.0/src/rp2_common/pico_runtime/runtime.c.obj
LOAD CMakeFiles/pwm_led_fade.dir/C_/Users/1/.pico-sdk/sdk/2.0.0/src/rp2_common/pico_runtime_init/runtime_init.c.obj
LOAD CMakeFiles/pwm_led_fade.dir/C_/Users/1/.pico-sdk/sdk/2.0.0/src/rp2_common/pico_runtime_init/runtime_init_clocks.c.obj
LOAD CMakeFiles/pwm_led_fade.dir/C_/Users/1/.pico-sdk/sdk/2.0.0/src/rp2_common/pico_runtime_init/runtime_init_stack_guard.c.obj
LOAD CMakeFiles/pwm_led_fade.dir/C_/Users/1/.pico-sdk/sdk/2.0.0/src/rp2_common/pico_bit_ops/bit_ops_aeabi.S.obj
LOAD CMakeFiles/pwm_led_fade.dir/C_/Users/1/.pico-sdk/sdk/2.0.0/src/rp2_common/pico_bootrom/bootrom.c.obj
LOAD CMakeFiles/pwm_led_fade.dir/C_/Users/1/.pico-sdk/sdk/2.0.0/src/rp2_common/pico_bootrom/bootrom_lock.c.obj
LOAD CMakeFiles/pwm_led_fade.dir/C_/Users/1/.pico-sdk/sdk/2.0.0/src/rp2_common/hardware_boot_lock/boot_lock.c.obj
LOAD CMakeFiles/pwm_led_fade.dir/C_/Users/1/.pico-sdk/sdk/2.0.0/src/rp2_common/pico_divider/divider_compiler.c.obj
LOAD CMakeFiles/pwm_led_fade.dir/C_/Users/1/.pico-sdk/sdk/2.0.0/src/rp2_common/pico_double/double_math.c.obj
LOAD CMakeFiles/pwm_led_fade.dir/C_/Users/1/.pico-sdk/sdk/2.0.0/src/rp2_common/pico_double/double_aeabi_dcp.S.obj
LOAD CMakeFiles/pwm_led_fade.dir/C_/Users/1/.pico-sdk/sdk/2.0.0/src/rp2_common/pico_double/double_fma_dcp.S.obj
LOAD CMakeFiles/pwm_led_fade.dir/C_/Users/1/.pico-sdk/sdk/2.0.0/src/rp2_common/pico_double/double_sci_m33.S.obj
LOAD CMakeFiles/pwm_led_fade.dir/C_/Users/1/.pico-sdk/sdk/2.0.0/src/rp2_common/pico_double/double_conv_m33.S.obj
LOAD CMakeFiles/pwm_led_fade.dir/C_/Users/1/.pico-sdk/sdk/2.0.0/src/rp2_common/pico_float/float_math.c.obj
LOAD CMakeFiles/pwm_led_fade.dir/C_/Users/1/.pico-sdk/sdk/2.0.0/src/rp2_common/pico_float/float_sci_m33_vfp.S.obj
LOAD CMakeFiles/pwm_led_fade.dir/C_/Users/1/.pico-sdk/sdk/2.0.0/src/rp2_common/pico_float/float_conv_m33.S.obj
LOAD CMakeFiles/pwm_led_fade.dir/C_/Users/1/.pico-sdk/sdk/2.0.0/src/rp2_common/pico_malloc/malloc.c.obj
LOAD CMakeFiles/pwm_led_fade.dir/C_/Users/1/.pico-sdk/sdk/2.0.0/src/rp2_common/pico_atomic/atomic.c.obj
LOAD CMakeFiles/pwm_led_fade.dir/C_/Users/1/.pico-sdk/sdk/2.0.0/src/rp2_common/pico_cxx_options/new_delete.cpp.obj
LOAD CMakeFiles/pwm_led_fade.dir/C_/Users/1/.pico-sdk/sdk/2.0.0/src/rp2_common/pico_standard_binary_info/standard_binary_info.c.obj
LOAD CMakeFiles/pwm_led_fade.dir/C_/Users/1/.pico-sdk/sdk/2.0.0/src/rp2_common/pico_printf/printf.c.obj
LOAD CMakeFiles/pwm_led_fade.dir/C_/Users/1/.pico-sdk/sdk/2.0.0/src/rp2_common/pico_crt0/crt0.S.obj
LOAD CMakeFiles/pwm_led_fade.dir/C_/Users/1/.pico-sdk/sdk/2.0.0/src/rp2_common/pico_clib_interface/newlib_interface.c.obj
LOAD CMakeFiles/pwm_led_fade.dir/C_/Users/1/.pico-sdk/sdk/2.0.0/src/rp2_common/pico_stdio/stdio.c.obj
LOAD CMakeFiles/pwm_led_fade.dir/C_/Users/1/.pico-sdk/sdk/2.0.0/src/rp2_common/pico_stdio_uart/stdio_uart.c.obj
LOAD C:\Users\1\AppData\Local\Temp\ccy0R1yo.o
LOAD C:/Users/1/.pico-sdk/toolchain/13_2_Rel1/bin/../lib/gcc/arm-none-eabi/13.2.1/thumb/v8-m.main+fp/softfp\libstdc++.a
LOAD C:/Users/1/.pico-sdk/toolchain/13_2_Rel1/bin/../lib/gcc/arm-none-eabi/13.2.1/thumb/v8-m.main+fp/softfp\libm.a
START GROUP
LOAD C:/Users/1/.pico-sdk/toolchain/13_2_Rel1/bin/../lib/gcc/arm-none-eabi/13.2.1/thumb/v8-m.main+fp/softfp\libgcc.a
LOAD C:/Users/1/.pico-sdk/toolchain/13_2_Rel1/bin/../lib/gcc/arm-none-eabi/13.2.1/thumb/v8-m.main+fp/softfp\libg.a
LOAD C:/Users/1/.pico-sdk/toolchain/13_2_Rel1/bin/../lib/gcc/arm-none-eabi/13.2.1/thumb/v8-m.main+fp/softfp\libc.a
END GROUP
START GROUP
LOAD C:/Users/1/.pico-sdk/toolchain/13_2_Rel1/bin/../lib/gcc/arm-none-eabi/13.2.1/thumb/v8-m.main+fp/softfp\libgcc.a
LOAD C:/Users/1/.pico-sdk/toolchain/13_2_Rel1/bin/../lib/gcc/arm-none-eabi/13.2.1/thumb/v8-m.main+fp/softfp\libc.a
LOAD C:/Users/1/.pico-sdk/toolchain/13_2_Rel1/bin/../lib/gcc/arm-none-eabi/13.2.1/thumb/v8-m.main+fp/softfp\libnosys.a
END GROUP
LOAD C:/Users/1/.pico-sdk/toolchain/13_2_Rel1/bin/../lib/gcc/arm-none-eabi/13.2.1/thumb/v8-m.main+fp/softfp/crtend.o
LOAD C:/Users/1/.pico-sdk/toolchain/13_2_Rel1/bin/../lib/gcc/arm-none-eabi/13.2.1/thumb/v8-m.main+fp/softfp/crtn.o
OUTPUT(pwm_led_fade.elf elf32-littlearm)
LOAD linker stubs

.rel.dyn        0x1000345c        0x0
 .rel.iplt      0x1000345c        0x0 C:/Users/1/.pico-sdk/toolchain/13_2_Rel1/bin/../lib/gcc/arm-none-eabi/13.2.1/thumb/v8-m.main+fp/softfp/crtbegin.o

.ARM.attributes
                0x00000000       0x34
 .ARM.attributes
                0x00000000       0x26 C:/Users/1/.pico-sdk/toolchain/13_2_Rel1/bin/../lib/gcc/arm-none-eabi/13.2.1/thumb/v8-m.main+fp/softfp/crti.o
 .ARM.attributes
                0x00000026       0x36 C:/Users/1/.pico-sdk/toolchain/13_2_Rel1/bin/../lib/gcc/arm-none-eabi/13.2.1/thumb/v8-m.main+fp/softfp/crtbegin.o
 .ARM.attributes
                0x0000005c       0x38 CMakeFiles/pwm_led_fade.dir/pwm_led_fade.c.obj
 .ARM.attributes
                0x00000094       0x38 CMakeFiles/pwm_led_fade.dir/C_/Users/1/.pico-sdk/sdk/2.0.0/src/rp2_common/hardware_gpio/gpio.c.obj
 .ARM.attributes
                0x000000cc       0x38 CMakeFiles/pwm_led_fade.dir/C_/Users/1/.pico-sdk/sdk/2.0.0/src/rp2_common/pico_platform_panic/panic.c.obj
 .ARM.attributes
                0x00000104       0x38 CMakeFiles/pwm_led_fade.dir/C_/Users/1/.pico-sdk/sdk/2.0.0/src/common/hardware_claim/claim.c.obj
 .ARM.attributes
                0x0000013c       0x38 CMakeFiles/pwm_led_fade.dir/C_/Users/1/.pico-sdk/sdk/2.0.0/src/rp2_common/hardware_sync/sync.c.obj
 .ARM.attributes
                0x00000174       0x38 CMakeFiles/pwm_led_fade.dir/C_/Users/1/.pico-sdk/sdk/2.0.0/src/rp2_common/hardware_sync_spin_lock/sync_spin_lock.c.obj
 .ARM.attributes
                0x000001ac       0x38 CMakeFiles/pwm_led_fade.dir/C_/Users/1/.pico-sdk/sdk/2.0.0/src/rp2_common/hardware_irq/irq.c.obj
 .ARM.attributes
                0x000001e4       0x38 CMakeFiles/pwm_led_fade.dir/C_/Users/1/.pico-sdk/sdk/2.0.0/src/common/pico_sync/lock_core.c.obj
 .ARM.attributes
                0x0000021c       0x38 CMakeFiles/pwm_led_fade.dir/C_/Users/1/.pico-sdk/sdk/2.0.0/src/common/pico_sync/mutex.c.obj
 .ARM.attributes
                0x00000254       0x38 CMakeFiles/pwm_led_fade.dir/C_/Users/1/.pico-sdk/sdk/2.0.0/src/common/pico_time/time.c.obj
 .ARM.attributes
                0x0000028c       0x38 CMakeFiles/pwm_led_fade.dir/C_/Users/1/.pico-sdk/sdk/2.0.0/src/rp2_common/hardware_timer/timer.c.obj
 .ARM.attributes
                0x000002c4       0x38 CMakeFiles/pwm_led_fade.dir/C_/Users/1/.pico-sdk/sdk/2.0.0/src/rp2_common/hardware_clocks/clocks.c.obj
 .ARM.attributes
                0x000002fc       0x38 CMakeFiles/pwm_led_fade.dir/C_/Users/1/.pico-sdk/sdk/2.0.0/src/rp2_common/hardware_pll/pll.c.obj
 .ARM.attributes
                0x00000334       0x38 CMakeFiles/pwm_led_fade.dir/C_/Users/1/.pico-sdk/sdk/2.0.0/src/rp2_common/hardware_ticks/ticks.c.obj
 .ARM.attributes
                0x0000036c       0x38 CMakeFiles/pwm_led_fade.dir/C_/Users/1/.pico-sdk/sdk/2.0.0/src/rp2_common/hardware_xosc/xosc.c.obj
 .ARM.attributes
                0x000003a4       0x38 CMakeFiles/pwm_led_fade.dir/C_/Users/1/.pico-sdk/sdk/2.0.0/src/rp2_common/pico_runtime/runtime.c.obj
 .ARM.attributes
                0x000003dc       0x38 CMakeFiles/pwm_led_fade.dir/C_/Users/1/.pico-sdk/sdk/2.0.0/src/rp2_common/pico_runtime_init/runtime_init.c.obj
 .ARM.attributes
                0x00000414       0x38 CMakeFiles/pwm_led_fade.dir/C_/Users/1/.pico-sdk/sdk/2.0.0/src/rp2_common/pico_runtime_init/runtime_init_clocks.c.obj
 .ARM.attributes
                0x0000044c       0x38 CMakeFiles/pwm_led_fade.dir/C_/Users/1/.pico-sdk/sdk/2.0.0/src/rp2_common/pico_bootrom/bootrom.c.obj
 .ARM.attributes
                0x00000484       0x38 CMakeFiles/pwm_led_fade.dir/C_/Users/1/.pico-sdk/sdk/2.0.0/src/rp2_common/pico_bootrom/bootrom_lock.c.obj
 .ARM.attributes
                0x000004bc       0x38 CMakeFiles/pwm_led_fade.dir/C_/Users/1/.pico-sdk/sdk/2.0.0/src/rp2_common/hardware_boot_lock/boot_lock.c.obj
 .ARM.attributes
                0x000004f4       0x28 CMakeFiles/pwm_led_fade.dir/C_/Users/1/.pico-sdk/sdk/2.0.0/src/rp2_common/pico_double/double_aeabi_dcp.S.obj
 .ARM.attributes
                0x0000051c       0x38 CMakeFiles/pwm_led_fade.dir/C_/Users/1/.pico-sdk/sdk/2.0.0/src/rp2_common/pico_standard_binary_info/standard_binary_info.c.obj
 .ARM.attributes
                0x00000554       0x38 CMakeFiles/pwm_led_fade.dir/C_/Users/1/.pico-sdk/sdk/2.0.0/src/rp2_common/pico_printf/printf.c.obj
 .ARM.attributes
                0x0000058c       0x28 CMakeFiles/pwm_led_fade.dir/C_/Users/1/.pico-sdk/sdk/2.0.0/src/rp2_common/pico_crt0/crt0.S.obj
 .ARM.attributes
                0x000005b4       0x38 CMakeFiles/pwm_led_fade.dir/C_/Users/1/.pico-sdk/sdk/2.0.0/src/rp2_common/pico_clib_interface/newlib_interface.c.obj
 .ARM.attributes
                0x000005ec       0x38 CMakeFiles/pwm_led_fade.dir/C_/Users/1/.pico-sdk/sdk/2.0.0/src/rp2_common/pico_stdio/stdio.c.obj
 .ARM.attributes
                0x00000624       0x26 C:/Users/1/.pico-sdk/toolchain/13_2_Rel1/bin/../lib/gcc/arm-none-eabi/13.2.1/thumb/v8-m.main+fp/softfp\libgcc.a(_aeabi_uldivmod.o)
 .ARM.attributes
                0x0000064a       0x36 C:/Users/1/.pico-sdk/toolchain/13_2_Rel1/bin/../lib/gcc/arm-none-eabi/13.2.1/thumb/v8-m.main+fp/softfp\libgcc.a(_udivmoddi4.o)
 .ARM.attributes
                0x00000680       0x26 C:/Users/1/.pico-sdk/toolchain/13_2_Rel1/bin/../lib/gcc/arm-none-eabi/13.2.1/thumb/v8-m.main+fp/softfp\libgcc.a(_dvmd_tls.o)
 .ARM.attributes
                0x000006a6       0x24 C:/Users/1/.pico-sdk/toolchain/13_2_Rel1/bin/../lib/gcc/arm-none-eabi/13.2.1/thumb/v8-m.main+fp/softfp\libg.a(libc_a-memcpy.o)
 .ARM.attributes
                0x000006ca       0x36 C:/Users/1/.pico-sdk/toolchain/13_2_Rel1/bin/../lib/gcc/arm-none-eabi/13.2.1/thumb/v8-m.main+fp/softfp\libg.a(libc_a-strlen-stub.o)
 .ARM.attributes
                0x00000700       0x36 C:/Users/1/.pico-sdk/toolchain/13_2_Rel1/bin/../lib/gcc/arm-none-eabi/13.2.1/thumb/v8-m.main+fp/softfp/crtend.o

.comment        0x00000000       0x44
 .comment       0x00000000       0x44 CMakeFiles/pwm_led_fade.dir/pwm_led_fade.c.obj
                                 0x45 (size before relaxing)
 .comment       0x00000044       0x45 CMakeFiles/pwm_led_fade.dir/C_/Users/1/.pico-sdk/sdk/2.0.0/src/rp2_common/hardware_gpio/gpio.c.obj
 .comment       0x00000044       0x45 CMakeFiles/pwm_led_fade.dir/C_/Users/1/.pico-sdk/sdk/2.0.0/src/rp2_common/pico_platform_panic/panic.c.obj
 .comment       0x00000044       0x45 CMakeFiles/pwm_led_fade.dir/C_/Users/1/.pico-sdk/sdk/2.0.0/src/common/hardware_claim/claim.c.obj
 .comment       0x00000044       0x45 CMakeFiles/pwm_led_fade.dir/C_/Users/1/.pico-sdk/sdk/2.0.0/src/rp2_common/hardware_sync/sync.c.obj
 .comment       0x00000044       0x45 CMakeFiles/pwm_led_fade.dir/C_/Users/1/.pico-sdk/sdk/2.0.0/src/rp2_common/hardware_sync_spin_lock/sync_spin_lock.c.obj
 .comment       0x00000044       0x45 CMakeFiles/pwm_led_fade.dir/C_/Users/1/.pico-sdk/sdk/2.0.0/src/rp2_common/hardware_irq/irq.c.obj
 .comment       0x00000044       0x45 CMakeFiles/pwm_led_fade.dir/C_/Users/1/.pico-sdk/sdk/2.0.0/src/common/pico_sync/lock_core.c.obj
 .comment       0x00000044       0x45 CMakeFiles/pwm_led_fade.dir/C_/Users/1/.pico-sdk/sdk/2.0.0/src/common/pico_sync/mutex.c.obj
 .comment       0x00000044       0x45 CMakeFiles/pwm_led_fade.dir/C_/Users/1/.pico-sdk/sdk/2.0.0/src/common/pico_time/time.c.obj
 .comment       0x00000044       0x45 CMakeFiles/pwm_led_fade.dir/C_/Users/1/.pico-sdk/sdk/2.0.0/src/rp2_common/hardware_timer/timer.c.obj
 .comment       0x00000044       0x45 CMakeFiles/pwm_led_fade.dir/C_/Users/1/.pico-sdk/sdk/2.0.0/src/rp2_common/hardware_clocks/clocks.c.obj
 .comment       0x00000044       0x45 CMakeFiles/pwm_led_fade.dir/C_/Users/1/.pico-sdk/sdk/2.0.0/src/rp2_common/hardware_pll/pll.c.obj
 .comment       0x00000044       0x45 CMakeFiles/pwm_led_fade.dir/C_/Users/1/.pico-sdk/sdk/2.0.0/src/rp2_common/hardware_ticks/ticks.c.obj
 .comment       0x00000044       0x45 CMakeFiles/pwm_led_fade.dir/C_/Users/1/.pico-sdk/sdk/2.0.0/src/rp2_common/hardware_xosc/xosc.c.obj
 .comment       0x00000044       0x45 CMakeFiles/pwm_led_fade.dir/C_/Users/1/.pico-sdk/sdk/2.0.0/src/rp2_common/pico_runtime/runtime.c.obj
 .comment       0x00000044       0x45 CMakeFiles/pwm_led_fade.dir/C_/Users/1/.pico-sdk/sdk/2.0.0/src/rp2_common/pico_runtime_init/runtime_init.c.obj
 .comment       0x00000044       0x45 CMakeFiles/pwm_led_fade.dir/C_/Users/1/.pico-sdk/sdk/2.0.0/src/rp2_common/pico_runtime_init/runtime_init_clocks.c.obj
 .comment       0x00000044       0x45 CMakeFiles/pwm_led_fade.dir/C_/Users/1/.pico-sdk/sdk/2.0.0/src/rp2_common/pico_bootrom/bootrom.c.obj
 .comment       0x00000044       0x45 CMakeFiles/pwm_led_fade.dir/C_/Users/1/.pico-sdk/sdk/2.0.0/src/rp2_common/pico_bootrom/bootrom_lock.c.obj
 .comment       0x00000044       0x45 CMakeFiles/pwm_led_fade.dir/C_/Users/1/.pico-sdk/sdk/2.0.0/src/rp2_common/hardware_boot_lock/boot_lock.c.obj
 .comment       0x00000044       0x45 CMakeFiles/pwm_led_fade.dir/C_/Users/1/.pico-sdk/sdk/2.0.0/src/rp2_common/pico_standard_binary_info/standard_binary_info.c.obj
 .comment       0x00000044       0x45 CMakeFiles/pwm_led_fade.dir/C_/Users/1/.pico-sdk/sdk/2.0.0/src/rp2_common/pico_printf/printf.c.obj
 .comment       0x00000044       0x45 CMakeFiles/pwm_led_fade.dir/C_/Users/1/.pico-sdk/sdk/2.0.0/src/rp2_common/pico_clib_interface/newlib_interface.c.obj
 .comment       0x00000044       0x45 CMakeFiles/pwm_led_fade.dir/C_/Users/1/.pico-sdk/sdk/2.0.0/src/rp2_common/pico_stdio/stdio.c.obj

.debug_info     0x00000000    0x176af
 .debug_info    0x00000000      0xbef CMakeFiles/pwm_led_fade.dir/pwm_led_fade.c.obj
 .debug_info    0x00000bef     0x1c2c CMakeFiles/pwm_led_fade.dir/C_/Users/1/.pico-sdk/sdk/2.0.0/src/rp2_common/hardware_gpio/gpio.c.obj
 .debug_info    0x0000281b      0x1b3 CMakeFiles/pwm_led_fade.dir/C_/Users/1/.pico-sdk/sdk/2.0.0/src/rp2_common/pico_platform_panic/panic.c.obj
 .debug_info    0x000029ce      0x73d CMakeFiles/pwm_led_fade.dir/C_/Users/1/.pico-sdk/sdk/2.0.0/src/common/hardware_claim/claim.c.obj
 .debug_info    0x0000310b      0x47d CMakeFiles/pwm_led_fade.dir/C_/Users/1/.pico-sdk/sdk/2.0.0/src/rp2_common/hardware_sync/sync.c.obj
 .debug_info    0x00003588     0x152a CMakeFiles/pwm_led_fade.dir/C_/Users/1/.pico-sdk/sdk/2.0.0/src/rp2_common/hardware_sync_spin_lock/sync_spin_lock.c.obj
 .debug_info    0x00004ab2     0x23ac CMakeFiles/pwm_led_fade.dir/C_/Users/1/.pico-sdk/sdk/2.0.0/src/rp2_common/hardware_irq/irq.c.obj
 .debug_info    0x00006e5e      0x1cf CMakeFiles/pwm_led_fade.dir/C_/Users/1/.pico-sdk/sdk/2.0.0/src/common/pico_sync/lock_core.c.obj
 .debug_info    0x0000702d     0x1f0d CMakeFiles/pwm_led_fade.dir/C_/Users/1/.pico-sdk/sdk/2.0.0/src/common/pico_sync/mutex.c.obj
 .debug_info    0x00008f3a     0x36c2 CMakeFiles/pwm_led_fade.dir/C_/Users/1/.pico-sdk/sdk/2.0.0/src/common/pico_time/time.c.obj
 .debug_info    0x0000c5fc     0x1e85 CMakeFiles/pwm_led_fade.dir/C_/Users/1/.pico-sdk/sdk/2.0.0/src/rp2_common/hardware_timer/timer.c.obj
 .debug_info    0x0000e481     0x15d5 CMakeFiles/pwm_led_fade.dir/C_/Users/1/.pico-sdk/sdk/2.0.0/src/rp2_common/hardware_clocks/clocks.c.obj
 .debug_info    0x0000fa56      0x67c CMakeFiles/pwm_led_fade.dir/C_/Users/1/.pico-sdk/sdk/2.0.0/src/rp2_common/hardware_pll/pll.c.obj
 .debug_info    0x000100d2      0x2d6 CMakeFiles/pwm_led_fade.dir/C_/Users/1/.pico-sdk/sdk/2.0.0/src/rp2_common/hardware_ticks/ticks.c.obj
 .debug_info    0x000103a8      0x1b5 CMakeFiles/pwm_led_fade.dir/C_/Users/1/.pico-sdk/sdk/2.0.0/src/rp2_common/hardware_xosc/xosc.c.obj
 .debug_info    0x0001055d      0x1bc CMakeFiles/pwm_led_fade.dir/C_/Users/1/.pico-sdk/sdk/2.0.0/src/rp2_common/pico_runtime/runtime.c.obj
 .debug_info    0x00010719     0x1bec CMakeFiles/pwm_led_fade.dir/C_/Users/1/.pico-sdk/sdk/2.0.0/src/rp2_common/pico_runtime_init/runtime_init.c.obj
 .debug_info    0x00012305      0x7af CMakeFiles/pwm_led_fade.dir/C_/Users/1/.pico-sdk/sdk/2.0.0/src/rp2_common/pico_runtime_init/runtime_init_clocks.c.obj
 .debug_info    0x00012ab4      0x84b CMakeFiles/pwm_led_fade.dir/C_/Users/1/.pico-sdk/sdk/2.0.0/src/rp2_common/pico_bootrom/bootrom.c.obj
 .debug_info    0x000132ff      0x1d5 CMakeFiles/pwm_led_fade.dir/C_/Users/1/.pico-sdk/sdk/2.0.0/src/rp2_common/pico_bootrom/bootrom_lock.c.obj
 .debug_info    0x000134d4      0x334 CMakeFiles/pwm_led_fade.dir/C_/Users/1/.pico-sdk/sdk/2.0.0/src/rp2_common/hardware_boot_lock/boot_lock.c.obj
 .debug_info    0x00013808       0x23 CMakeFiles/pwm_led_fade.dir/C_/Users/1/.pico-sdk/sdk/2.0.0/src/rp2_common/pico_double/double_aeabi_dcp.S.obj
 .debug_info    0x0001382b      0x28e CMakeFiles/pwm_led_fade.dir/C_/Users/1/.pico-sdk/sdk/2.0.0/src/rp2_common/pico_standard_binary_info/standard_binary_info.c.obj
 .debug_info    0x00013ab9     0x194e CMakeFiles/pwm_led_fade.dir/C_/Users/1/.pico-sdk/sdk/2.0.0/src/rp2_common/pico_printf/printf.c.obj
 .debug_info    0x00015407       0x23 CMakeFiles/pwm_led_fade.dir/C_/Users/1/.pico-sdk/sdk/2.0.0/src/rp2_common/pico_crt0/crt0.S.obj
 .debug_info    0x0001542a      0xc65 CMakeFiles/pwm_led_fade.dir/C_/Users/1/.pico-sdk/sdk/2.0.0/src/rp2_common/pico_clib_interface/newlib_interface.c.obj
 .debug_info    0x0001608f     0x1620 CMakeFiles/pwm_led_fade.dir/C_/Users/1/.pico-sdk/sdk/2.0.0/src/rp2_common/pico_stdio/stdio.c.obj

.debug_abbrev   0x00000000     0x4965
 .debug_abbrev  0x00000000      0x346 CMakeFiles/pwm_led_fade.dir/pwm_led_fade.c.obj
 .debug_abbrev  0x00000346      0x48b CMakeFiles/pwm_led_fade.dir/C_/Users/1/.pico-sdk/sdk/2.0.0/src/rp2_common/hardware_gpio/gpio.c.obj
 .debug_abbrev  0x000007d1      0x12d CMakeFiles/pwm_led_fade.dir/C_/Users/1/.pico-sdk/sdk/2.0.0/src/rp2_common/pico_platform_panic/panic.c.obj
 .debug_abbrev  0x000008fe      0x2dd CMakeFiles/pwm_led_fade.dir/C_/Users/1/.pico-sdk/sdk/2.0.0/src/common/hardware_claim/claim.c.obj
 .debug_abbrev  0x00000bdb      0x1f8 CMakeFiles/pwm_led_fade.dir/C_/Users/1/.pico-sdk/sdk/2.0.0/src/rp2_common/hardware_sync/sync.c.obj
 .debug_abbrev  0x00000dd3      0x2a1 CMakeFiles/pwm_led_fade.dir/C_/Users/1/.pico-sdk/sdk/2.0.0/src/rp2_common/hardware_sync_spin_lock/sync_spin_lock.c.obj
 .debug_abbrev  0x00001074      0x5dc CMakeFiles/pwm_led_fade.dir/C_/Users/1/.pico-sdk/sdk/2.0.0/src/rp2_common/hardware_irq/irq.c.obj
 .debug_abbrev  0x00001650      0x130 CMakeFiles/pwm_led_fade.dir/C_/Users/1/.pico-sdk/sdk/2.0.0/src/common/pico_sync/lock_core.c.obj
 .debug_abbrev  0x00001780      0x43a CMakeFiles/pwm_led_fade.dir/C_/Users/1/.pico-sdk/sdk/2.0.0/src/common/pico_sync/mutex.c.obj
 .debug_abbrev  0x00001bba      0x633 CMakeFiles/pwm_led_fade.dir/C_/Users/1/.pico-sdk/sdk/2.0.0/src/common/pico_time/time.c.obj
 .debug_abbrev  0x000021ed      0x4c0 CMakeFiles/pwm_led_fade.dir/C_/Users/1/.pico-sdk/sdk/2.0.0/src/rp2_common/hardware_timer/timer.c.obj
 .debug_abbrev  0x000026ad      0x430 CMakeFiles/pwm_led_fade.dir/C_/Users/1/.pico-sdk/sdk/2.0.0/src/rp2_common/hardware_clocks/clocks.c.obj
 .debug_abbrev  0x00002add      0x1f8 CMakeFiles/pwm_led_fade.dir/C_/Users/1/.pico-sdk/sdk/2.0.0/src/rp2_common/hardware_pll/pll.c.obj
 .debug_abbrev  0x00002cd5      0x153 CMakeFiles/pwm_led_fade.dir/C_/Users/1/.pico-sdk/sdk/2.0.0/src/rp2_common/hardware_ticks/ticks.c.obj
 .debug_abbrev  0x00002e28      0x10b CMakeFiles/pwm_led_fade.dir/C_/Users/1/.pico-sdk/sdk/2.0.0/src/rp2_common/hardware_xosc/xosc.c.obj
 .debug_abbrev  0x00002f33      0x149 CMakeFiles/pwm_led_fade.dir/C_/Users/1/.pico-sdk/sdk/2.0.0/src/rp2_common/pico_runtime/runtime.c.obj
 .debug_abbrev  0x0000307c      0x2c4 CMakeFiles/pwm_led_fade.dir/C_/Users/1/.pico-sdk/sdk/2.0.0/src/rp2_common/pico_runtime_init/runtime_init.c.obj
 .debug_abbrev  0x00003340      0x2a8 CMakeFiles/pwm_led_fade.dir/C_/Users/1/.pico-sdk/sdk/2.0.0/src/rp2_common/pico_runtime_init/runtime_init_clocks.c.obj
 .debug_abbrev  0x000035e8      0x362 CMakeFiles/pwm_led_fade.dir/C_/Users/1/.pico-sdk/sdk/2.0.0/src/rp2_common/pico_bootrom/bootrom.c.obj
 .debug_abbrev  0x0000394a      0x12b CMakeFiles/pwm_led_fade.dir/C_/Users/1/.pico-sdk/sdk/2.0.0/src/rp2_common/pico_bootrom/bootrom_lock.c.obj
 .debug_abbrev  0x00003a75      0x200 CMakeFiles/pwm_led_fade.dir/C_/Users/1/.pico-sdk/sdk/2.0.0/src/rp2_common/hardware_boot_lock/boot_lock.c.obj
 .debug_abbrev  0x00003c75       0x12 CMakeFiles/pwm_led_fade.dir/C_/Users/1/.pico-sdk/sdk/2.0.0/src/rp2_common/pico_double/double_aeabi_dcp.S.obj
 .debug_abbrev  0x00003c87       0xb8 CMakeFiles/pwm_led_fade.dir/C_/Users/1/.pico-sdk/sdk/2.0.0/src/rp2_common/pico_standard_binary_info/standard_binary_info.c.obj
 .debug_abbrev  0x00003d3f      0x38e CMakeFiles/pwm_led_fade.dir/C_/Users/1/.pico-sdk/sdk/2.0.0/src/rp2_common/pico_printf/printf.c.obj
 .debug_abbrev  0x000040cd       0x12 CMakeFiles/pwm_led_fade.dir/C_/Users/1/.pico-sdk/sdk/2.0.0/src/rp2_common/pico_crt0/crt0.S.obj
 .debug_abbrev  0x000040df      0x35f CMakeFiles/pwm_led_fade.dir/C_/Users/1/.pico-sdk/sdk/2.0.0/src/rp2_common/pico_clib_interface/newlib_interface.c.obj
 .debug_abbrev  0x0000443e      0x527 CMakeFiles/pwm_led_fade.dir/C_/Users/1/.pico-sdk/sdk/2.0.0/src/rp2_common/pico_stdio/stdio.c.obj

.debug_loclists
                0x00000000     0x800d
 .debug_loclists
                0x00000000      0x192 CMakeFiles/pwm_led_fade.dir/pwm_led_fade.c.obj
 .debug_loclists
                0x00000192      0xc8b CMakeFiles/pwm_led_fade.dir/C_/Users/1/.pico-sdk/sdk/2.0.0/src/rp2_common/hardware_gpio/gpio.c.obj
 .debug_loclists
                0x00000e1d      0x268 CMakeFiles/pwm_led_fade.dir/C_/Users/1/.pico-sdk/sdk/2.0.0/src/common/hardware_claim/claim.c.obj
 .debug_loclists
                0x00001085       0xe6 CMakeFiles/pwm_led_fade.dir/C_/Users/1/.pico-sdk/sdk/2.0.0/src/rp2_common/hardware_sync/sync.c.obj
 .debug_loclists
                0x0000116b       0xa3 CMakeFiles/pwm_led_fade.dir/C_/Users/1/.pico-sdk/sdk/2.0.0/src/rp2_common/hardware_sync_spin_lock/sync_spin_lock.c.obj
 .debug_loclists
                0x0000120e      0xd77 CMakeFiles/pwm_led_fade.dir/C_/Users/1/.pico-sdk/sdk/2.0.0/src/rp2_common/hardware_irq/irq.c.obj
 .debug_loclists
                0x00001f85       0x17 CMakeFiles/pwm_led_fade.dir/C_/Users/1/.pico-sdk/sdk/2.0.0/src/common/pico_sync/lock_core.c.obj
 .debug_loclists
                0x00001f9c      0xae1 CMakeFiles/pwm_led_fade.dir/C_/Users/1/.pico-sdk/sdk/2.0.0/src/common/pico_sync/mutex.c.obj
 .debug_loclists
                0x00002a7d     0x198d CMakeFiles/pwm_led_fade.dir/C_/Users/1/.pico-sdk/sdk/2.0.0/src/common/pico_time/time.c.obj
 .debug_loclists
                0x0000440a      0xaf7 CMakeFiles/pwm_led_fade.dir/C_/Users/1/.pico-sdk/sdk/2.0.0/src/rp2_common/hardware_timer/timer.c.obj
 .debug_loclists
                0x00004f01      0x849 CMakeFiles/pwm_led_fade.dir/C_/Users/1/.pico-sdk/sdk/2.0.0/src/rp2_common/hardware_clocks/clocks.c.obj
 .debug_loclists
                0x0000574a      0x3d0 CMakeFiles/pwm_led_fade.dir/C_/Users/1/.pico-sdk/sdk/2.0.0/src/rp2_common/hardware_pll/pll.c.obj
 .debug_loclists
                0x00005b1a       0x80 CMakeFiles/pwm_led_fade.dir/C_/Users/1/.pico-sdk/sdk/2.0.0/src/rp2_common/hardware_ticks/ticks.c.obj
 .debug_loclists
                0x00005b9a       0x48 CMakeFiles/pwm_led_fade.dir/C_/Users/1/.pico-sdk/sdk/2.0.0/src/rp2_common/hardware_xosc/xosc.c.obj
 .debug_loclists
                0x00005be2       0x58 CMakeFiles/pwm_led_fade.dir/C_/Users/1/.pico-sdk/sdk/2.0.0/src/rp2_common/pico_runtime/runtime.c.obj
 .debug_loclists
                0x00005c3a      0x10a CMakeFiles/pwm_led_fade.dir/C_/Users/1/.pico-sdk/sdk/2.0.0/src/rp2_common/pico_runtime_init/runtime_init.c.obj
 .debug_loclists
                0x00005d44       0x64 CMakeFiles/pwm_led_fade.dir/C_/Users/1/.pico-sdk/sdk/2.0.0/src/rp2_common/pico_runtime_init/runtime_init_clocks.c.obj
 .debug_loclists
                0x00005da8      0x3c7 CMakeFiles/pwm_led_fade.dir/C_/Users/1/.pico-sdk/sdk/2.0.0/src/rp2_common/pico_bootrom/bootrom.c.obj
 .debug_loclists
                0x0000616f       0x8c CMakeFiles/pwm_led_fade.dir/C_/Users/1/.pico-sdk/sdk/2.0.0/src/rp2_common/hardware_boot_lock/boot_lock.c.obj
 .debug_loclists
                0x000061fb     0x1356 CMakeFiles/pwm_led_fade.dir/C_/Users/1/.pico-sdk/sdk/2.0.0/src/rp2_common/pico_printf/printf.c.obj
 .debug_loclists
                0x00007551      0x435 CMakeFiles/pwm_led_fade.dir/C_/Users/1/.pico-sdk/sdk/2.0.0/src/rp2_common/pico_clib_interface/newlib_interface.c.obj
 .debug_loclists
                0x00007986      0x687 CMakeFiles/pwm_led_fade.dir/C_/Users/1/.pico-sdk/sdk/2.0.0/src/rp2_common/pico_stdio/stdio.c.obj

.debug_aranges  0x00000000      0xb90
 .debug_aranges
                0x00000000       0x40 CMakeFiles/pwm_led_fade.dir/pwm_led_fade.c.obj
 .debug_aranges
                0x00000040      0x128 CMakeFiles/pwm_led_fade.dir/C_/Users/1/.pico-sdk/sdk/2.0.0/src/rp2_common/hardware_gpio/gpio.c.obj
 .debug_aranges
                0x00000168       0x28 CMakeFiles/pwm_led_fade.dir/C_/Users/1/.pico-sdk/sdk/2.0.0/src/rp2_common/pico_platform_panic/panic.c.obj
 .debug_aranges
                0x00000190       0x48 CMakeFiles/pwm_led_fade.dir/C_/Users/1/.pico-sdk/sdk/2.0.0/src/common/hardware_claim/claim.c.obj
 .debug_aranges
                0x000001d8       0x48 CMakeFiles/pwm_led_fade.dir/C_/Users/1/.pico-sdk/sdk/2.0.0/src/rp2_common/hardware_sync/sync.c.obj
 .debug_aranges
                0x00000220       0x30 CMakeFiles/pwm_led_fade.dir/C_/Users/1/.pico-sdk/sdk/2.0.0/src/rp2_common/hardware_sync_spin_lock/sync_spin_lock.c.obj
 .debug_aranges
                0x00000250       0xe0 CMakeFiles/pwm_led_fade.dir/C_/Users/1/.pico-sdk/sdk/2.0.0/src/rp2_common/hardware_irq/irq.c.obj
 .debug_aranges
                0x00000330       0x20 CMakeFiles/pwm_led_fade.dir/C_/Users/1/.pico-sdk/sdk/2.0.0/src/common/pico_sync/lock_core.c.obj
 .debug_aranges
                0x00000350       0x98 CMakeFiles/pwm_led_fade.dir/C_/Users/1/.pico-sdk/sdk/2.0.0/src/common/pico_sync/mutex.c.obj
 .debug_aranges
                0x000003e8      0x118 CMakeFiles/pwm_led_fade.dir/C_/Users/1/.pico-sdk/sdk/2.0.0/src/common/pico_time/time.c.obj
 .debug_aranges
                0x00000500       0xf0 CMakeFiles/pwm_led_fade.dir/C_/Users/1/.pico-sdk/sdk/2.0.0/src/rp2_common/hardware_timer/timer.c.obj
 .debug_aranges
                0x000005f0       0xa0 CMakeFiles/pwm_led_fade.dir/C_/Users/1/.pico-sdk/sdk/2.0.0/src/rp2_common/hardware_clocks/clocks.c.obj
 .debug_aranges
                0x00000690       0x28 CMakeFiles/pwm_led_fade.dir/C_/Users/1/.pico-sdk/sdk/2.0.0/src/rp2_common/hardware_pll/pll.c.obj
 .debug_aranges
                0x000006b8       0x30 CMakeFiles/pwm_led_fade.dir/C_/Users/1/.pico-sdk/sdk/2.0.0/src/rp2_common/hardware_ticks/ticks.c.obj
 .debug_aranges
                0x000006e8       0x30 CMakeFiles/pwm_led_fade.dir/C_/Users/1/.pico-sdk/sdk/2.0.0/src/rp2_common/hardware_xosc/xosc.c.obj
 .debug_aranges
                0x00000718       0x40 CMakeFiles/pwm_led_fade.dir/C_/Users/1/.pico-sdk/sdk/2.0.0/src/rp2_common/pico_runtime/runtime.c.obj
 .debug_aranges
                0x00000758       0x58 CMakeFiles/pwm_led_fade.dir/C_/Users/1/.pico-sdk/sdk/2.0.0/src/rp2_common/pico_runtime_init/runtime_init.c.obj
 .debug_aranges
                0x000007b0       0x28 CMakeFiles/pwm_led_fade.dir/C_/Users/1/.pico-sdk/sdk/2.0.0/src/rp2_common/pico_runtime_init/runtime_init_clocks.c.obj
 .debug_aranges
                0x000007d8       0x50 CMakeFiles/pwm_led_fade.dir/C_/Users/1/.pico-sdk/sdk/2.0.0/src/rp2_common/pico_bootrom/bootrom.c.obj
 .debug_aranges
                0x00000828       0x20 CMakeFiles/pwm_led_fade.dir/C_/Users/1/.pico-sdk/sdk/2.0.0/src/rp2_common/pico_bootrom/bootrom_lock.c.obj
 .debug_aranges
                0x00000848       0x30 CMakeFiles/pwm_led_fade.dir/C_/Users/1/.pico-sdk/sdk/2.0.0/src/rp2_common/hardware_boot_lock/boot_lock.c.obj
 .debug_aranges
                0x00000878       0xd8 CMakeFiles/pwm_led_fade.dir/C_/Users/1/.pico-sdk/sdk/2.0.0/src/rp2_common/pico_double/double_aeabi_dcp.S.obj
 .debug_aranges
                0x00000950       0x18 CMakeFiles/pwm_led_fade.dir/C_/Users/1/.pico-sdk/sdk/2.0.0/src/rp2_common/pico_standard_binary_info/standard_binary_info.c.obj
 .debug_aranges
                0x00000968       0x90 CMakeFiles/pwm_led_fade.dir/C_/Users/1/.pico-sdk/sdk/2.0.0/src/rp2_common/pico_printf/printf.c.obj
 .debug_aranges
                0x000009f8       0x28 CMakeFiles/pwm_led_fade.dir/C_/Users/1/.pico-sdk/sdk/2.0.0/src/rp2_common/pico_crt0/crt0.S.obj
 .debug_aranges
                0x00000a20       0xa0 CMakeFiles/pwm_led_fade.dir/C_/Users/1/.pico-sdk/sdk/2.0.0/src/rp2_common/pico_clib_interface/newlib_interface.c.obj
 .debug_aranges
                0x00000ac0       0xd0 CMakeFiles/pwm_led_fade.dir/C_/Users/1/.pico-sdk/sdk/2.0.0/src/rp2_common/pico_stdio/stdio.c.obj

.debug_rnglists
                0x00000000      0xc50
 .debug_rnglists
                0x00000000       0x2b CMakeFiles/pwm_led_fade.dir/pwm_led_fade.c.obj
 .debug_rnglists
                0x0000002b      0x10a CMakeFiles/pwm_led_fade.dir/C_/Users/1/.pico-sdk/sdk/2.0.0/src/rp2_common/hardware_gpio/gpio.c.obj
 .debug_rnglists
                0x00000135       0x19 CMakeFiles/pwm_led_fade.dir/C_/Users/1/.pico-sdk/sdk/2.0.0/src/rp2_common/pico_platform_panic/panic.c.obj
 .debug_rnglists
                0x0000014e       0x31 CMakeFiles/pwm_led_fade.dir/C_/Users/1/.pico-sdk/sdk/2.0.0/src/common/hardware_claim/claim.c.obj
 .debug_rnglists
                0x0000017f       0x31 CMakeFiles/pwm_led_fade.dir/C_/Users/1/.pico-sdk/sdk/2.0.0/src/rp2_common/hardware_sync/sync.c.obj
 .debug_rnglists
                0x000001b0       0x1f CMakeFiles/pwm_led_fade.dir/C_/Users/1/.pico-sdk/sdk/2.0.0/src/rp2_common/hardware_sync_spin_lock/sync_spin_lock.c.obj
 .debug_rnglists
                0x000001cf       0xf0 CMakeFiles/pwm_led_fade.dir/C_/Users/1/.pico-sdk/sdk/2.0.0/src/rp2_common/hardware_irq/irq.c.obj
 .debug_rnglists
                0x000002bf       0x13 CMakeFiles/pwm_led_fade.dir/C_/Users/1/.pico-sdk/sdk/2.0.0/src/common/pico_sync/lock_core.c.obj
 .debug_rnglists
                0x000002d2      0x12b CMakeFiles/pwm_led_fade.dir/C_/Users/1/.pico-sdk/sdk/2.0.0/src/common/pico_sync/mutex.c.obj
 .debug_rnglists
                0x000003fd      0x21e CMakeFiles/pwm_led_fade.dir/C_/Users/1/.pico-sdk/sdk/2.0.0/src/common/pico_time/time.c.obj
 .debug_rnglists
                0x0000061b       0xca CMakeFiles/pwm_led_fade.dir/C_/Users/1/.pico-sdk/sdk/2.0.0/src/rp2_common/hardware_timer/timer.c.obj
 .debug_rnglists
                0x000006e5       0xe1 CMakeFiles/pwm_led_fade.dir/C_/Users/1/.pico-sdk/sdk/2.0.0/src/rp2_common/hardware_clocks/clocks.c.obj
 .debug_rnglists
                0x000007c6       0x1a CMakeFiles/pwm_led_fade.dir/C_/Users/1/.pico-sdk/sdk/2.0.0/src/rp2_common/hardware_pll/pll.c.obj
 .debug_rnglists
                0x000007e0       0x1f CMakeFiles/pwm_led_fade.dir/C_/Users/1/.pico-sdk/sdk/2.0.0/src/rp2_common/hardware_ticks/ticks.c.obj
 .debug_rnglists
                0x000007ff       0x1f CMakeFiles/pwm_led_fade.dir/C_/Users/1/.pico-sdk/sdk/2.0.0/src/rp2_common/hardware_xosc/xosc.c.obj
 .debug_rnglists
                0x0000081e       0x2b CMakeFiles/pwm_led_fade.dir/C_/Users/1/.pico-sdk/sdk/2.0.0/src/rp2_common/pico_runtime/runtime.c.obj
 .debug_rnglists
                0x00000849       0x3d CMakeFiles/pwm_led_fade.dir/C_/Users/1/.pico-sdk/sdk/2.0.0/src/rp2_common/pico_runtime_init/runtime_init.c.obj
 .debug_rnglists
                0x00000886       0x1a CMakeFiles/pwm_led_fade.dir/C_/Users/1/.pico-sdk/sdk/2.0.0/src/rp2_common/pico_runtime_init/runtime_init_clocks.c.obj
 .debug_rnglists
                0x000008a0       0x74 CMakeFiles/pwm_led_fade.dir/C_/Users/1/.pico-sdk/sdk/2.0.0/src/rp2_common/pico_bootrom/bootrom.c.obj
 .debug_rnglists
                0x00000914       0x13 CMakeFiles/pwm_led_fade.dir/C_/Users/1/.pico-sdk/sdk/2.0.0/src/rp2_common/pico_bootrom/bootrom_lock.c.obj
 .debug_rnglists
                0x00000927       0x1f CMakeFiles/pwm_led_fade.dir/C_/Users/1/.pico-sdk/sdk/2.0.0/src/rp2_common/hardware_boot_lock/boot_lock.c.obj
 .debug_rnglists
                0x00000946       0x9f CMakeFiles/pwm_led_fade.dir/C_/Users/1/.pico-sdk/sdk/2.0.0/src/rp2_common/pico_double/double_aeabi_dcp.S.obj
 .debug_rnglists
                0x000009e5       0xf0 CMakeFiles/pwm_led_fade.dir/C_/Users/1/.pico-sdk/sdk/2.0.0/src/rp2_common/pico_printf/printf.c.obj
 .debug_rnglists
                0x00000ad5       0x1b CMakeFiles/pwm_led_fade.dir/C_/Users/1/.pico-sdk/sdk/2.0.0/src/rp2_common/pico_crt0/crt0.S.obj
 .debug_rnglists
                0x00000af0       0x73 CMakeFiles/pwm_led_fade.dir/C_/Users/1/.pico-sdk/sdk/2.0.0/src/rp2_common/pico_clib_interface/newlib_interface.c.obj
 .debug_rnglists
                0x00000b63       0xed CMakeFiles/pwm_led_fade.dir/C_/Users/1/.pico-sdk/sdk/2.0.0/src/rp2_common/pico_stdio/stdio.c.obj

.debug_line     0x00000000     0xcf9f
 .debug_line    0x00000000      0x608 CMakeFiles/pwm_led_fade.dir/pwm_led_fade.c.obj
 .debug_line    0x00000608      0xdd0 CMakeFiles/pwm_led_fade.dir/C_/Users/1/.pico-sdk/sdk/2.0.0/src/rp2_common/hardware_gpio/gpio.c.obj
 .debug_line    0x000013d8      0x209 CMakeFiles/pwm_led_fade.dir/C_/Users/1/.pico-sdk/sdk/2.0.0/src/rp2_common/pico_platform_panic/panic.c.obj
 .debug_line    0x000015e1      0x560 CMakeFiles/pwm_led_fade.dir/C_/Users/1/.pico-sdk/sdk/2.0.0/src/common/hardware_claim/claim.c.obj
 .debug_line    0x00001b41      0x39a CMakeFiles/pwm_led_fade.dir/C_/Users/1/.pico-sdk/sdk/2.0.0/src/rp2_common/hardware_sync/sync.c.obj
 .debug_line    0x00001edb      0x3ba CMakeFiles/pwm_led_fade.dir/C_/Users/1/.pico-sdk/sdk/2.0.0/src/rp2_common/hardware_sync_spin_lock/sync_spin_lock.c.obj
 .debug_line    0x00002295     0x1199 CMakeFiles/pwm_led_fade.dir/C_/Users/1/.pico-sdk/sdk/2.0.0/src/rp2_common/hardware_irq/irq.c.obj
 .debug_line    0x0000342e      0x24e CMakeFiles/pwm_led_fade.dir/C_/Users/1/.pico-sdk/sdk/2.0.0/src/common/pico_sync/lock_core.c.obj
 .debug_line    0x0000367c     0x1019 CMakeFiles/pwm_led_fade.dir/C_/Users/1/.pico-sdk/sdk/2.0.0/src/common/pico_sync/mutex.c.obj
 .debug_line    0x00004695     0x1cee CMakeFiles/pwm_led_fade.dir/C_/Users/1/.pico-sdk/sdk/2.0.0/src/common/pico_time/time.c.obj
 .debug_line    0x00006383      0xf49 CMakeFiles/pwm_led_fade.dir/C_/Users/1/.pico-sdk/sdk/2.0.0/src/rp2_common/hardware_timer/timer.c.obj
 .debug_line    0x000072cc      0xb38 CMakeFiles/pwm_led_fade.dir/C_/Users/1/.pico-sdk/sdk/2.0.0/src/rp2_common/hardware_clocks/clocks.c.obj
 .debug_line    0x00007e04      0x53a CMakeFiles/pwm_led_fade.dir/C_/Users/1/.pico-sdk/sdk/2.0.0/src/rp2_common/hardware_pll/pll.c.obj
 .debug_line    0x0000833e      0x2f2 CMakeFiles/pwm_led_fade.dir/C_/Users/1/.pico-sdk/sdk/2.0.0/src/rp2_common/hardware_ticks/ticks.c.obj
 .debug_line    0x00008630      0x32c CMakeFiles/pwm_led_fade.dir/C_/Users/1/.pico-sdk/sdk/2.0.0/src/rp2_common/hardware_xosc/xosc.c.obj
 .debug_line    0x0000895c      0x26a CMakeFiles/pwm_led_fade.dir/C_/Users/1/.pico-sdk/sdk/2.0.0/src/rp2_common/pico_runtime/runtime.c.obj
 .debug_line    0x00008bc6      0x570 CMakeFiles/pwm_led_fade.dir/C_/Users/1/.pico-sdk/sdk/2.0.0/src/rp2_common/pico_runtime_init/runtime_init.c.obj
 .debug_line    0x00009136      0x524 CMakeFiles/pwm_led_fade.dir/C_/Users/1/.pico-sdk/sdk/2.0.0/src/rp2_common/pico_runtime_init/runtime_init_clocks.c.obj
 .debug_line    0x0000965a      0x62b CMakeFiles/pwm_led_fade.dir/C_/Users/1/.pico-sdk/sdk/2.0.0/src/rp2_common/pico_bootrom/bootrom.c.obj
 .debug_line    0x00009c85      0x370 CMakeFiles/pwm_led_fade.dir/C_/Users/1/.pico-sdk/sdk/2.0.0/src/rp2_common/pico_bootrom/bootrom_lock.c.obj
 .debug_line    0x00009ff5      0x3c2 CMakeFiles/pwm_led_fade.dir/C_/Users/1/.pico-sdk/sdk/2.0.0/src/rp2_common/hardware_boot_lock/boot_lock.c.obj
 .debug_line    0x0000a3b7      0x21c CMakeFiles/pwm_led_fade.dir/C_/Users/1/.pico-sdk/sdk/2.0.0/src/rp2_common/pico_double/double_aeabi_dcp.S.obj
 .debug_line    0x0000a5d3      0x1e1 CMakeFiles/pwm_led_fade.dir/C_/Users/1/.pico-sdk/sdk/2.0.0/src/rp2_common/pico_standard_binary_info/standard_binary_info.c.obj
 .debug_line    0x0000a7b4     0x1285 CMakeFiles/pwm_led_fade.dir/C_/Users/1/.pico-sdk/sdk/2.0.0/src/rp2_common/pico_printf/printf.c.obj
 .debug_line    0x0000ba39       0xa0 CMakeFiles/pwm_led_fade.dir/C_/Users/1/.pico-sdk/sdk/2.0.0/src/rp2_common/pico_crt0/crt0.S.obj
 .debug_line    0x0000bad9      0x7b2 CMakeFiles/pwm_led_fade.dir/C_/Users/1/.pico-sdk/sdk/2.0.0/src/rp2_common/pico_clib_interface/newlib_interface.c.obj
 .debug_line    0x0000c28b      0xd14 CMakeFiles/pwm_led_fade.dir/C_/Users/1/.pico-sdk/sdk/2.0.0/src/rp2_common/pico_stdio/stdio.c.obj

.debug_str      0x00000000     0x4e0c
 .debug_str     0x00000000     0x4e0c CMakeFiles/pwm_led_fade.dir/pwm_led_fade.c.obj
                                0x913 (size before relaxing)
 .debug_str     0x00004e0c      0xd22 CMakeFiles/pwm_led_fade.dir/C_/Users/1/.pico-sdk/sdk/2.0.0/src/rp2_common/hardware_gpio/gpio.c.obj
 .debug_str     0x00004e0c      0x208 CMakeFiles/pwm_led_fade.dir/C_/Users/1/.pico-sdk/sdk/2.0.0/src/rp2_common/pico_platform_panic/panic.c.obj
 .debug_str     0x00004e0c      0x3a0 CMakeFiles/pwm_led_fade.dir/C_/Users/1/.pico-sdk/sdk/2.0.0/src/common/hardware_claim/claim.c.obj
 .debug_str     0x00004e0c      0x33d CMakeFiles/pwm_led_fade.dir/C_/Users/1/.pico-sdk/sdk/2.0.0/src/rp2_common/hardware_sync/sync.c.obj
 .debug_str     0x00004e0c      0xbfd CMakeFiles/pwm_led_fade.dir/C_/Users/1/.pico-sdk/sdk/2.0.0/src/rp2_common/hardware_sync_spin_lock/sync_spin_lock.c.obj
 .debug_str     0x00004e0c      0xc28 CMakeFiles/pwm_led_fade.dir/C_/Users/1/.pico-sdk/sdk/2.0.0/src/rp2_common/hardware_irq/irq.c.obj
 .debug_str     0x00004e0c      0x234 CMakeFiles/pwm_led_fade.dir/C_/Users/1/.pico-sdk/sdk/2.0.0/src/common/pico_sync/lock_core.c.obj
 .debug_str     0x00004e0c      0x916 CMakeFiles/pwm_led_fade.dir/C_/Users/1/.pico-sdk/sdk/2.0.0/src/common/pico_sync/mutex.c.obj
 .debug_str     0x00004e0c     0x12e9 CMakeFiles/pwm_led_fade.dir/C_/Users/1/.pico-sdk/sdk/2.0.0/src/common/pico_time/time.c.obj
 .debug_str     0x00004e0c      0xbcb CMakeFiles/pwm_led_fade.dir/C_/Users/1/.pico-sdk/sdk/2.0.0/src/rp2_common/hardware_timer/timer.c.obj
 .debug_str     0x00004e0c      0xb79 CMakeFiles/pwm_led_fade.dir/C_/Users/1/.pico-sdk/sdk/2.0.0/src/rp2_common/hardware_clocks/clocks.c.obj
 .debug_str     0x00004e0c      0x4c9 CMakeFiles/pwm_led_fade.dir/C_/Users/1/.pico-sdk/sdk/2.0.0/src/rp2_common/hardware_pll/pll.c.obj
 .debug_str     0x00004e0c      0x2e8 CMakeFiles/pwm_led_fade.dir/C_/Users/1/.pico-sdk/sdk/2.0.0/src/rp2_common/hardware_ticks/ticks.c.obj