Archive member included to satisfy reference by file (symbol)

C:/Users/1/.pico-sdk/toolchain/13_2_Rel1/bin/../lib/gcc/arm-none-eabi/13.2.1/thumb/v8-m.main+fp/softfp\libm.a(libm_a-wf_sqrt.o)
                              CMakeFiles/hello_pwm.dir/C_/Users/1/.pico-sdk/sdk/2.0.0/src/rp2_common/pico_float/float_math.c.obj (sqrtf)
C:/Users/1/.pico-sdk/toolchain/13_2_Rel1/bin/../lib/gcc/arm-none-eabi/13.2.1/thumb/v8-m.main+fp/softfp\libm.a(libm_a-ef_sqrt.o)
                              C:/Users/1/.pico-sdk/toolchain/13_2_Rel1/bin/../lib/gcc/arm-none-eabi/13.2.1/thumb/v8-m.main+fp/softfp\libm.a(libm_a-wf_sqrt.o) (__ieee754_sqrtf)
C:/Users/1/.pico-sdk/toolchain/13_2_Rel1/bin/../lib/gcc/arm-none-eabi/13.2.1/thumb/v8-m.main+fp/softfp\libgcc.a(_arm_addsubdf3.o)
                              CMakeFiles/hello_pwm.dir/C_/Users/1/.pico-sdk/sdk/2.0.0/src/rp2_common/pico_float/float_math.c.obj (__aeabi_f2d)
C:/Users/1/.pico-sdk/toolchain/13_2_Rel1/bin/../lib/gcc/arm-none-eabi/13.2.1/thumb/v8-m.main+fp/softfp\libgcc.a(_aeabi_ldivmod.o)
                              CMakeFiles/hello_pwm.dir/C_/Users/1/.pico-sdk/sdk/2.0.0/src/common/pico_time/time.c.obj (__aeabi_ldivmod)
C:/Users/1/.pico-sdk/toolchain/13_2_Rel1/bin/../lib/gcc/arm-none-eabi/13.2.1/thumb/v8-m.main+fp/softfp\libgcc.a(_aeabi_uldivmod.o)
                              CMakeFiles/hello_pwm.dir/C_/Users/1/.pico-sdk/sdk/2.0.0/src/rp2_common/hardware_clocks/clocks.c.obj (__aeabi_uldivmod)
C:/Users/1/.pico-sdk/toolchain/13_2_Rel1/bin/../lib/gcc/arm-none-eabi/13.2.1/thumb/v8-m.main+fp/softfp\libgcc.a(_udivmoddi4.o)
                              C:/Users/1/.pico-sdk/toolchain/13_2_Rel1/bin/../lib/gcc/arm-none-eabi/13.2.1/thumb/v8-m.main+fp/softfp\libgcc.a(_aeabi_ldivmod.o) (__udivmoddi4)
C:/Users/1/.pico-sdk/toolchain/13_2_Rel1/bin/../lib/gcc/arm-none-eabi/13.2.1/thumb/v8-m.main+fp/softfp\libgcc.a(_dvmd_tls.o)
                              C:/Users/1/.pico-sdk/toolchain/13_2_Rel1/bin/../lib/gcc/arm-none-eabi/13.2.1/thumb/v8-m.main+fp/softfp\libgcc.a(_aeabi_ldivmod.o) (__aeabi_ldiv0)
C:/Users/1/.pico-sdk/toolchain/13_2_Rel1/bin/../lib/gcc/arm-none-eabi/13.2.1/thumb/v8-m.main+fp/softfp\libg.a(libc_a-calloc.o)
                              CMakeFiles/hello_pwm.dir/C_/Users/1/.pico-sdk/sdk/2.0.0/src/rp2_common/pico_malloc/malloc.c.obj (calloc)
C:/Users/1/.pico-sdk/toolchain/13_2_Rel1/bin/../lib/gcc/arm-none-eabi/13.2.1/thumb/v8-m.main+fp/softfp\libg.a(libc_a-callocr.o)
                              C:/Users/1/.pico-sdk/toolchain/13_2_Rel1/bin/../lib/gcc/arm-none-eabi/13.2.1/thumb/v8-m.main+fp/softfp\libg.a(libc_a-calloc.o) (_calloc_r)
C:/Users/1/.pico-sdk/toolchain/13_2_Rel1/bin/../lib/gcc/arm-none-eabi/13.2.1/thumb/v8-m.main+fp/softfp\libg.a(libc_a-malloc.o)
                              CMakeFiles/hello_pwm.dir/C_/Users/1/.pico-sdk/sdk/2.0.0/src/rp2_common/pico_malloc/malloc.c.obj (malloc)
C:/Users/1/.pico-sdk/toolchain/13_2_Rel1/bin/../lib/gcc/arm-none-eabi/13.2.1/thumb/v8-m.main+fp/softfp\libg.a(libc_a-mallocr.o)
                              C:/Users/1/.pico-sdk/toolchain/13_2_Rel1/bin/../lib/gcc/arm-none-eabi/13.2.1/thumb/v8-m.main+fp/softfp\libg.a(libc_a-callocr.o) (_malloc_r)
C:/Users/1/.pico-sdk/toolchain/13_2_Rel1/bin/../lib/gcc/arm-none-eabi/13.2.1/thumb/v8-m.main+fp/softfp\libg.a(libc_a-mlock.o)
                              C:/Users/1/.pico-sdk/toolchain/13_2_Rel1/bin/../lib/gcc/arm-none-eabi/13.2.1/thumb/v8-m.main+fp/softfp\libg.a(libc_a-mallocr.o) (__malloc_lock)
C:/Users/1/.pico-sdk/toolchain/13_2_Rel1/bin/../lib/gcc/arm-none-eabi/13.2.1/thumb/v8-m.main+fp/softfp\libg.a(libc_a-realloc.o)
                              CMakeFiles/hello_pwm.dir/C_/Users/1/.pico-sdk/sdk/2.0.0/src/rp2_common/pico_malloc/malloc.c.obj (realloc)
C:/Users/1/.pico-sdk/toolchain/13_2_Rel1/bin/../lib/gcc/arm-none-eabi/13.2.1/thumb/v8-m.main+fp/softfp\libg.a(libc_a-reallocr.o)
                              C:/Users/1/.pico-sdk/toolchain/13_2_Rel1/bin/../lib/gcc/arm-none-eabi/13.2.1/thumb/v8-m.main+fp/softfp\libg.a(libc_a-realloc.o) (_realloc_r)
C:/Users/1/.pico-sdk/toolchain/13_2_Rel1/bin/../lib/gcc/arm-none-eabi/13.2.1/thumb/v8-m.main+fp/softfp\libg.a(libc_a-memcmp.o)
                              CMakeFiles/hello_pwm.dir/C_/Users/1/.pico-sdk/sdk/2.0.0/src/rp2_common/pico_atomic/atomic.c.obj (memcmp)
C:/Users/1/.pico-sdk/toolchain/13_2_Rel1/bin/../lib/gcc/arm-none-eabi/13.2.1/thumb/v8-m.main+fp/softfp\libg.a(libc_a-memmove.o)
                              C:/Users/1/.pico-sdk/toolchain/13_2_Rel1/bin/../lib/gcc/arm-none-eabi/13.2.1/thumb/v8-m.main+fp/softfp\libg.a(libc_a-reallocr.o) (memmove)
C:/Users/1/.pico-sdk/toolchain/13_2_Rel1/bin/../lib/gcc/arm-none-eabi/13.2.1/thumb/v8-m.main+fp/softfp\libg.a(libc_a-memset.o)
                              C:/Users/1/.pico-sdk/toolchain/13_2_Rel1/bin/../lib/gcc/arm-none-eabi/13.2.1/thumb/v8-m.main+fp/softfp/crt0.o (memset)
C:/Users/1/.pico-sdk/toolchain/13_2_Rel1/bin/../lib/gcc/arm-none-eabi/13.2.1/thumb/v8-m.main+fp/softfp\libg.a(libc_a-impure.o)
[...]
Memory Configuration

Name             Origin             Length             Attributes
FLASH            0x10000000         0x00400000         xr
RAM              0x20000000         0x00080000         xrw
SCRATCH_X        0x20080000         0x00001000         xrw
SCRATCH_Y        0x20081000         0x00001000         xrw
*default*        0x00000000         0xffffffff

Linker script and memory map

LOAD C:/Users/1/.pico-sdk/toolchain/13_2_Rel1/bin/../lib/gcc/arm-none-eabi/13.2.1/thumb/v8-m.main+fp/softfp/crti.o
LOAD C:/Users/1/.pico-sdk/toolchain/13_2_Rel1/bin/../lib/gcc/arm-none-eabi/13.2.1/thumb/v8-m.main+fp/softfp/crtbegin.o
LOAD C:/Users/1/.pico-sdk/toolchain/13_2_Rel1/bin/../lib/gcc/arm-none-eabi/13.2.1/thumb/v8-m.main+fp/softfp/crt0.o

.flash_begin    0x10000000        0x0
                0x10000000                        __flash_binary_start = .

.text           0x10000000     0x2ae4
                0x10000000                        __logical_binary_start = .
 *(.vectors)
 .vectors       0x10000000      0x124 CMakeFiles/hello_pwm.dir/C_/Users/1/.pico-sdk/sdk/2.0.0/src/rp2_common/pico_crt0/crt0.S.obj
                0x10000000                __VECTOR_TABLE
                0x10000000                __vectors
                0x10000110                __default_isrs_start
                0x10000110                isr_invalid
                0x10000112                isr_nmi
                0x10000114                isr_hardfault
                0x10000116                isr_svcall
                0x10000118                isr_pendsv
                0x1000011a                isr_systick
                0x1000011c                isr_irq31
                0x1000011c                isr_irq5
                0x1000011c                isr_irq11
                0x1000011c                isr_irq32
                0x1000011c                isr_irq23
                0x1000011c                isr_irq48
                0x1000011c                isr_irq35
                0x1000011c                isr_irq18
                0x1000011c                isr_irq50
                0x1000011c                isr_irq27
                0x1000011c                isr_irq40
                0x1000011c                isr_irq28
                0x1000011c                isr_irq19
                0x1000011c                isr_irq36
                0x1000011c                isr_irq41
                0x1000011c                isr_irq0
                0x1000011c                isr_irq6
                0x1000011c                isr_irq45
                0x1000011c                isr_irq12
                0x1000011c                isr_irq37
                0x1000011c                isr_irq42
                0x1000011c                isr_irq22
                0x1000011c                isr_irq43
                0x1000011c                isr_irq17
                0x1000011c                isr_irq38
                0x1000011c                isr_irq14
                0x1000011c                isr_irq13
                0x1000011c                isr_irq2
                0x1000011c                isr_irq10
                0x1000011c                isr_irq8
                0x1000011c                isr_irq24
                0x1000011c                isr_irq46
                0x1000011c                isr_irq1
                0x1000011c                isr_irq47
                0x1000011c                isr_irq51
                0x1000011c                isr_irq7
                0x1000011c                isr_irq21
                0x1000011c                isr_irq39
                0x1000011c                isr_irq20
                0x1000011c                isr_irq15
                0x1000011c                isr_irq25
                0x1000011c                isr_irq34
                0x1000011c                isr_irq49
                0x1000011c                __unhandled_user_irq
                0x1000011c                isr_irq4
                0x1000011c                isr_irq16
                0x1000011c                isr_irq44
                0x1000011c                isr_irq29
                0x1000011c                isr_irq26
                0x1000011c                __default_isrs_end
                0x1000011c                isr_irq33
                0x1000011c                isr_irq3
                0x1000011c                isr_irq30
                0x1000011c                isr_irq9
                0x10000122                unhandled_user_irq_num_in_r0
 *(.binary_info_header)
 .binary_info_header
                0x10000124       0x14 CMakeFiles/hello_pwm.dir/C_/Users/1/.pico-sdk/sdk/2.0.0/src/rp2_common/pico_crt0/crt0.S.obj
                0x10000138                        __binary_info_header_end = .
 *(.embedded_block)
 .embedded_block
                0x10000138       0x14 CMakeFiles/hello_pwm.dir/C_/Users/1/.pico-sdk/sdk/2.0.0/src/rp2_common/pico_crt0/crt0.S.obj
                0x1000014c                        __embedded_block_end = .
 *(.reset)
 .reset         0x1000014c       0xa0 CMakeFiles/hello_pwm.dir/C_/Users/1/.pico-sdk/sdk/2.0.0/src/rp2_common/pico_crt0/crt0.S.obj
                0x1000014c                _entry_point
 *(.init)
 .init          0x100001ec        0x4 C:/Users/1/.pico-sdk/toolchain/13_2_Rel1/bin/../lib/gcc/arm-none-eabi/13.2.1/thumb/v8-m.main+fp/softfp/crti.o
                0x100001ec                _init
 *libgcc.a:cmse_nonsecure_call.o()
 *(EXCLUDE_FILE(*libm.a: *libc.a:*lib_a-mem*.o *libgcc.a:) .text*)
 .text.register_tm_clones
                0x100001f0       0x28 C:/Users/1/.pico-sdk/toolchain/13_2_Rel1/bin/../lib/gcc/arm-none-eabi/13.2.1/thumb/v8-m.main+fp/softfp/crtbegin.o
 .text.frame_dummy
                0x10000218       0x24 C:/Users/1/.pico-sdk/toolchain/13_2_Rel1/bin/../lib/gcc/arm-none-eabi/13.2.1/thumb/v8-m.main+fp/softfp/crtbegin.o
 .text.pwm_set_chan_level
                0x1000023c       0x34 CMakeFiles/hello_pwm.dir/hello_pwm.c.obj
 .text.main     0x10000270       0x4c CMakeFiles/hello_pwm.dir/hello_pwm.c.obj
                0x10000270                main
 .text.gpio_set_function
                0x100002bc       0x38 CMakeFiles/hello_pwm.dir/C_/Users/1/.pico-sdk/sdk/2.0.0/src/rp2_common/hardware_gpio/gpio.c.obj
                0x100002bc                gpio_set_function
 .text.panic    0x100002f4       0x30 CMakeFiles/hello_pwm.dir/C_/Users/1/.pico-sdk/sdk/2.0.0/src/rp2_common/pico_platform_panic/panic.c.obj
                0x100002f4                panic
 .text.hw_claim_lock
                0x10000324       0x24 CMakeFiles/hello_pwm.dir/C_/Users/1/.pico-sdk/sdk/2.0.0/src/common/hardware_claim/claim.c.obj
                0x10000324                hw_claim_lock
 .text.hw_claim_unlock
                0x10000348       0x14 CMakeFiles/hello_pwm.dir/C_/Users/1/.pico-sdk/sdk/2.0.0/src/common/hardware_claim/claim.c.obj
                0x10000348                hw_claim_unlock
 .text.hw_claim_or_assert
                0x1000035c       0x32 CMakeFiles/hello_pwm.dir/C_/Users/1/.pico-sdk/sdk/2.0.0/src/common/hardware_claim/claim.c.obj
                0x1000035c                hw_claim_or_assert
 *fill*         0x1000038e        0x2 
 .text.next_striped_spin_lock_num
                0x10000390       0x1c CMakeFiles/hello_pwm.dir/C_/Users/1/.pico-sdk/sdk/2.0.0/src/rp2_common/hardware_sync/sync.c.obj
                0x10000390                next_striped_spin_lock_num
 .text.spinlock_set_extexclall
                0x100003ac        0xe CMakeFiles/hello_pwm.dir/C_/Users/1/.pico-sdk/sdk/2.0.0/src/rp2_common/hardware_sync_spin_lock/sync_spin_lock.c.obj
 *fill*         0x100003ba        0x2 
 .text.spin_locks_reset
                0x100003bc       0x1c CMakeFiles/hello_pwm.dir/C_/Users/1/.pico-sdk/sdk/2.0.0/src/rp2_common/hardware_sync_spin_lock/sync_spin_lock.c.obj
                0x100003bc                spin_locks_reset
 .text.set_raw_irq_handler_and_unlock
                0x100003d8       0x24 CMakeFiles/hello_pwm.dir/C_/Users/1/.pico-sdk/sdk/2.0.0/src/rp2_common/hardware_irq/irq.c.obj
 .text.nvic_ipr0
                0x100003fc        0x8 CMakeFiles/hello_pwm.dir/C_/Users/1/.pico-sdk/sdk/2.0.0/src/rp2_common/hardware_irq/irq.c.obj
 .text.runtime_init_per_core_irq_priorities
                0x10000404       0x1a CMakeFiles/hello_pwm.dir/C_/Users/1/.pico-sdk/sdk/2.0.0/src/rp2_common/hardware_irq/irq.c.obj
                0x10000404                runtime_init_per_core_irq_priorities
 *fill*         0x1000041e        0x2 
 .text.irq_set_mask_n_enabled
                0x10000420       0x20 CMakeFiles/hello_pwm.dir/C_/Users/1/.pico-sdk/sdk/2.0.0/src/rp2_common/hardware_irq/irq.c.obj
                0x10000420                irq_set_mask_n_enabled
 .text.irq_set_enabled
                0x10000440       0x14 CMakeFiles/hello_pwm.dir/C_/Users/1/.pico-sdk/sdk/2.0.0/src/rp2_common/hardware_irq/irq.c.obj
                0x10000440                irq_set_enabled
 .text.irq_get_vtable_handler
                0x10000454       0x10 CMakeFiles/hello_pwm.dir/C_/Users/1/.pico-sdk/sdk/2.0.0/src/rp2_common/hardware_irq/irq.c.obj
                0x10000454                irq_get_vtable_handler
 .text.irq_set_exclusive_handler
                0x10000464       0x60 CMakeFiles/hello_pwm.dir/C_/Users/1/.pico-sdk/sdk/2.0.0/src/rp2_common/hardware_irq/irq.c.obj
                0x10000464                irq_set_exclusive_handler
 .text.lock_init
                0x100004c4        0xc CMakeFiles/hello_pwm.dir/C_/Users/1/.pico-sdk/sdk/2.0.0/src/common/pico_sync/lock_core.c.obj
                0x100004c4                lock_init
 .text.mutex_init
                0x100004d0       0x1a CMakeFiles/hello_pwm.dir/C_/Users/1/.pico-sdk/sdk/2.0.0/src/common/pico_sync/mutex.c.obj
                0x100004d0                mutex_init
 .text.recursive_mutex_init
                0x100004ea       0x1e CMakeFiles/hello_pwm.dir/C_/Users/1/.pico-sdk/sdk/2.0.0/src/common/pico_sync/mutex.c.obj
                0x100004ea                recursive_mutex_init
 .text.runtime_init_mutex
                0x10000508       0x4c CMakeFiles/hello_pwm.dir/C_/Users/1/.pico-sdk/sdk/2.0.0/src/common/pico_sync/mutex.c.obj
                0x10000508                runtime_init_mutex
 .text.ta_from_current_irq
                0x10000554       0x24 CMakeFiles/hello_pwm.dir/C_/Users/1/.pico-sdk/sdk/2.0.0/src/common/pico_time/time.c.obj
 .text.make_alarm_id
                0x10000578        0x6 CMakeFiles/hello_pwm.dir/C_/Users/1/.pico-sdk/sdk/2.0.0/src/common/pico_time/time.c.obj
 *fill*         0x1000057e        0x2 
 .text.sleep_until_callback
                0x10000580       0x3c CMakeFiles/hello_pwm.dir/C_/Users/1/.pico-sdk/sdk/2.0.0/src/common/pico_time/time.c.obj
 .text.alarm_pool_irq_handler
                0x100005bc      0x2c0 CMakeFiles/hello_pwm.dir/C_/Users/1/.pico-sdk/sdk/2.0.0/src/common/pico_time/time.c.obj
 .text.ta_enable_irq_handler
                0x1000087c       0x38 CMakeFiles/hello_pwm.dir/C_/Users/1/.pico-sdk/sdk/2.0.0/src/common/pico_time/time.c.obj
 .text.alarm_pool_post_alloc_init
                0x100008b4       0x7c CMakeFiles/hello_pwm.dir/C_/Users/1/.pico-sdk/sdk/2.0.0/src/common/pico_time/time.c.obj
 .text.alarm_pool_get_default
                0x10000930       0x28 CMakeFiles/hello_pwm.dir/C_/Users/1/.pico-sdk/sdk/2.0.0/src/common/pico_time/time.c.obj
                0x10000930                alarm_pool_get_default
 .text.alarm_pool_add_alarm_at_force_in_context
                0x10000958       0xc0 CMakeFiles/hello_pwm.dir/C_/Users/1/.pico-sdk/sdk/2.0.0/src/common/pico_time/time.c.obj
                0x10000958                alarm_pool_add_alarm_at_force_in_context
 .text.alarm_pool_add_alarm_at
                0x10000a18       0x38 CMakeFiles/hello_pwm.dir/C_/Users/1/.pico-sdk/sdk/2.0.0/src/common/pico_time/time.c.obj
                0x10000a18                alarm_pool_add_alarm_at
 .text.add_alarm_at
                0x10000a50       0x26 CMakeFiles/hello_pwm.dir/C_/Users/1/.pico-sdk/sdk/2.0.0/src/common/pico_time/time.c.obj
 .text.alarm_pool_cancel_alarm
                0x10000a76       0x72 CMakeFiles/hello_pwm.dir/C_/Users/1/.pico-sdk/sdk/2.0.0/src/common/pico_time/time.c.obj
                0x10000a76                alarm_pool_cancel_alarm
 .text.cancel_alarm
                0x10000ae8       0x10 CMakeFiles/hello_pwm.dir/C_/Users/1/.pico-sdk/sdk/2.0.0/src/common/pico_time/time.c.obj
 .text.sleep_until
                0x10000af8       0xc4 CMakeFiles/hello_pwm.dir/C_/Users/1/.pico-sdk/sdk/2.0.0/src/common/pico_time/time.c.obj
                0x10000af8                sleep_until
 .text.sleep_us
                0x10000bbc       0x24 CMakeFiles/hello_pwm.dir/C_/Users/1/.pico-sdk/sdk/2.0.0/src/common/pico_time/time.c.obj
                0x10000bbc                sleep_us
 .text.best_effort_wfe_or_timeout
                0x10000be0       0xc4 CMakeFiles/hello_pwm.dir/C_/Users/1/.pico-sdk/sdk/2.0.0/src/common/pico_time/time.c.obj
                0x10000be0                best_effort_wfe_or_timeout
 .text.alarm_pool_get_default_timer
                0x10000ca4        0x8 CMakeFiles/hello_pwm.dir/C_/Users/1/.pico-sdk/sdk/2.0.0/src/common/pico_time/time.c.obj
                0x10000ca4                alarm_pool_get_default_timer
 .text.runtime_init_default_alarm_pool
                0x10000cac       0x34 CMakeFiles/hello_pwm.dir/C_/Users/1/.pico-sdk/sdk/2.0.0/src/common/pico_time/time.c.obj
                0x10000cac                runtime_init_default_alarm_pool
 .text.timer_hardware_alarm_claim
                0x10000ce0       0x24 CMakeFiles/hello_pwm.dir/C_/Users/1/.pico-sdk/sdk/2.0.0/src/rp2_common/hardware_timer/timer.c.obj
                0x10000ce0                timer_hardware_alarm_claim
 .text.timer_time_us_64
                0x10000d04       0x10 CMakeFiles/hello_pwm.dir/C_/Users/1/.pico-sdk/sdk/2.0.0/src/rp2_common/hardware_timer/timer.c.obj
                0x10000d04                timer_time_us_64
 .text.timer_busy_wait_until
                0x10000d14       0x1a CMakeFiles/hello_pwm.dir/C_/Users/1/.pico-sdk/sdk/2.0.0/src/rp2_common/hardware_timer/timer.c.obj
                0x10000d14                timer_busy_wait_until
 *fill*         0x10000d2e        0x2 
 .text.time_us_64
                0x10000d30       0x10 CMakeFiles/hello_pwm.dir/C_/Users/1/.pico-sdk/sdk/2.0.0/src/rp2_common/hardware_timer/timer.c.obj
                0x10000d30                time_us_64
 .text.busy_wait_until
                0x10000d40       0x14 CMakeFiles/hello_pwm.dir/C_/Users/1/.pico-sdk/sdk/2.0.0/src/rp2_common/hardware_timer/timer.c.obj
                0x10000d40                busy_wait_until
 .text.clock_configure_internal
                0x10000d54       0xb8 CMakeFiles/hello_pwm.dir/C_/Users/1/.pico-sdk/sdk/2.0.0/src/rp2_common/hardware_clocks/clocks.c.obj
 .text.clock_configure_undivided
                0x10000e0c       0x12 CMakeFiles/hello_pwm.dir/C_/Users/1/.pico-sdk/sdk/2.0.0/src/rp2_common/hardware_clocks/clocks.c.obj
                0x10000e0c                clock_configure_undivided
 *fill*         0x10000e1e        0x2 
 .text.clock_get_hz
                0x10000e20        0xc CMakeFiles/hello_pwm.dir/C_/Users/1/.pico-sdk/sdk/2.0.0/src/rp2_common/hardware_clocks/clocks.c.obj
                0x10000e20                clock_get_hz
 .text.pll_init
                0x10000e2c      0x108 CMakeFiles/hello_pwm.dir/C_/Users/1/.pico-sdk/sdk/2.0.0/src/rp2_common/hardware_pll/pll.c.obj
                0x10000e2c                pll_init
 .text.tick_start
                0x10000f34       0x1c CMakeFiles/hello_pwm.dir/C_/Users/1/.pico-sdk/sdk/2.0.0/src/rp2_common/hardware_ticks/ticks.c.obj
                0x10000f34                tick_start
 .text.xosc_init
                0x10000f50       0x28 CMakeFiles/hello_pwm.dir/C_/Users/1/.pico-sdk/sdk/2.0.0/src/rp2_common/hardware_xosc/xosc.c.obj
                0x10000f50                xosc_init
 .text.runtime_run_initializers_from
                0x10000f78       0x18 CMakeFiles/hello_pwm.dir/C_/Users/1/.pico-sdk/sdk/2.0.0/src/rp2_common/pico_runtime/runtime.c.obj
 .text.first_per_core_initializer
                0x10000f90        0x2 CMakeFiles/hello_pwm.dir/C_/Users/1/.pico-sdk/sdk/2.0.0/src/rp2_common/pico_runtime/runtime.c.obj
 *fill*         0x10000f92        0x2 
 .text.runtime_run_initializers
                0x10000f94       0x10 CMakeFiles/hello_pwm.dir/C_/Users/1/.pico-sdk/sdk/2.0.0/src/rp2_common/pico_runtime/runtime.c.obj
                0x10000f94                runtime_run_initializers
 .text.runtime_init_early_resets
                0x10000fa4       0x2c CMakeFiles/hello_pwm.dir/C_/Users/1/.pico-sdk/sdk/2.0.0/src/rp2_common/pico_runtime_init/runtime_init.c.obj
                0x10000fa4                runtime_init_early_resets
 .text.runtime_init_usb_power_down
                0x10000fd0       0x20 CMakeFiles/hello_pwm.dir/C_/Users/1/.pico-sdk/sdk/2.0.0/src/rp2_common/pico_runtime_init/runtime_init.c.obj
                0x10000fd0                runtime_init_usb_power_down
 .text.runtime_init_per_core_enable_coprocessors
                0x10000ff0       0x1c CMakeFiles/hello_pwm.dir/C_/Users/1/.pico-sdk/sdk/2.0.0/src/rp2_common/pico_runtime_init/runtime_init.c.obj
                0x10000ff0                runtime_init_per_core_enable_coprocessors
 .text.runtime_init_post_clock_resets
                0x1000100c       0x20 CMakeFiles/hello_pwm.dir/C_/Users/1/.pico-sdk/sdk/2.0.0/src/rp2_common/pico_runtime_init/runtime_init.c.obj
                0x1000100c                runtime_init_post_clock_resets
 .text.runtime_init_bootrom_reset
                0x1000102c       0x12 CMakeFiles/hello_pwm.dir/C_/Users/1/.pico-sdk/sdk/2.0.0/src/rp2_common/pico_runtime_init/runtime_init.c.obj
                0x1000102c                runtime_init_bootrom_reset
 .text.runtime_init_per_core_bootrom_reset
                0x1000103e       0x12 CMakeFiles/hello_pwm.dir/C_/Users/1/.pico-sdk/sdk/2.0.0/src/rp2_common/pico_runtime_init/runtime_init.c.obj
                0x1000103e                runtime_init_per_core_bootrom_reset
 .text.runtime_init_spin_locks_reset
                0x10001050        0x8 CMakeFiles/hello_pwm.dir/C_/Users/1/.pico-sdk/sdk/2.0.0/src/rp2_common/pico_runtime_init/runtime_init.c.obj
                0x10001050                runtime_init_spin_locks_reset
 .text.runtime_init_install_ram_vector_table
                0x10001058       0x20 CMakeFiles/hello_pwm.dir/C_/Users/1/.pico-sdk/sdk/2.0.0/src/rp2_common/pico_runtime_init/runtime_init.c.obj
                0x10001058                runtime_init_install_ram_vector_table
 .text.start_all_ticks
                0x10001078       0x28 CMakeFiles/hello_pwm.dir/C_/Users/1/.pico-sdk/sdk/2.0.0/src/rp2_common/pico_runtime_init/runtime_init_clocks.c.obj
 .text.runtime_init_clocks
                0x100010a0       0xc4 CMakeFiles/hello_pwm.dir/C_/Users/1/.pico-sdk/sdk/2.0.0/src/rp2_common/pico_runtime_init/runtime_init_clocks.c.obj
                0x100010a0                runtime_init_clocks
 .text.rom_func_lookup
                0x10001164       0x2c CMakeFiles/hello_pwm.dir/C_/Users/1/.pico-sdk/sdk/2.0.0/src/rp2_common/pico_bootrom/bootrom.c.obj
                0x10001164                rom_func_lookup
 .text.runtime_init_bootrom_locking_enable
                0x10001190       0x14 CMakeFiles/hello_pwm.dir/C_/Users/1/.pico-sdk/sdk/2.0.0/src/rp2_common/pico_bootrom/bootrom_lock.c.obj
                0x10001190                runtime_init_bootrom_locking_enable
 .text.boot_locks_reset
                0x100011a4       0x20 CMakeFiles/hello_pwm.dir/C_/Users/1/.pico-sdk/sdk/2.0.0/src/rp2_common/hardware_boot_lock/boot_lock.c.obj
                0x100011a4                boot_locks_reset
 .text.runtime_init_boot_locks_reset
                0x100011c4        0x8 CMakeFiles/hello_pwm.dir/C_/Users/1/.pico-sdk/sdk/2.0.0/src/rp2_common/hardware_boot_lock/boot_lock.c.obj
                0x100011c4                runtime_init_boot_locks_reset
 .text.__rp2350_dcp_engaged_state_save_restore
                0x100011cc       0x3a CMakeFiles/hello_pwm.dir/C_/Users/1/.pico-sdk/sdk/2.0.0/src/rp2_common/pico_double/double_aeabi_dcp.S.obj
 *fill*         0x10001206        0x2 
 .text.__wrap___aeabi_dadd
                0x10001208       0x28 CMakeFiles/hello_pwm.dir/C_/Users/1/.pico-sdk/sdk/2.0.0/src/rp2_common/pico_double/double_aeabi_dcp.S.obj
                0x10001210                __wrap___aeabi_dadd
 .text.__wrap___aeabi_dsub
                0x10001230       0x28 CMakeFiles/hello_pwm.dir/C_/Users/1/.pico-sdk/sdk/2.0.0/src/rp2_common/pico_double/double_aeabi_dcp.S.obj
                0x10001238                __wrap___aeabi_dsub
 .text.__wrap___aeabi_dmul
                0x10001258       0x4c CMakeFiles/hello_pwm.dir/C_/Users/1/.pico-sdk/sdk/2.0.0/src/rp2_common/pico_double/double_aeabi_dcp.S.obj
                0x10001260                __wrap___aeabi_dmul
 .text.__wrap___aeabi_ddiv
                0x100012a4       0x9c CMakeFiles/hello_pwm.dir/C_/Users/1/.pico-sdk/sdk/2.0.0/src/rp2_common/pico_double/double_aeabi_dcp.S.obj
                0x100012ac                __wrap___aeabi_ddiv
 .text.__wrap___aeabi_i2d
                0x10001340       0x24 CMakeFiles/hello_pwm.dir/C_/Users/1/.pico-sdk/sdk/2.0.0/src/rp2_common/pico_double/double_aeabi_dcp.S.obj
                0x10001348                __wrap___aeabi_i2d
 .text.__wrap___aeabi_ui2d
                0x10001364       0x24 CMakeFiles/hello_pwm.dir/C_/Users/1/.pico-sdk/sdk/2.0.0/src/rp2_common/pico_double/double_aeabi_dcp.S.obj
                0x1000136c                __wrap___aeabi_ui2d
 .text.__wrap___aeabi_d2iz
                0x10001388       0x24 CMakeFiles/hello_pwm.dir/C_/Users/1/.pico-sdk/sdk/2.0.0/src/rp2_common/pico_double/double_aeabi_dcp.S.obj
                0x10001390                __wrap___aeabi_d2iz
 .text.__wrap___aeabi_d2uiz
                0x100013ac       0x24 CMakeFiles/hello_pwm.dir/C_/Users/1/.pico-sdk/sdk/2.0.0/src/rp2_common/pico_double/double_aeabi_dcp.S.obj
                0x100013b4                __wrap___aeabi_d2uiz
 .text.__wrap___aeabi_dcmpun
                0x100013d0       0x24 CMakeFiles/hello_pwm.dir/C_/Users/1/.pico-sdk/sdk/2.0.0/src/rp2_common/pico_double/double_aeabi_dcp.S.obj
                0x100013d8                __wrap___aeabi_dcmpun
 .text.__wrap___aeabi_dcmplt
                0x100013f4       0x28 CMakeFiles/hello_pwm.dir/C_/Users/1/.pico-sdk/sdk/2.0.0/src/rp2_common/pico_double/double_aeabi_dcp.S.obj
                0x100013fc                __wrap___aeabi_dcmplt
 .text.__wrap___aeabi_dcmple
                0x1000141c       0x28 CMakeFiles/hello_pwm.dir/C_/Users/1/.pico-sdk/sdk/2.0.0/src/rp2_common/pico_double/double_aeabi_dcp.S.obj
                0x10001424                __wrap___aeabi_dcmple
 .text.__wrap___aeabi_dcmpge
                0x10001444       0x28 CMakeFiles/hello_pwm.dir/C_/Users/1/.pico-sdk/sdk/2.0.0/src/rp2_common/pico_double/double_aeabi_dcp.S.obj
                0x1000144c                __wrap___aeabi_dcmpge
 .text.__wrap___aeabi_dcmpgt
                0x1000146c       0x28 CMakeFiles/hello_pwm.dir/C_/Users/1/.pico-sdk/sdk/2.0.0/src/rp2_common/pico_double/double_aeabi_dcp.S.obj
                0x10001474                __wrap___aeabi_dcmpgt
 .text._out_null
                0x10001494        0x2 CMakeFiles/hello_pwm.dir/C_/Users/1/.pico-sdk/sdk/2.0.0/src/rp2_common/pico_printf/printf.c.obj
 .text._out_fct
                0x10001496        0xe CMakeFiles/hello_pwm.dir/C_/Users/1/.pico-sdk/sdk/2.0.0/src/rp2_common/pico_printf/printf.c.obj
 .text._atoi    0x100014a4       0x26 CMakeFiles/hello_pwm.dir/C_/Users/1/.pico-sdk/sdk/2.0.0/src/rp2_common/pico_printf/printf.c.obj
 .text._out_rev
                0x100014ca       0x7e CMakeFiles/hello_pwm.dir/C_/Users/1/.pico-sdk/sdk/2.0.0/src/rp2_common/pico_printf/printf.c.obj
 .text._ntoa_format
                0x10001548      0x136 CMakeFiles/hello_pwm.dir/C_/Users/1/.pico-sdk/sdk/2.0.0/src/rp2_common/pico_printf/printf.c.obj
 .text._ntoa_long
                0x1000167e       0x94 CMakeFiles/hello_pwm.dir/C_/Users/1/.pico-sdk/sdk/2.0.0/src/rp2_common/pico_printf/printf.c.obj
 .text._ntoa_long_long
                0x10001712       0xc2 CMakeFiles/hello_pwm.dir/C_/Users/1/.pico-sdk/sdk/2.0.0/src/rp2_common/pico_printf/printf.c.obj
 *fill*         0x100017d4        0x4 
 .text._etoa    0x100017d8      0x41c CMakeFiles/hello_pwm.dir/C_/Users/1/.pico-sdk/sdk/2.0.0/src/rp2_common/pico_printf/printf.c.obj
 *fill*         0x10001bf4        0x4 
 .text._ftoa    0x10001bf8      0x398 CMakeFiles/hello_pwm.dir/C_/Users/1/.pico-sdk/sdk/2.0.0/src/rp2_common/pico_printf/printf.c.obj
 .text._vsnprintf
                0x10001f90      0x6d0 CMakeFiles/hello_pwm.dir/C_/Users/1/.pico-sdk/sdk/2.0.0/src/rp2_common/pico_printf/printf.c.obj
 .text.vfctprintf
                0x10002660       0x24 CMakeFiles/hello_pwm.dir/C_/Users/1/.pico-sdk/sdk/2.0.0/src/rp2_common/pico_printf/printf.c.obj
                0x10002660                vfctprintf
 .text._exit    0x10002684        0x4 CMakeFiles/hello_pwm.dir/C_/Users/1/.pico-sdk/sdk/2.0.0/src/rp2_common/pico_clib_interface/newlib_interface.c.obj
                0x10002684                _exit
 .text.exit     0x10002688        0x6 CMakeFiles/hello_pwm.dir/C_/Users/1/.pico-sdk/sdk/2.0.0/src/rp2_common/pico_clib_interface/newlib_interface.c.obj
                0x10002688                exit
 *fill*         0x1000268e        0x2 
 .text.__assert_func
                0x10002690       0x34 CMakeFiles/hello_pwm.dir/C_/Users/1/.pico-sdk/sdk/2.0.0/src/rp2_common/pico_clib_interface/newlib_interface.c.obj
                0x10002690                __assert_func
 .text.runtime_init
                0x100026c4       0x2c CMakeFiles/hello_pwm.dir/C_/Users/1/.pico-sdk/sdk/2.0.0/src/rp2_common/pico_clib_interface/newlib_interface.c.obj
                0x100026c4                runtime_init
 .text.stdio_out_chars_no_crlf
                0x100026f0        0xe CMakeFiles/hello_pwm.dir/C_/Users/1/.pico-sdk/sdk/2.0.0/src/rp2_common/pico_stdio/stdio.c.obj
 *fill*         0x100026fe        0x2 
 .text.stdio_out_chars_crlf
                0x10002700       0x80 CMakeFiles/hello_pwm.dir/C_/Users/1/.pico-sdk/sdk/2.0.0/src/rp2_common/pico_stdio/stdio.c.obj
 .text.stdio_stack_buffer_flush
                0x10002780       0x40 CMakeFiles/hello_pwm.dir/C_/Users/1/.pico-sdk/sdk/2.0.0/src/rp2_common/pico_stdio/stdio.c.obj
 .text.stdio_buffered_printer
                0x100027c0       0x20 CMakeFiles/hello_pwm.dir/C_/Users/1/.pico-sdk/sdk/2.0.0/src/rp2_common/pico_stdio/stdio.c.obj
 .text.stdout_serialize_begin
                0x100027e0       0x2c CMakeFiles/hello_pwm.dir/C_/Users/1/.pico-sdk/sdk/2.0.0/src/rp2_common/pico_stdio/stdio.c.obj
                0x100027e0                stdout_serialize_begin
 .text.stdout_serialize_end
                0x1000280c       0x10 CMakeFiles/hello_pwm.dir/C_/Users/1/.pico-sdk/sdk/2.0.0/src/rp2_common/pico_stdio/stdio.c.obj
                0x1000280c                stdout_serialize_end
 .text.stdio_put_string
                0x1000281c       0x8c CMakeFiles/hello_pwm.dir/C_/Users/1/.pico-sdk/sdk/2.0.0/src/rp2_common/pico_stdio/stdio.c.obj
                0x1000281c                stdio_put_string
 .text.stdio_flush
                0x100028a8       0x1c CMakeFiles/hello_pwm.dir/C_/Users/1/.pico-sdk/sdk/2.0.0/src/rp2_common/pico_stdio/stdio.c.obj
                0x100028a8                stdio_flush
 .text.__wrap_puts
                0x100028c4       0x1e CMakeFiles/hello_pwm.dir/C_/Users/1/.pico-sdk/sdk/2.0.0/src/rp2_common/pico_stdio/stdio.c.obj
                0x100028c4                stdio_puts
                0x100028c4                __wrap_puts
 *fill*         0x100028e2        0x2 
 .text.__wrap_vprintf
                0x100028e4       0x3c CMakeFiles/hello_pwm.dir/C_/Users/1/.pico-sdk/sdk/2.0.0/src/rp2_common/pico_stdio/stdio.c.obj
                0x100028e4                stdio_vprintf
                0x100028e4                __wrap_vprintf
 .text.__wrap_printf
                0x10002920       0x1c CMakeFiles/hello_pwm.dir/C_/Users/1/.pico-sdk/sdk/2.0.0/src/rp2_common/pico_stdio/stdio.c.obj
                0x10002920                __wrap_printf
                0x10002920                stdio_printf
 .text          0x1000293c       0xec C:/Users/1/.pico-sdk/toolchain/13_2_Rel1/bin/../lib/gcc/arm-none-eabi/13.2.1/thumb/v8-m.main+fp/softfp\libg.a(libc_a-memcpy.o)
                0x1000293c                memcpy
 .text.strlen   0x10002a28       0x5c C:/Users/1/.pico-sdk/toolchain/13_2_Rel1/bin/../lib/gcc/arm-none-eabi/13.2.1/thumb/v8-m.main+fp/softfp\libg.a(libc_a-strlen-stub.o)
                0x10002a28                strlen
 *(.fini)
 .fini          0x10002a84        0x4 C:/Users/1/.pico-sdk/toolchain/13_2_Rel1/bin/../lib/gcc/arm-none-eabi/13.2.1/thumb/v8-m.main+fp/softfp/crti.o
                0x10002a84                _fini
 .fini.__stub   0x10002a88       0x18 linker stubs
 *crtbegin.o(.ctors)
 *crtbegin?.o(.ctors)
 *(EXCLUDE_FILE(*crtend.o *crtend?.o) .ctors)
 *(SORT_BY_NAME(.ctors.*))
 *(.ctors)
 *crtbegin.o(.dtors)
 *crtbegin?.o(.dtors)
 *(EXCLUDE_FILE(*crtend.o *crtend?.o) .dtors)
 *(SORT_BY_NAME(.dtors.*))
 *(.dtors)
                0x10002aa0                        . = ALIGN (0x4)
                0x10002aa0                        PROVIDE (__preinit_array_start = .)
 *(SORT_BY_NAME(.preinit_array.*))
 .preinit_array.00050
                0x10002aa0        0x4 CMakeFiles/hello_pwm.dir/C_/Users/1/.pico-sdk/sdk/2.0.0/src/rp2_common/pico_runtime_init/runtime_init.c.obj
                0x10002aa0                __pre_init_runtime_init_bootrom_reset
 .preinit_array.00100
                0x10002aa4        0x4 CMakeFiles/hello_pwm.dir/C_/Users/1/.pico-sdk/sdk/2.0.0/src/rp2_common/pico_runtime_init/runtime_init.c.obj
                0x10002aa4                __pre_init_runtime_init_early_resets
 .preinit_array.00101
                0x10002aa8        0x4 CMakeFiles/hello_pwm.dir/C_/Users/1/.pico-sdk/sdk/2.0.0/src/rp2_common/pico_runtime_init/runtime_init.c.obj
                0x10002aa8                __pre_init_runtime_init_usb_power_down
 .preinit_array.00500
                0x10002aac        0x4 CMakeFiles/hello_pwm.dir/C_/Users/1/.pico-sdk/sdk/2.0.0/src/rp2_common/pico_runtime_init/runtime_init.c.obj
                0x10002aac                __pre_init_runtime_init_clocks
 .preinit_array.00600
                0x10002ab0        0x4 CMakeFiles/hello_pwm.dir/C_/Users/1/.pico-sdk/sdk/2.0.0/src/rp2_common/pico_runtime_init/runtime_init.c.obj
                0x10002ab0                __pre_init_runtime_init_post_clock_resets
 .preinit_array.01000
                0x10002ab4        0x4 CMakeFiles/hello_pwm.dir/C_/Users/1/.pico-sdk/sdk/2.0.0/src/rp2_common/pico_runtime_init/runtime_init.c.obj
                0x10002ab4                __pre_init_runtime_init_spin_locks_reset
 .preinit_array.01000
                0x10002ab8        0x4 CMakeFiles/hello_pwm.dir/C_/Users/1/.pico-sdk/sdk/2.0.0/src/rp2_common/hardware_boot_lock/boot_lock.c.obj
                0x10002ab8                __pre_init_runtime_init_boot_locks_reset
 .preinit_array.01010
                0x10002abc        0x4 CMakeFiles/hello_pwm.dir/C_/Users/1/.pico-sdk/sdk/2.0.0/src/rp2_common/pico_bootrom/bootrom_lock.c.obj
                0x10002abc                __pre_init_runtime_init_bootrom_locking_enable
 .preinit_array.01100
                0x10002ac0        0x4 CMakeFiles/hello_pwm.dir/C_/Users/1/.pico-sdk/sdk/2.0.0/src/common/pico_sync/mutex.c.obj
                0x10002ac0                __pre_init_runtime_init_mutex
 .preinit_array.10080
                0x10002ac4        0x4 CMakeFiles/hello_pwm.dir/C_/Users/1/.pico-sdk/sdk/2.0.0/src/rp2_common/pico_runtime_init/runtime_init.c.obj
                0x10002ac4                __pre_init_runtime_init_install_ram_vector_table
 .preinit_array.11000
                0x10002ac8        0x4 CMakeFiles/hello_pwm.dir/C_/Users/1/.pico-sdk/sdk/2.0.0/src/common/pico_time/time.c.obj
                0x10002ac8                __pre_init_runtime_init_default_alarm_pool
 .preinit_array.YYYYY
                0x10002acc        0x4 CMakeFiles/hello_pwm.dir/C_/Users/1/.pico-sdk/sdk/2.0.0/src/rp2_common/pico_runtime/runtime.c.obj
                0x10002acc                __pre_init_first_per_core_initializer
 .preinit_array.ZZZZZ.00051
                0x10002ad0        0x4 CMakeFiles/hello_pwm.dir/C_/Users/1/.pico-sdk/sdk/2.0.0/src/rp2_common/pico_runtime_init/runtime_init.c.obj
                0x10002ad0                __pre_init_runtime_init_per_core_bootrom_reset
 .preinit_array.ZZZZZ.00200
                0x10002ad4        0x4 CMakeFiles/hello_pwm.dir/C_/Users/1/.pico-sdk/sdk/2.0.0/src/rp2_common/pico_runtime_init/runtime_init.c.obj
                0x10002ad4                __pre_init_runtime_init_per_core_enable_coprocessors
 .preinit_array.ZZZZZ.01000
                0x10002ad8        0x4 CMakeFiles/hello_pwm.dir/C_/Users/1/.pico-sdk/sdk/2.0.0/src/rp2_common/hardware_sync_spin_lock/sync_spin_lock.c.obj
                0x10002ad8                __pre_init_spinlock_set_extexclall
 .preinit_array.ZZZZZ.01200
                0x10002adc        0x4 CMakeFiles/hello_pwm.dir/C_/Users/1/.pico-sdk/sdk/2.0.0/src/rp2_common/hardware_irq/irq.c.obj
                0x10002adc                __pre_init_runtime_init_per_core_irq_priorities
 *(.preinit_array)
                0x10002ae0                        PROVIDE (__preinit_array_end = .)
                0x10002ae0                        . = ALIGN (0x4)
                0x10002ae0                        PROVIDE (__init_array_start = .)
 *(SORT_BY_NAME(.init_array.*))
 *(.init_array)
 .init_array    0x10002ae0        0x4 C:/Users/1/.pico-sdk/toolchain/13_2_Rel1/bin/../lib/gcc/arm-none-eabi/13.2.1/thumb/v8-m.main+fp/softfp/crtbegin.o
                0x10002ae4                        PROVIDE (__init_array_end = .)
                0x10002ae4                        . = ALIGN (0x4)
                [!provide]                        PROVIDE (__fini_array_start = .)
 *(SORT_BY_NAME(.fini_array.*))
 *(.fini_array)
                [!provide]                        PROVIDE (__fini_array_end = .)
 *(.eh_frame*)
 .eh_frame      0x10002ae4        0x0 C:/Users/1/.pico-sdk/toolchain/13_2_Rel1/bin/../lib/gcc/arm-none-eabi/13.2.1/thumb/v8-m.main+fp/softfp/crtbegin.o
                0x10002ae4                        . = ALIGN (0x4)

.glue_7         0x10002ae4        0x0
 .glue_7        0x10002ae4        0x0 linker stubs

.glue_7t        0x10002ae4        0x0
 .glue_7t       0x10002ae4        0x0 linker stubs

.vfp11_veneer   0x10002ae4        0x0
 .vfp11_veneer  0x10002ae4        0x0 linker stubs

.v4_bx          0x10002ae4        0x0
 .v4_bx         0x10002ae4        0x0 linker stubs

.iplt           0x10002ae4        0x0
 .iplt          0x10002ae4        0x0 C:/Users/1/.pico-sdk/toolchain/13_2_Rel1/bin/../lib/gcc/arm-none-eabi/13.2.1/thumb/v8-m.main+fp/softfp/crtbegin.o

.boot2          0x10002ae4        0x0
                0x10002ae4                        __boot2_start__ = .
 *(.boot2)
                0x10002ae4                        __boot2_end__ = .
                0x00000001                        ASSERT (((__boot2_end__ - __boot2_start__) <= 0x100), ERROR: Pico second stage bootloader must be no more than 256 bytes in size)

.rodata         0x10002ae8      0x524
 *(EXCLUDE_FILE(*libm.a: *libc.a:*lib_a-mem*.o *libgcc.a:) .rodata*)
 .rodata.panic.str1.4
                0x10002ae8      0x3f7 CMakeFiles/hello_pwm.dir/C_/Users/1/.pico-sdk/sdk/2.0.0/src/rp2_common/pico_platform_panic/panic.c.obj
                                 0x12 (size before relaxing)
 .rodata.resolve_j_16.str1.4
                0x10002edf       0x59 CMakeFiles/hello_pwm.dir/C_/Users/1/.pico-sdk/sdk/2.0.0/src/rp2_common/hardware_irq/irq.c.obj
 .rodata.irq_set_exclusive_handler.str1.4
                0x10002edf       0x36 CMakeFiles/hello_pwm.dir/C_/Users/1/.pico-sdk/sdk/2.0.0/src/rp2_common/hardware_irq/irq.c.obj
 *fill*         0x10002edf        0x1 
 .rodata.__func__.6
                0x10002ee0       0x1a CMakeFiles/hello_pwm.dir/C_/Users/1/.pico-sdk/sdk/2.0.0/src/rp2_common/hardware_irq/irq.c.obj
 .rodata.runtime_init_mutex.str1.4
                0x10002efa       0x5c CMakeFiles/hello_pwm.dir/C_/Users/1/.pico-sdk/sdk/2.0.0/src/common/pico_sync/mutex.c.obj
 .rodata.str1.4
                0x10002efa       0x51 CMakeFiles/hello_pwm.dir/C_/Users/1/.pico-sdk/sdk/2.0.0/src/common/pico_sync/mutex.c.obj
 *fill*         0x10002efa        0x2 
 .rodata.__func__.1
                0x10002efc        0xb CMakeFiles/hello_pwm.dir/C_/Users/1/.pico-sdk/sdk/2.0.0/src/common/pico_sync/mutex.c.obj
 *fill*         0x10002f07        0x1 
 .rodata.__func__.3
                0x10002f08       0x18 CMakeFiles/hello_pwm.dir/C_/Users/1/.pico-sdk/sdk/2.0.0/src/common/pico_sync/mutex.c.obj
 .rodata.__func__.6
                0x10002f20       0x13 CMakeFiles/hello_pwm.dir/C_/Users/1/.pico-sdk/sdk/2.0.0/src/common/pico_sync/mutex.c.obj
 .rodata.alarm_pool_irq_handler.str1.4
                0x10002f33       0x67 CMakeFiles/hello_pwm.dir/C_/Users/1/.pico-sdk/sdk/2.0.0/src/common/pico_time/time.c.obj
 .rodata.alarm_pool_get_default.str1.4
                0x10002f33       0x21 CMakeFiles/hello_pwm.dir/C_/Users/1/.pico-sdk/sdk/2.0.0/src/common/pico_time/time.c.obj
 .rodata.sleep_until.str1.4
                0x10002f33       0x4d CMakeFiles/hello_pwm.dir/C_/Users/1/.pico-sdk/sdk/2.0.0/src/common/pico_time/time.c.obj
 *fill*         0x10002f33        0x1 
 .rodata.__func__.1
                0x10002f34       0x17 CMakeFiles/hello_pwm.dir/C_/Users/1/.pico-sdk/sdk/2.0.0/src/common/pico_time/time.c.obj
 *fill*         0x10002f4b        0x1 
 .rodata.__func__.2
                0x10002f4c       0x17 CMakeFiles/hello_pwm.dir/C_/Users/1/.pico-sdk/sdk/2.0.0/src/common/pico_time/time.c.obj
 .rodata.timer_hardware_alarm_claim.str1.4
                0x10002f63       0x22 CMakeFiles/hello_pwm.dir/C_/Users/1/.pico-sdk/sdk/2.0.0/src/rp2_common/hardware_timer/timer.c.obj
 .rodata.pll_init.str1.4
                0x10002f63      0x118 CMakeFiles/hello_pwm.dir/C_/Users/1/.pico-sdk/sdk/2.0.0/src/rp2_common/hardware_pll/pll.c.obj
 *fill*         0x10002f63        0x1 
 .rodata.__func__.0
                0x10002f64        0x9 CMakeFiles/hello_pwm.dir/C_/Users/1/.pico-sdk/sdk/2.0.0/src/rp2_common/hardware_pll/pll.c.obj
 .rodata.str1.4
                0x10002f6d       0x30 CMakeFiles/hello_pwm.dir/C_/Users/1/.pico-sdk/sdk/2.0.0/src/rp2_common/pico_standard_binary_info/standard_binary_info.c.obj
 *fill*         0x10002f6d        0x3 
 .rodata.__bi_84
                0x10002f70        0xc CMakeFiles/hello_pwm.dir/C_/Users/1/.pico-sdk/sdk/2.0.0/src/rp2_common/pico_standard_binary_info/standard_binary_info.c.obj
 .rodata.__bi_54
                0x10002f7c        0xc CMakeFiles/hello_pwm.dir/C_/Users/1/.pico-sdk/sdk/2.0.0/src/rp2_common/pico_standard_binary_info/standard_binary_info.c.obj
 .rodata.__bi_48
                0x10002f88        0xc CMakeFiles/hello_pwm.dir/C_/Users/1/.pico-sdk/sdk/2.0.0/src/rp2_common/pico_standard_binary_info/standard_binary_info.c.obj
 .rodata.__bi_42
                0x10002f94        0xc CMakeFiles/hello_pwm.dir/C_/Users/1/.pico-sdk/sdk/2.0.0/src/rp2_common/pico_standard_binary_info/standard_binary_info.c.obj
 .rodata.__bi_34
                0x10002fa0        0xc CMakeFiles/hello_pwm.dir/C_/Users/1/.pico-sdk/sdk/2.0.0/src/rp2_common/pico_standard_binary_info/standard_binary_info.c.obj
 .rodata.__bi_26
                0x10002fac        0xc CMakeFiles/hello_pwm.dir/C_/Users/1/.pico-sdk/sdk/2.0.0/src/rp2_common/pico_standard_binary_info/standard_binary_info.c.obj
 .rodata._ftoa.str1.4
                0x10002fb8       0x15 CMakeFiles/hello_pwm.dir/C_/Users/1/.pico-sdk/sdk/2.0.0/src/rp2_common/pico_printf/printf.c.obj
 .rodata.pow10.0
                0x10002fb8       0x50 CMakeFiles/hello_pwm.dir/C_/Users/1/.pico-sdk/sdk/2.0.0/src/rp2_common/pico_printf/printf.c.obj
 .rodata.__assert_func.str1.4
                0x10003008       0x43 CMakeFiles/hello_pwm.dir/C_/Users/1/.pico-sdk/sdk/2.0.0/src/rp2_common/pico_clib_interface/newlib_interface.c.obj
 .rodata.crlf_str.0
                0x10003008        0x2 CMakeFiles/hello_pwm.dir/C_/Users/1/.pico-sdk/sdk/2.0.0/src/rp2_common/pico_stdio/stdio.c.obj
 *(.srodata*)
                0x1000304c                        . = ALIGN (0x4)
 *fill*         0x1000300a        0x2 
 *(SORT_BY_ALIGNMENT(SORT_BY_NAME(.flashdata*)))
                0x1000300c                        . = ALIGN (0x4)

.ARM.extab
 *(.ARM.extab* .gnu.linkonce.armextab.*)
                0x1000300c                        __exidx_start = .

.ARM.exidx      0x1000300c        0x8
 *(.ARM.exidx* .gnu.linkonce.armexidx.*)
 .ARM.exidx     0x1000300c        0x8 C:/Users/1/.pico-sdk/toolchain/13_2_Rel1/bin/../lib/gcc/arm-none-eabi/13.2.1/thumb/v8-m.main+fp/softfp\libg.a(libc_a-memcpy.o)
 .ARM.exidx.text.__udivmoddi4
                0x10003014        0x0 C:/Users/1/.pico-sdk/toolchain/13_2_Rel1/bin/../lib/gcc/arm-none-eabi/13.2.1/thumb/v8-m.main+fp/softfp\libgcc.a(_udivmoddi4.o)
                                  0x8 (size before relaxing)
                0x10003014                        __exidx_end = .
                0x10003014                        . = ALIGN (0x4)
                0x10003014                        __binary_info_start = .

.binary_info    0x10003014       0x18
 *(.binary_info.keep.*)
 .binary_info.keep.__bi_ptr84
                0x10003014        0x4 CMakeFiles/hello_pwm.dir/C_/Users/1/.pico-sdk/sdk/2.0.0/src/rp2_common/pico_standard_binary_info/standard_binary_info.c.obj
 .binary_info.keep.__bi_ptr54
                0x10003018        0x4 CMakeFiles/hello_pwm.dir/C_/Users/1/.pico-sdk/sdk/2.0.0/src/rp2_common/pico_standard_binary_info/standard_binary_info.c.obj
 .binary_info.keep.__bi_ptr48
                0x1000301c        0x4 CMakeFiles/hello_pwm.dir/C_/Users/1/.pico-sdk/sdk/2.0.0/src/rp2_common/pico_standard_binary_info/standard_binary_info.c.obj
 .binary_info.keep.__bi_ptr42
                0x10003020        0x4 CMakeFiles/hello_pwm.dir/C_/Users/1/.pico-sdk/sdk/2.0.0/src/rp2_common/pico_standard_binary_info/standard_binary_info.c.obj
 .binary_info.keep.__bi_ptr34
                0x10003024        0x4 CMakeFiles/hello_pwm.dir/C_/Users/1/.pico-sdk/sdk/2.0.0/src/rp2_common/pico_standard_binary_info/standard_binary_info.c.obj
 .binary_info.keep.__bi_ptr26
                0x10003028        0x4 CMakeFiles/hello_pwm.dir/C_/Users/1/.pico-sdk/sdk/2.0.0/src/rp2_common/pico_standard_binary_info/standard_binary_info.c.obj
 *(.binary_info.*)
                0x1000302c                        __binary_info_end = .
                0x1000302c                        . = ALIGN (0x4)

.ram_vector_table
                0x20000000      0x110
 *(.ram_vector_table)
 .ram_vector_table
                0x20000000      0x110 CMakeFiles/hello_pwm.dir/C_/Users/1/.pico-sdk/sdk/2.0.0/src/rp2_common/pico_runtime_init/runtime_init.c.obj
                0x20000000                ram_vector_table

.uninitialized_data
                0x20000110        0x0
                0x20000110                        . = ALIGN (0x4)
 *(.uninitialized_data*)

.data           0x20000110      0x4d4 load address 0x1000302c
                0x20000110                        __data_start__ = .
 *(vtable)
 *(.time_critical*)
 .time_critical.mutex_try_enter
                0x20000110       0x58 CMakeFiles/hello_pwm.dir/C_/Users/1/.pico-sdk/sdk/2.0.0/src/common/pico_sync/mutex.c.obj
                0x20000110                mutex_try_enter
 .time_critical.mutex_enter_block_until
                0x20000168       0x84 CMakeFiles/hello_pwm.dir/C_/Users/1/.pico-sdk/sdk/2.0.0/src/common/pico_sync/mutex.c.obj
                0x20000168                mutex_enter_block_until
 .time_critical.mutex_try_enter_block_until
                0x200001ec       0x32 CMakeFiles/hello_pwm.dir/C_/Users/1/.pico-sdk/sdk/2.0.0/src/common/pico_sync/mutex.c.obj
                0x200001ec                mutex_try_enter_block_until
 *fill*         0x2000021e        0x2 
 .time_critical.mutex_exit
                0x20000220       0x58 CMakeFiles/hello_pwm.dir/C_/Users/1/.pico-sdk/sdk/2.0.0/src/common/pico_sync/mutex.c.obj
                0x20000220                mutex_exit
 *(.text*)
 .text          0x20000278       0x30 C:/Users/1/.pico-sdk/toolchain/13_2_Rel1/bin/../lib/gcc/arm-none-eabi/13.2.1/thumb/v8-m.main+fp/softfp\libgcc.a(_aeabi_uldivmod.o)
                0x20000278                __aeabi_uldivmod
 .text.__udivmoddi4
                0x200002a8      0x300 C:/Users/1/.pico-sdk/toolchain/13_2_Rel1/bin/../lib/gcc/arm-none-eabi/13.2.1/thumb/v8-m.main+fp/softfp\libgcc.a(_udivmoddi4.o)
                0x200002a8                __udivmoddi4
 .text          0x200005a8        0x4 C:/Users/1/.pico-sdk/toolchain/13_2_Rel1/bin/../lib/gcc/arm-none-eabi/13.2.1/thumb/v8-m.main+fp/softfp\libgcc.a(_dvmd_tls.o)
                0x200005a8                __aeabi_idiv0
                0x200005a8                __aeabi_ldiv0
 *fill*         0x200005ac        0x4 
 .text.__stub   0x200005b0       0x10 linker stubs
                0x200005c0                        . = ALIGN (0x4)
 *(.rodata*)
                0x200005c0                        . = ALIGN (0x4)
 *(.data*)
 .data.striped_spin_lock_num
                0x200005c0        0x1 CMakeFiles/hello_pwm.dir/C_/Users/1/.pico-sdk/sdk/2.0.0/src/rp2_common/hardware_sync/sync.c.obj
 *fill*         0x200005c1        0x3 
 .data.default_alarm_pool
                0x200005c4       0x18 CMakeFiles/hello_pwm.dir/C_/Users/1/.pico-sdk/sdk/2.0.0/src/common/pico_time/time.c.obj
 *(.sdata*)
                0x200005dc                        . = ALIGN (0x4)
 *(.after_data.*)
                0x200005dc                        . = ALIGN (0x4)
                0x200005dc                        PROVIDE (__mutex_array_start = .)
 *(SORT_BY_NAME(.mutex_array.*))
 *(.mutex_array)
 .mutex_array   0x200005dc        0x8 CMakeFiles/hello_pwm.dir/C_/Users/1/.pico-sdk/sdk/2.0.0/src/rp2_common/pico_stdio/stdio.c.obj
                0x200005e4                        PROVIDE (__mutex_array_end = .)
 *(.jcr)
                0x200005e4                        . = ALIGN (0x4)

.tm_clone_table
                0x200005e4        0x0 load address 0x10003500
 .tm_clone_table
                0x200005e4        0x0 C:/Users/1/.pico-sdk/toolchain/13_2_Rel1/bin/../lib/gcc/arm-none-eabi/13.2.1/thumb/v8-m.main+fp/softfp/crtbegin.o
 .tm_clone_table
                0x200005e4        0x0 C:/Users/1/.pico-sdk/toolchain/13_2_Rel1/bin/../lib/gcc/arm-none-eabi/13.2.1/thumb/v8-m.main+fp/softfp/crtend.o

.igot.plt       0x200005e4        0x0 load address 0x10003500
 .igot.plt      0x200005e4        0x0 C:/Users/1/.pico-sdk/toolchain/13_2_Rel1/bin/../lib/gcc/arm-none-eabi/13.2.1/thumb/v8-m.main+fp/softfp/crtbegin.o

.tdata          0x200005e4        0x0 load address 0x10003500
                0x200005e4                        . = ALIGN (0x4)
 *(.tdata .tdata.* .gnu.linkonce.td.*)
                0x200005e4                        __tdata_end = .
                0x200005e4                        PROVIDE (__data_end__ = .)
                0x1000302c                        __etext = LOADADDR (.data)

.tbss           0x200005e4        0x0 load address 0x10003500
                0x200005e4                        . = ALIGN (0x4)
                0x200005e4                        __bss_start__ = .
                0x200005e4                        __tls_base = .
 *(.tbss .tbss.* .gnu.linkonce.tb.*)
 *(.tcommon)
                0x200005e4                        __tls_end = .

.bss            0x200005e8      0x210 load address 0x10003500
                0x200005e8                        . = ALIGN (0x4)
                0x200005e8                        __tbss_end = .
 *(SORT_BY_ALIGNMENT(SORT_BY_NAME(.bss*)))
 .bss.default_alarm_pool_entries
                0x200005e8      0x180 CMakeFiles/hello_pwm.dir/C_/Users/1/.pico-sdk/sdk/2.0.0/src/common/pico_time/time.c.obj
 .bss._sw_spin_locks
                0x20000768       0x20 CMakeFiles/hello_pwm.dir/C_/Users/1/.pico-sdk/sdk/2.0.0/src/rp2_common/hardware_sync_spin_lock/sync_spin_lock.c.obj
                0x20000768                _sw_spin_locks
 .bss.claimed   0x20000788        0x2 CMakeFiles/hello_pwm.dir/C_/Users/1/.pico-sdk/sdk/2.0.0/src/rp2_common/hardware_timer/timer.c.obj
 *fill*         0x2000078a        0x2 
 .bss.configured_freq
                0x2000078c       0x28 CMakeFiles/hello_pwm.dir/C_/Users/1/.pico-sdk/sdk/2.0.0/src/rp2_common/hardware_clocks/clocks.c.obj
 .bss.drivers   0x200007b4        0x4 CMakeFiles/hello_pwm.dir/C_/Users/1/.pico-sdk/sdk/2.0.0/src/rp2_common/pico_stdio/stdio.c.obj
 .bss.filter    0x200007b8        0x4 CMakeFiles/hello_pwm.dir/C_/Users/1/.pico-sdk/sdk/2.0.0/src/rp2_common/pico_stdio/stdio.c.obj
 .bss.object.0  0x200007bc       0x18 C:/Users/1/.pico-sdk/toolchain/13_2_Rel1/bin/../lib/gcc/arm-none-eabi/13.2.1/thumb/v8-m.main+fp/softfp/crtbegin.o
 .bss.pools     0x200007d4       0x20 CMakeFiles/hello_pwm.dir/C_/Users/1/.pico-sdk/sdk/2.0.0/src/common/pico_time/time.c.obj
 .bss.sleep_notifier
                0x200007f4        0x4 CMakeFiles/hello_pwm.dir/C_/Users/1/.pico-sdk/sdk/2.0.0/src/common/pico_time/time.c.obj
 *(COMMON)
                [!provide]                        PROVIDE (__global_pointer$ = (. + 0x800))
 *(.sbss*)
                0x200007f8                        . = ALIGN (0x4)
                0x200007f8                        __bss_end__ = .

.heap           0x200007f8    0x7f808 load address 0x10003500
                0x200007f8                        __end__ = .
                0x200007f8                        end = __end__
 *(.heap*)
 .heap          0x200007f8      0x800 CMakeFiles/hello_pwm.dir/C_/Users/1/.pico-sdk/sdk/2.0.0/src/rp2_common/pico_crt0/crt0.S.obj
                0x20080000                        . = (ORIGIN (RAM) + LENGTH (RAM))
 *fill*         0x20000ff8    0x7f008 
                0x20080000                        __HeapLimit = .

.scratch_x      0x20080000        0x0 load address 0x10003500
                0x20080000                        __scratch_x_start__ = .
 *(.scratch_x.*)
                0x20080000                        . = ALIGN (0x4)
                0x20080000                        __scratch_x_end__ = .
                0x10003500                        __scratch_x_source__ = LOADADDR (.scratch_x)

.scratch_y      0x20081000        0x0 load address 0x10003500
                0x20081000                        __scratch_y_start__ = .
 *(.scratch_y.*)
                0x20081000                        . = ALIGN (0x4)
                0x20081000                        __scratch_y_end__ = .
                0x10003500                        __scratch_y_source__ = LOADADDR (.scratch_y)

.stack1_dummy
 *(.stack1*)

.stack_dummy    0x20081000      0x800
 *(.stack*)
 .stack         0x20081000      0x800 CMakeFiles/hello_pwm.dir/C_/Users/1/.pico-sdk/sdk/2.0.0/src/rp2_common/pico_crt0/crt0.S.obj

.flash_end      0x10003500       0x14
 *(.embedded_end_block*)
 .embedded_end_block
                0x10003500       0x14 CMakeFiles/hello_pwm.dir/C_/Users/1/.pico-sdk/sdk/2.0.0/src/rp2_common/pico_crt0/crt0.S.obj
                0x10003514                        PROVIDE (__flash_binary_end = .)
                0x20080000                        __StackLimit = (ORIGIN (RAM) + LENGTH (RAM))
                0x20081000                        __StackOneTop = (ORIGIN (SCRATCH_X) + LENGTH (SCRATCH_X))
                0x20082000                        __StackTop = (ORIGIN (SCRATCH_Y) + LENGTH (SCRATCH_Y))
                0x20081000                        __StackOneBottom = (__StackOneTop - SIZEOF (.stack1_dummy))
                0x20081800                        __StackBottom = (__StackTop - SIZEOF (.stack_dummy))
                0x20082000                        PROVIDE (__stack = __StackTop)
                [!provide]                        PROVIDE (__heap_start = __end__)
                [!provide]                        PROVIDE (__heap_end = __HeapLimit)
                [!provide]                        PROVIDE (__tls_align = MAX (ALIGNOF (.tdata), ALIGNOF (.tbss)))
                [!provide]                        PROVIDE (__tls_size_align = (((__tls_size + __tls_align) - 0x1) & ~ ((__tls_align - 0x1))))
                [!provide]                        PROVIDE (__arm32_tls_tcb_offset = MAX (0x8, __tls_align))
                [!provide]                        PROVIDE (_end = __end__)
                [!provide]                        PROVIDE (__llvm_libc_heap_limit = __HeapLimit)
                0x00000001                        ASSERT ((__StackLimit >= __HeapLimit), region RAM overflowed)
                0x00000001                        ASSERT (((__binary_info_header_end - __logical_binary_start) <= 0x400), Binary info must be in first 1024 bytes of the binary)
                0x00000001                        ASSERT (((__embedded_block_end - __logical_binary_start) <= 0x1000), Embedded block must be in first 4096 bytes of the binary)
LOAD CMakeFiles/hello_pwm.dir/hello_pwm.c.obj
LOAD CMakeFiles/hello_pwm.dir/C_/Users/1/.pico-sdk/sdk/2.0.0/src/rp2_common/pico_stdlib/stdlib.c.obj
LOAD CMakeFiles/hello_pwm.dir/C_/Users/1/.pico-sdk/sdk/2.0.0/src/rp2_common/hardware_gpio/gpio.c.obj
LOAD CMakeFiles/hello_pwm.dir/C_/Users/1/.pico-sdk/sdk/2.0.0/src/rp2350/pico_platform/platform.c.obj
LOAD CMakeFiles/hello_pwm.dir/C_/Users/1/.pico-sdk/sdk/2.0.0/src/rp2_common/pico_platform_panic/panic.c.obj
LOAD CMakeFiles/hello_pwm.dir/C_/Users/1/.pico-sdk/sdk/2.0.0/src/common/hardware_claim/claim.c.obj
LOAD CMakeFiles/hello_pwm.dir/C_/Users/1/.pico-sdk/sdk/2.0.0/src/rp2_common/hardware_sync/sync.c.obj
LOAD CMakeFiles/hello_pwm.dir/C_/Users/1/.pico-sdk/sdk/2.0.0/src/rp2_common/hardware_sync_spin_lock/sync_spin_lock.c.obj
LOAD CMakeFiles/hello_pwm.dir/C_/Users/1/.pico-sdk/sdk/2.0.0/src/rp2_common/hardware_irq/irq.c.obj
LOAD CMakeFiles/hello_pwm.dir/C_/Users/1/.pico-sdk/sdk/2.0.0/src/rp2_common/hardware_irq/irq_handler_chain.S.obj
LOAD CMakeFiles/hello_pwm.dir/C_/Users/1/.pico-sdk/sdk/2.0.0/src/common/pico_sync/sem.c.obj
LOAD CMakeFiles/hello_pwm.dir/C_/Users/1/.pico-sdk/sdk/2.0.0/src/common/pico_sync/lock_core.c.obj
LOAD CMakeFiles/hello_pwm.dir/C_/Users/1/.pico-sdk/sdk/2.0.0/src/common/pico_sync/mutex.c.obj
LOAD CMakeFiles/hello_pwm.dir/C_/Users/1/.pico-sdk/sdk/2.0.0/src/common/pico_sync/critical_section.c.obj
LOAD CMakeFiles/hello_pwm.dir/C_/Users/1/.pico-sdk/sdk/2.0.0/src/common/pico_time/time.c.obj
LOAD CMakeFiles/hello_pwm.dir/C_/Users/1/.pico-sdk/sdk/2.0.0/src/common/pico_time/timeout_helper.c.obj
LOAD CMakeFiles/hello_pwm.dir/C_/Users/1/.pico-sdk/sdk/2.0.0/src/rp2_common/hardware_timer/timer.c.obj
LOAD CMakeFiles/hello_pwm.dir/C_/Users/1/.pico-sdk/sdk/2.0.0/src/common/pico_util/datetime.c.obj
LOAD CMakeFiles/hello_pwm.dir/C_/Users/1/.pico-sdk/sdk/2.0.0/src/common/pico_util/pheap.c.obj
LOAD CMakeFiles/hello_pwm.dir/C_/Users/1/.pico-sdk/sdk/2.0.0/src/common/pico_util/queue.c.obj
LOAD CMakeFiles/hello_pwm.dir/C_/Users/1/.pico-sdk/sdk/2.0.0/src/rp2_common/hardware_uart/uart.c.obj
LOAD CMakeFiles/hello_pwm.dir/C_/Users/1/.pico-sdk/sdk/2.0.0/src/rp2_common/hardware_clocks/clocks.c.obj
LOAD CMakeFiles/hello_pwm.dir/C_/Users/1/.pico-sdk/sdk/2.0.0/src/rp2_common/hardware_pll/pll.c.obj
LOAD CMakeFiles/hello_pwm.dir/C_/Users/1/.pico-sdk/sdk/2.0.0/src/rp2_common/hardware_vreg/vreg.c.obj
LOAD CMakeFiles/hello_pwm.dir/C_/Users/1/.pico-sdk/sdk/2.0.0/src/rp2_common/hardware_watchdog/watchdog.c.obj
LOAD CMakeFiles/hello_pwm.dir/C_/Users/1/.pico-sdk/sdk/2.0.0/src/rp2_common/hardware_ticks/ticks.c.obj
LOAD CMakeFiles/hello_pwm.dir/C_/Users/1/.pico-sdk/sdk/2.0.0/src/rp2_common/hardware_xosc/xosc.c.obj
LOAD CMakeFiles/hello_pwm.dir/C_/Users/1/.pico-sdk/sdk/2.0.0/src/rp2_common/hardware_divider/divider.c.obj
LOAD CMakeFiles/hello_pwm.dir/C_/Users/1/.pico-sdk/sdk/2.0.0/src/rp2_common/pico_runtime/runtime.c.obj
LOAD CMakeFiles/hello_pwm.dir/C_/Users/1/.pico-sdk/sdk/2.0.0/src/rp2_common/pico_runtime_init/runtime_init.c.obj
LOAD CMakeFiles/hello_pwm.dir/C_/Users/1/.pico-sdk/sdk/2.0.0/src/rp2_common/pico_runtime_init/runtime_init_clocks.c.obj
LOAD CMakeFiles/hello_pwm.dir/C_/Users/1/.pico-sdk/sdk/2.0.0/src/rp2_common/pico_runtime_init/runtime_init_stack_guard.c.obj
LOAD CMakeFiles/hello_pwm.dir/C_/Users/1/.pico-sdk/sdk/2.0.0/src/rp2_common/pico_bit_ops/bit_ops_aeabi.S.obj
LOAD CMakeFiles/hello_pwm.dir/C_/Users/1/.pico-sdk/sdk/2.0.0/src/rp2_common/pico_bootrom/bootrom.c.obj
LOAD CMakeFiles/hello_pwm.dir/C_/Users/1/.pico-sdk/sdk/2.0.0/src/rp2_common/pico_bootrom/bootrom_lock.c.obj
LOAD CMakeFiles/hello_pwm.dir/C_/Users/1/.pico-sdk/sdk/2.0.0/src/rp2_common/hardware_boot_lock/boot_lock.c.obj
LOAD CMakeFiles/hello_pwm.dir/C_/Users/1/.pico-sdk/sdk/2.0.0/src/rp2_common/pico_divider/divider_compiler.c.obj
LOAD CMakeFiles/hello_pwm.dir/C_/Users/1/.pico-sdk/sdk/2.0.0/src/rp2_common/pico_double/double_math.c.obj
LOAD CMakeFiles/hello_pwm.dir/C_/Users/1/.pico-sdk/sdk/2.0.0/src/rp2_common/pico_double/double_aeabi_dcp.S.obj
LOAD CMakeFiles/hello_pwm.dir/C_/Users/1/.pico-sdk/sdk/2.0.0/src/rp2_common/pico_double/double_fma_dcp.S.obj
LOAD CMakeFiles/hello_pwm.dir/C_/Users/1/.pico-sdk/sdk/2.0.0/src/rp2_common/pico_double/double_sci_m33.S.obj
LOAD CMakeFiles/hello_pwm.dir/C_/Users/1/.pico-sdk/sdk/2.0.0/src/rp2_common/pico_double/double_conv_m33.S.obj
LOAD CMakeFiles/hello_pwm.dir/C_/Users/1/.pico-sdk/sdk/2.0.0/src/rp2_common/pico_float/float_math.c.obj
LOAD CMakeFiles/hello_pwm.dir/C_/Users/1/.pico-sdk/sdk/2.0.0/src/rp2_common/pico_float/float_sci_m33_vfp.S.obj
LOAD CMakeFiles/hello_pwm.dir/C_/Users/1/.pico-sdk/sdk/2.0.0/src/rp2_common/pico_float/float_conv_m33.S.obj
LOAD CMakeFiles/hello_pwm.dir/C_/Users/1/.pico-sdk/sdk/2.0.0/src/rp2_common/pico_malloc/malloc.c.obj
LOAD CMakeFiles/hello_pwm.dir/C_/Users/1/.pico-sdk/sdk/2.0.0/src/rp2_common/pico_atomic/atomic.c.obj
LOAD CMakeFiles/hello_pwm.dir/C_/Users/1/.pico-sdk/sdk/2.0.0/src/rp2_common/pico_cxx_options/new_delete.cpp.obj
LOAD CMakeFiles/hello_pwm.dir/C_/Users/1/.pico-sdk/sdk/2.0.0/src/rp2_common/pico_standard_binary_info/standard_binary_info.c.obj
LOAD CMakeFiles/hello_pwm.dir/C_/Users/1/.pico-sdk/sdk/2.0.0/src/rp2_common/pico_printf/printf.c.obj
LOAD CMakeFiles/hello_pwm.dir/C_/Users/1/.pico-sdk/sdk/2.0.0/src/rp2_common/pico_crt0/crt0.S.obj
LOAD CMakeFiles/hello_pwm.dir/C_/Users/1/.pico-sdk/sdk/2.0.0/src/rp2_common/pico_clib_interface/newlib_interface.c.obj
LOAD CMakeFiles/hello_pwm.dir/C_/Users/1/.pico-sdk/sdk/2.0.0/src/rp2_common/pico_stdio/stdio.c.obj
LOAD CMakeFiles/hello_pwm.dir/C_/Users/1/.pico-sdk/sdk/2.0.0/src/rp2_common/pico_stdio_uart/stdio_uart.c.obj
LOAD C:\Users\1\AppData\Local\Temp\cccCMYKn.o
LOAD C:/Users/1/.pico-sdk/toolchain/13_2_Rel1/bin/../lib/gcc/arm-none-eabi/13.2.1/thumb/v8-m.main+fp/softfp\libstdc++.a
LOAD C:/Users/1/.pico-sdk/toolchain/13_2_Rel1/bin/../lib/gcc/arm-none-eabi/13.2.1/thumb/v8-m.main+fp/softfp\libm.a
START GROUP
LOAD C:/Users/1/.pico-sdk/toolchain/13_2_Rel1/bin/../lib/gcc/arm-none-eabi/13.2.1/thumb/v8-m.main+fp/softfp\libgcc.a
LOAD C:/Users/1/.pico-sdk/toolchain/13_2_Rel1/bin/../lib/gcc/arm-none-eabi/13.2.1/thumb/v8-m.main+fp/softfp\libg.a
LOAD C:/Users/1/.pico-sdk/toolchain/13_2_Rel1/bin/../lib/gcc/arm-none-eabi/13.2.1/thumb/v8-m.main+fp/softfp\libc.a
END GROUP
START GROUP
LOAD C:/Users/1/.pico-sdk/toolchain/13_2_Rel1/bin/../lib/gcc/arm-none-eabi/13.2.1/thumb/v8-m.main+fp/softfp\libgcc.a
LOAD C:/Users/1/.pico-sdk/toolchain/13_2_Rel1/bin/../lib/gcc/arm-none-eabi/13.2.1/thumb/v8-m.main+fp/softfp\libc.a
LOAD C:/Users/1/.pico-sdk/toolchain/13_2_Rel1/bin/../lib/gcc/arm-none-eabi/13.2.1/thumb/v8-m.main+fp/softfp\libnosys.a
END GROUP
LOAD C:/Users/1/.pico-sdk/toolchain/13_2_Rel1/bin/../lib/gcc/arm-none-eabi/13.2.1/thumb/v8-m.main+fp/softfp/crtend.o
LOAD C:/Users/1/.pico-sdk/toolchain/13_2_Rel1/bin/../lib/gcc/arm-none-eabi/13.2.1/thumb/v8-m.main+fp/softfp/crtn.o
OUTPUT(hello_pwm.elf elf32-littlearm)
LOAD linker stubs

.rel.dyn        0x10003514        0x0
 .rel.iplt      0x10003514        0x0 C:/Users/1/.pico-sdk/toolchain/13_2_Rel1/bin/../lib/gcc/arm-none-eabi/13.2.1/thumb/v8-m.main+fp/softfp/crtbegin.o

.ARM.attributes
                0x00000000       0x34
 .ARM.attributes
                0x00000000       0x26 C:/Users/1/.pico-sdk/toolchain/13_2_Rel1/bin/../lib/gcc/arm-none-eabi/13.2.1/thumb/v8-m.main+fp/softfp/crti.o
 .ARM.attributes
                0x00000026       0x36 C:/Users/1/.pico-sdk/toolchain/13_2_Rel1/bin/../lib/gcc/arm-none-eabi/13.2.1/thumb/v8-m.main+fp/softfp/crtbegin.o
 .ARM.attributes
                0x0000005c       0x38 CMakeFiles/hello_pwm.dir/hello_pwm.c.obj
 .ARM.attributes
                0x00000094       0x38 CMakeFiles/hello_pwm.dir/C_/Users/1/.pico-sdk/sdk/2.0.0/src/rp2_common/hardware_gpio/gpio.c.obj
 .ARM.attributes
                0x000000cc       0x38 CMakeFiles/hello_pwm.dir/C_/Users/1/.pico-sdk/sdk/2.0.0/src/rp2_common/pico_platform_panic/panic.c.obj
 .ARM.attributes
                0x00000104       0x38 CMakeFiles/hello_pwm.dir/C_/Users/1/.pico-sdk/sdk/2.0.0/src/common/hardware_claim/claim.c.obj
 .ARM.attributes
                0x0000013c       0x38 CMakeFiles/hello_pwm.dir/C_/Users/1/.pico-sdk/sdk/2.0.0/src/rp2_common/hardware_sync/sync.c.obj
 .ARM.attributes
                0x00000174       0x38 CMakeFiles/hello_pwm.dir/C_/Users/1/.pico-sdk/sdk/2.0.0/src/rp2_common/hardware_sync_spin_lock/sync_spin_lock.c.obj
 .ARM.attributes
                0x000001ac       0x38 CMakeFiles/hello_pwm.dir/C_/Users/1/.pico-sdk/sdk/2.0.0/src/rp2_common/hardware_irq/irq.c.obj
 .ARM.attributes
                0x000001e4       0x38 CMakeFiles/hello_pwm.dir/C_/Users/1/.pico-sdk/sdk/2.0.0/src/common/pico_sync/lock_core.c.obj
 .ARM.attributes
                0x0000021c       0x38 CMakeFiles/hello_pwm.dir/C_/Users/1/.pico-sdk/sdk/2.0.0/src/common/pico_sync/mutex.c.obj
 .ARM.attributes
                0x00000254       0x38 CMakeFiles/hello_pwm.dir/C_/Users/1/.pico-sdk/sdk/2.0.0/src/common/pico_time/time.c.obj
 .ARM.attributes
                0x0000028c       0x38 CMakeFiles/hello_pwm.dir/C_/Users/1/.pico-sdk/sdk/2.0.0/src/rp2_common/hardware_timer/timer.c.obj
 .ARM.attributes
                0x000002c4       0x38 CMakeFiles/hello_pwm.dir/C_/Users/1/.pico-sdk/sdk/2.0.0/src/rp2_common/hardware_clocks/clocks.c.obj
 .ARM.attributes
                0x000002fc       0x38 CMakeFiles/hello_pwm.dir/C_/Users/1/.pico-sdk/sdk/2.0.0/src/rp2_common/hardware_pll/pll.c.obj
 .ARM.attributes
                0x00000334       0x38 CMakeFiles/hello_pwm.dir/C_/Users/1/.pico-sdk/sdk/2.0.0/src/rp2_common/hardware_ticks/ticks.c.obj
 .ARM.attributes
                0x0000036c       0x38 CMakeFiles/hello_pwm.dir/C_/Users/1/.pico-sdk/sdk/2.0.0/src/rp2_common/hardware_xosc/xosc.c.obj
 .ARM.attributes
                0x000003a4       0x38 CMakeFiles/hello_pwm.dir/C_/Users/1/.pico-sdk/sdk/2.0.0/src/rp2_common/pico_runtime/runtime.c.obj
 .ARM.attributes
                0x000003dc       0x38 CMakeFiles/hello_pwm.dir/C_/Users/1/.pico-sdk/sdk/2.0.0/src/rp2_common/pico_runtime_init/runtime_init.c.obj
 .ARM.attributes
                0x00000414       0x38 CMakeFiles/hello_pwm.dir/C_/Users/1/.pico-sdk/sdk/2.0.0/src/rp2_common/pico_runtime_init/runtime_init_clocks.c.obj
 .ARM.attributes
                0x0000044c       0x38 CMakeFiles/hello_pwm.dir/C_/Users/1/.pico-sdk/sdk/2.0.0/src/rp2_common/pico_bootrom/bootrom.c.obj
 .ARM.attributes
                0x00000484       0x38 CMakeFiles/hello_pwm.dir/C_/Users/1/.pico-sdk/sdk/2.0.0/src/rp2_common/pico_bootrom/bootrom_lock.c.obj
 .ARM.attributes
                0x000004bc       0x38 CMakeFiles/hello_pwm.dir/C_/Users/1/.pico-sdk/sdk/2.0.0/src/rp2_common/hardware_boot_lock/boot_lock.c.obj
 .ARM.attributes
                0x000004f4       0x28 CMakeFiles/hello_pwm.dir/C_/Users/1/.pico-sdk/sdk/2.0.0/src/rp2_common/pico_double/double_aeabi_dcp.S.obj
 .ARM.attributes
                0x0000051c       0x38 CMakeFiles/hello_pwm.dir/C_/Users/1/.pico-sdk/sdk/2.0.0/src/rp2_common/pico_standard_binary_info/standard_binary_info.c.obj
 .ARM.attributes
                0x00000554       0x38 CMakeFiles/hello_pwm.dir/C_/Users/1/.pico-sdk/sdk/2.0.0/src/rp2_common/pico_printf/printf.c.obj
 .ARM.attributes
                0x0000058c       0x28 CMakeFiles/hello_pwm.dir/C_/Users/1/.pico-sdk/sdk/2.0.0/src/rp2_common/pico_crt0/crt0.S.obj
 .ARM.attributes
                0x000005b4       0x38 CMakeFiles/hello_pwm.dir/C_/Users/1/.pico-sdk/sdk/2.0.0/src/rp2_common/pico_clib_interface/newlib_interface.c.obj
 .ARM.attributes
                0x000005ec       0x38 CMakeFiles/hello_pwm.dir/C_/Users/1/.pico-sdk/sdk/2.0.0/src/rp2_common/pico_stdio/stdio.c.obj
 .ARM.attributes
                0x00000624       0x26 C:/Users/1/.pico-sdk/toolchain/13_2_Rel1/bin/../lib/gcc/arm-none-eabi/13.2.1/thumb/v8-m.main+fp/softfp\libgcc.a(_aeabi_uldivmod.o)
 .ARM.attributes
                0x0000064a       0x36 C:/Users/1/.pico-sdk/toolchain/13_2_Rel1/bin/../lib/gcc/arm-none-eabi/13.2.1/thumb/v8-m.main+fp/softfp\libgcc.a(_udivmoddi4.o)
 .ARM.attributes
                0x00000680       0x26 C:/Users/1/.pico-sdk/toolchain/13_2_Rel1/bin/../lib/gcc/arm-none-eabi/13.2.1/thumb/v8-m.main+fp/softfp\libgcc.a(_dvmd_tls.o)
 .ARM.attributes
                0x000006a6       0x24 C:/Users/1/.pico-sdk/toolchain/13_2_Rel1/bin/../lib/gcc/arm-none-eabi/13.2.1/thumb/v8-m.main+fp/softfp\libg.a(libc_a-memcpy.o)
 .ARM.attributes
                0x000006ca       0x36 C:/Users/1/.pico-sdk/toolchain/13_2_Rel1/bin/../lib/gcc/arm-none-eabi/13.2.1/thumb/v8-m.main+fp/softfp\libg.a(libc_a-strlen-stub.o)
 .ARM.attributes
                0x00000700       0x36 C:/Users/1/.pico-sdk/toolchain/13_2_Rel1/bin/../lib/gcc/arm-none-eabi/13.2.1/thumb/v8-m.main+fp/softfp/crtend.o

.comment        0x00000000       0x44
 .comment       0x00000000       0x44 CMakeFiles/hello_pwm.dir/hello_pwm.c.obj
                                 0x45 (size before relaxing)
 .comment       0x00000044       0x45 CMakeFiles/hello_pwm.dir/C_/Users/1/.pico-sdk/sdk/2.0.0/src/rp2_common/hardware_gpio/gpio.c.obj
 .comment       0x00000044       0x45 CMakeFiles/hello_pwm.dir/C_/Users/1/.pico-sdk/sdk/2.0.0/src/rp2_common/pico_platform_panic/panic.c.obj
 .comment       0x00000044       0x45 CMakeFiles/hello_pwm.dir/C_/Users/1/.pico-sdk/sdk/2.0.0/src/common/hardware_claim/claim.c.obj
 .comment       0x00000044       0x45 CMakeFiles/hello_pwm.dir/C_/Users/1/.pico-sdk/sdk/2.0.0/src/rp2_common/hardware_sync/sync.c.obj
 .comment       0x00000044       0x45 CMakeFiles/hello_pwm.dir/C_/Users/1/.pico-sdk/sdk/2.0.0/src/rp2_common/hardware_sync_spin_lock/sync_spin_lock.c.obj
 .comment       0x00000044       0x45 CMakeFiles/hello_pwm.dir/C_/Users/1/.pico-sdk/sdk/2.0.0/src/rp2_common/hardware_irq/irq.c.obj
 .comment       0x00000044       0x45 CMakeFiles/hello_pwm.dir/C_/Users/1/.pico-sdk/sdk/2.0.0/src/common/pico_sync/lock_core.c.obj
 .comment       0x00000044       0x45 CMakeFiles/hello_pwm.dir/C_/Users/1/.pico-sdk/sdk/2.0.0/src/common/pico_sync/mutex.c.obj
 .comment       0x00000044       0x45 CMakeFiles/hello_pwm.dir/C_/Users/1/.pico-sdk/sdk/2.0.0/src/common/pico_time/time.c.obj
 .comment       0x00000044       0x45 CMakeFiles/hello_pwm.dir/C_/Users/1/.pico-sdk/sdk/2.0.0/src/rp2_common/hardware_timer/timer.c.obj
 .comment       0x00000044       0x45 CMakeFiles/hello_pwm.dir/C_/Users/1/.pico-sdk/sdk/2.0.0/src/rp2_common/hardware_clocks/clocks.c.obj
 .comment       0x00000044       0x45 CMakeFiles/hello_pwm.dir/C_/Users/1/.pico-sdk/sdk/2.0.0/src/rp2_common/hardware_pll/pll.c.obj
 .comment       0x00000044       0x45 CMakeFiles/hello_pwm.dir/C_/Users/1/.pico-sdk/sdk/2.0.0/src/rp2_common/hardware_ticks/ticks.c.obj
 .comment       0x00000044       0x45 CMakeFiles/hello_pwm.dir/C_/Users/1/.pico-sdk/sdk/2.0.0/src/rp2_common/hardware_xosc/xosc.c.obj
 .comment       0x00000044       0x45 CMakeFiles/hello_pwm.dir/C_/Users/1/.pico-sdk/sdk/2.0.0/src/rp2_common/pico_runtime/runtime.c.obj
 .comment       0x00000044       0x45 CMakeFiles/hello_pwm.dir/C_/Users/1/.pico-sdk/sdk/2.0.0/src/rp2_common/pico_runtime_init/runtime_init.c.obj
 .comment       0x00000044       0x45 CMakeFiles/hello_pwm.dir/C_/Users/1/.pico-sdk/sdk/2.0.0/src/rp2_common/pico_runtime_init/runtime_init_clocks.c.obj
 .comment       0x00000044       0x45 CMakeFiles/hello_pwm.dir/C_/Users/1/.pico-sdk/sdk/2.0.0/src/rp2_common/pico_bootrom/bootrom.c.obj
 .comment       0x00000044       0x45 CMakeFiles/hello_pwm.dir/C_/Users/1/.pico-sdk/sdk/2.0.0/src/rp2_common/pico_bootrom/bootrom_lock.c.obj
 .comment       0x00000044       0x45 CMakeFiles/hello_pwm.dir/C_/Users/1/.pico-sdk/sdk/2.0.0/src/rp2_common/hardware_boot_lock/boot_lock.c.obj
 .comment       0x00000044       0x45 CMakeFiles/hello_pwm.dir/C_/Users/1/.pico-sdk/sdk/2.0.0/src/rp2_common/pico_standard_binary_info/standard_binary_info.c.obj
 .comment       0x00000044       0x45 CMakeFiles/hello_pwm.dir/C_/Users/1/.pico-sdk/sdk/2.0.0/src/rp2_common/pico_printf/printf.c.obj
 .comment       0x00000044       0x45 CMakeFiles/hello_pwm.dir/C_/Users/1/.pico-sdk/sdk/2.0.0/src/rp2_common/pico_clib_interface/newlib_interface.c.obj
 .comment       0x00000044       0x45 CMakeFiles/hello_pwm.dir/C_/Users/1/.pico-sdk/sdk/2.0.0/src/rp2_common/pico_stdio/stdio.c.obj

.debug_info     0x00000000    0x171a4
 .debug_info    0x00000000      0x6e4 CMakeFiles/hello_pwm.dir/hello_pwm.c.obj
 .debug_info    0x000006e4     0x1c2c CMakeFiles/hello_pwm.dir/C_/Users/1/.pico-sdk/sdk/2.0.0/src/rp2_common/hardware_gpio/gpio.c.obj
 .debug_info    0x00002310      0x1b3 CMakeFiles/hello_pwm.dir/C_/Users/1/.pico-sdk/sdk/2.0.0/src/rp2_common/pico_platform_panic/panic.c.obj
 .debug_info    0x000024c3      0x73d CMakeFiles/hello_pwm.dir/C_/Users/1/.pico-sdk/sdk/2.0.0/src/common/hardware_claim/claim.c.obj
 .debug_info    0x00002c00      0x47d CMakeFiles/hello_pwm.dir/C_/Users/1/.pico-sdk/sdk/2.0.0/src/rp2_common/hardware_sync/sync.c.obj
 .debug_info    0x0000307d     0x152a CMakeFiles/hello_pwm.dir/C_/Users/1/.pico-sdk/sdk/2.0.0/src/rp2_common/hardware_sync_spin_lock/sync_spin_lock.c.obj
 .debug_info    0x000045a7     0x23ac CMakeFiles/hello_pwm.dir/C_/Users/1/.pico-sdk/sdk/2.0.0/src/rp2_common/hardware_irq/irq.c.obj
 .debug_info    0x00006953      0x1cf CMakeFiles/hello_pwm.dir/C_/Users/1/.pico-sdk/sdk/2.0.0/src/common/pico_sync/lock_core.c.obj
 .debug_info    0x00006b22     0x1f0d CMakeFiles/hello_pwm.dir/C_/Users/1/.pico-sdk/sdk/2.0.0/src/common/pico_sync/mutex.c.obj
 .debug_info    0x00008a2f     0x36c2 CMakeFiles/hello_pwm.dir/C_/Users/1/.pico-sdk/sdk/2.0.0/src/common/pico_time/time.c.obj
 .debug_info    0x0000c0f1     0x1e85 CMakeFiles/hello_pwm.dir/C_/Users/1/.pico-sdk/sdk/2.0.0/src/rp2_common/hardware_timer/timer.c.obj
 .debug_info    0x0000df76     0x15d5 CMakeFiles/hello_pwm.dir/C_/Users/1/.pico-sdk/sdk/2.0.0/src/rp2_common/hardware_clocks/clocks.c.obj
 .debug_info    0x0000f54b      0x67c CMakeFiles/hello_pwm.dir/C_/Users/1/.pico-sdk/sdk/2.0.0/src/rp2_common/hardware_pll/pll.c.obj
 .debug_info    0x0000fbc7      0x2d6 CMakeFiles/hello_pwm.dir/C_/Users/1/.pico-sdk/sdk/2.0.0/src/rp2_common/hardware_ticks/ticks.c.obj
 .debug_info    0x0000fe9d      0x1b5 CMakeFiles/hello_pwm.dir/C_/Users/1/.pico-sdk/sdk/2.0.0/src/rp2_common/hardware_xosc/xosc.c.obj
 .debug_info    0x00010052      0x1bc CMakeFiles/hello_pwm.dir/C_/Users/1/.pico-sdk/sdk/2.0.0/src/rp2_common/pico_runtime/runtime.c.obj
 .debug_info    0x0001020e     0x1bec CMakeFiles/hello_pwm.dir/C_/Users/1/.pico-sdk/sdk/2.0.0/src/rp2_common/pico_runtime_init/runtime_init.c.obj
 .debug_info    0x00011dfa      0x7af CMakeFiles/hello_pwm.dir/C_/Users/1/.pico-sdk/sdk/2.0.0/src/rp2_common/pico_runtime_init/runtime_init_clocks.c.obj
 .debug_info    0x000125a9      0x84b CMakeFiles/hello_pwm.dir/C_/Users/1/.pico-sdk/sdk/2.0.0/src/rp2_common/pico_bootrom/bootrom.c.obj
 .debug_info    0x00012df4      0x1d5 CMakeFiles/hello_pwm.dir/C_/Users/1/.pico-sdk/sdk/2.0.0/src/rp2_common/pico_bootrom/bootrom_lock.c.obj
 .debug_info    0x00012fc9      0x334 CMakeFiles/hello_pwm.dir/C_/Users/1/.pico-sdk/sdk/2.0.0/src/rp2_common/hardware_boot_lock/boot_lock.c.obj
 .debug_info    0x000132fd       0x23 CMakeFiles/hello_pwm.dir/C_/Users/1/.pico-sdk/sdk/2.0.0/src/rp2_common/pico_double/double_aeabi_dcp.S.obj
 .debug_info    0x00013320      0x28e CMakeFiles/hello_pwm.dir/C_/Users/1/.pico-sdk/sdk/2.0.0/src/rp2_common/pico_standard_binary_info/standard_binary_info.c.obj
 .debug_info    0x000135ae     0x194e CMakeFiles/hello_pwm.dir/C_/Users/1/.pico-sdk/sdk/2.0.0/src/rp2_common/pico_printf/printf.c.obj
 .debug_info    0x00014efc       0x23 CMakeFiles/hello_pwm.dir/C_/Users/1/.pico-sdk/sdk/2.0.0/src/rp2_common/pico_crt0/crt0.S.obj
 .debug_info    0x00014f1f      0xc65 CMakeFiles/hello_pwm.dir/C_/Users/1/.pico-sdk/sdk/2.0.0/src/rp2_common/pico_clib_interface/newlib_interface.c.obj
 .debug_info    0x00015b84     0x1620 CMakeFiles/hello_pwm.dir/C_/Users/1/.pico-sdk/sdk/2.0.0/src/rp2_common/pico_stdio/stdio.c.obj

.debug_abbrev   0x00000000     0x48ca
 .debug_abbrev  0x00000000      0x2ab CMakeFiles/hello_pwm.dir/hello_pwm.c.obj
 .debug_abbrev  0x000002ab      0x48b CMakeFiles/hello_pwm.dir/C_/Users/1/.pico-sdk/sdk/2.0.0/src/rp2_common/hardware_gpio/gpio.c.obj
 .debug_abbrev  0x00000736      0x12d CMakeFiles/hello_pwm.dir/C_/Users/1/.pico-sdk/sdk/2.0.0/src/rp2_common/pico_platform_panic/panic.c.obj
 .debug_abbrev  0x00000863      0x2dd CMakeFiles/hello_pwm.dir/C_/Users/1/.pico-sdk/sdk/2.0.0/src/common/hardware_claim/claim.c.obj
 .debug_abbrev  0x00000b40      0x1f8 CMakeFiles/hello_pwm.dir/C_/Users/1/.pico-sdk/sdk/2.0.0/src/rp2_common/hardware_sync/sync.c.obj
 .debug_abbrev  0x00000d38      0x2a1 CMakeFiles/hello_pwm.dir/C_/Users/1/.pico-sdk/sdk/2.0.0/src/rp2_common/hardware_sync_spin_lock/sync_spin_lock.c.obj
 .debug_abbrev  0x00000fd9      0x5dc CMakeFiles/hello_pwm.dir/C_/Users/1/.pico-sdk/sdk/2.0.0/src/rp2_common/hardware_irq/irq.c.obj
 .debug_abbrev  0x000015b5      0x130 CMakeFiles/hello_pwm.dir/C_/Users/1/.pico-sdk/sdk/2.0.0/src/common/pico_sync/lock_core.c.obj
 .debug_abbrev  0x000016e5      0x43a CMakeFiles/hello_pwm.dir/C_/Users/1/.pico-sdk/sdk/2.0.0/src/common/pico_sync/mutex.c.obj
 .debug_abbrev  0x00001b1f      0x633 CMakeFiles/hello_pwm.dir/C_/Users/1/.pico-sdk/sdk/2.0.0/src/common/pico_time/time.c.obj
 .debug_abbrev  0x00002152      0x4c0 CMakeFiles/hello_pwm.dir/C_/Users/1/.pico-sdk/sdk/2.0.0/src/rp2_common/hardware_timer/timer.c.obj
 .debug_abbrev  0x00002612      0x430 CMakeFiles/hello_pwm.dir/C_/Users/1/.pico-sdk/sdk/2.0.0/src/rp2_common/hardware_clocks/clocks.c.obj
 .debug_abbrev  0x00002a42      0x1f8 CMakeFiles/hello_pwm.dir/C_/Users/1/.pico-sdk/sdk/2.0.0/src/rp2_common/hardware_pll/pll.c.obj
 .debug_abbrev  0x00002c3a      0x153 CMakeFiles/hello_pwm.dir/C_/Users/1/.pico-sdk/sdk/2.0.0/src/rp2_common/hardware_ticks/ticks.c.obj
 .debug_abbrev  0x00002d8d      0x10b CMakeFiles/hello_pwm.dir/C_/Users/1/.pico-sdk/sdk/2.0.0/src/rp2_common/hardware_xosc/xosc.c.obj
 .debug_abbrev  0x00002e98      0x149 CMakeFiles/hello_pwm.dir/C_/Users/1/.pico-sdk/sdk/2.0.0/src/rp2_common/pico_runtime/runtime.c.obj
 .debug_abbrev  0x00002fe1      0x2c4 CMakeFiles/hello_pwm.dir/C_/Users/1/.pico-sdk/sdk/2.0.0/src/rp2_common/pico_runtime_init/runtime_init.c.obj
 .debug_abbrev  0x000032a5      0x2a8 CMakeFiles/hello_pwm.dir/C_/Users/1/.pico-sdk/sdk/2.0.0/src/rp2_common/pico_runtime_init/runtime_init_clocks.c.obj
 .debug_abbrev  0x0000354d      0x362 CMakeFiles/hello_pwm.dir/C_/Users/1/.pico-sdk/sdk/2.0.0/src/rp2_common/pico_bootrom/bootrom.c.obj
 .debug_abbrev  0x000038af      0x12b CMakeFiles/hello_pwm.dir/C_/Users/1/.pico-sdk/sdk/2.0.0/src/rp2_common/pico_bootrom/bootrom_lock.c.obj
 .debug_abbrev  0x000039da      0x200 CMakeFiles/hello_pwm.dir/C_/Users/1/.pico-sdk/sdk/2.0.0/src/rp2_common/hardware_boot_lock/boot_lock.c.obj
 .debug_abbrev  0x00003bda       0x12 CMakeFiles/hello_pwm.dir/C_/Users/1/.pico-sdk/sdk/2.0.0/src/rp2_common/pico_double/double_aeabi_dcp.S.obj
 .debug_abbrev  0x00003bec       0xb8 CMakeFiles/hello_pwm.dir/C_/Users/1/.pico-sdk/sdk/2.0.0/src/rp2_common/pico_standard_binary_info/standard_binary_info.c.obj
 .debug_abbrev  0x00003ca4      0x38e CMakeFiles/hello_pwm.dir/C_/Users/1/.pico-sdk/sdk/2.0.0/src/rp2_common/pico_printf/printf.c.obj
 .debug_abbrev  0x00004032       0x12 CMakeFiles/hello_pwm.dir/C_/Users/1/.pico-sdk/sdk/2.0.0/src/rp2_common/pico_crt0/crt0.S.obj
 .debug_abbrev  0x00004044      0x35f CMakeFiles/hello_pwm.dir/C_/Users/1/.pico-sdk/sdk/2.0.0/src/rp2_common/pico_clib_interface/newlib_interface.c.obj
 .debug_abbrev  0x000043a3      0x527 CMakeFiles/hello_pwm.dir/C_/Users/1/.pico-sdk/sdk/2.0.0/src/rp2_common/pico_stdio/stdio.c.obj

.debug_loclists
                0x00000000     0x7fde
 .debug_loclists
                0x00000000      0x163 CMakeFiles/hello_pwm.dir/hello_pwm.c.obj
 .debug_loclists
                0x00000163      0xc8b CMakeFiles/hello_pwm.dir/C_/Users/1/.pico-sdk/sdk/2.0.0/src/rp2_common/hardware_gpio/gpio.c.obj
 .debug_loclists
                0x00000dee      0x268 CMakeFiles/hello_pwm.dir/C_/Users/1/.pico-sdk/sdk/2.0.0/src/common/hardware_claim/claim.c.obj
 .debug_loclists
                0x00001056       0xe6 CMakeFiles/hello_pwm.dir/C_/Users/1/.pico-sdk/sdk/2.0.0/src/rp2_common/hardware_sync/sync.c.obj
 .debug_loclists
                0x0000113c       0xa3 CMakeFiles/hello_pwm.dir/C_/Users/1/.pico-sdk/sdk/2.0.0/src/rp2_common/hardware_sync_spin_lock/sync_spin_lock.c.obj
 .debug_loclists
                0x000011df      0xd77 CMakeFiles/hello_pwm.dir/C_/Users/1/.pico-sdk/sdk/2.0.0/src/rp2_common/hardware_irq/irq.c.obj
 .debug_loclists
                0x00001f56       0x17 CMakeFiles/hello_pwm.dir/C_/Users/1/.pico-sdk/sdk/2.0.0/src/common/pico_sync/lock_core.c.obj
 .debug_loclists
                0x00001f6d      0xae1 CMakeFiles/hello_pwm.dir/C_/Users/1/.pico-sdk/sdk/2.0.0/src/common/pico_sync/mutex.c.obj
 .debug_loclists
                0x00002a4e     0x198d CMakeFiles/hello_pwm.dir/C_/Users/1/.pico-sdk/sdk/2.0.0/src/common/pico_time/time.c.obj
 .debug_loclists
                0x000043db      0xaf7 CMakeFiles/hello_pwm.dir/C_/Users/1/.pico-sdk/sdk/2.0.0/src/rp2_common/hardware_timer/timer.c.obj
 .debug_loclists
                0x00004ed2      0x849 CMakeFiles/hello_pwm.dir/C_/Users/1/.pico-sdk/sdk/2.0.0/src/rp2_common/hardware_clocks/clocks.c.obj
 .debug_loclists
                0x0000571b      0x3d0 CMakeFiles/hello_pwm.dir/C_/Users/1/.pico-sdk/sdk/2.0.0/src/rp2_common/hardware_pll/pll.c.obj
 .debug_loclists
                0x00005aeb       0x80 CMakeFiles/hello_pwm.dir/C_/Users/1/.pico-sdk/sdk/2.0.0/src/rp2_common/hardware_ticks/ticks.c.obj
 .debug_loclists
                0x00005b6b       0x48 CMakeFiles/hello_pwm.dir/C_/Users/1/.pico-sdk/sdk/2.0.0/src/rp2_common/hardware_xosc/xosc.c.obj
 .debug_loclists
                0x00005bb3       0x58 CMakeFiles/hello_pwm.dir/C_/Users/1/.pico-sdk/sdk/2.0.0/src/rp2_common/pico_runtime/runtime.c.obj
 .debug_loclists
                0x00005c0b      0x10a CMakeFiles/hello_pwm.dir/C_/Users/1/.pico-sdk/sdk/2.0.0/src/rp2_common/pico_runtime_init/runtime_init.c.obj
 .debug_loclists
                0x00005d15       0x64 CMakeFiles/hello_pwm.dir/C_/Users/1/.pico-sdk/sdk/2.0.0/src/rp2_common/pico_runtime_init/runtime_init_clocks.c.obj
 .debug_loclists
                0x00005d79      0x3c7 CMakeFiles/hello_pwm.dir/C_/Users/1/.pico-sdk/sdk/2.0.0/src/rp2_common/pico_bootrom/bootrom.c.obj
 .debug_loclists
                0x00006140       0x8c CMakeFiles/hello_pwm.dir/C_/Users/1/.pico-sdk/sdk/2.0.0/src/rp2_common/hardware_boot_lock/boot_lock.c.obj
 .debug_loclists
                0x000061cc     0x1356 CMakeFiles/hello_pwm.dir/C_/Users/1/.pico-sdk/sdk/2.0.0/src/rp2_common/pico_printf/printf.c.obj
 .debug_loclists
                0x00007522      0x435 CMakeFiles/hello_pwm.dir/C_/Users/1/.pico-sdk/sdk/2.0.0/src/rp2_common/pico_clib_interface/newlib_interface.c.obj
 .debug_loclists
                0x00007957      0x687 CMakeFiles/hello_pwm.dir/C_/Users/1/.pico-sdk/sdk/2.0.0/src/rp2_common/pico_stdio/stdio.c.obj

.debug_aranges  0x00000000      0xb78
 .debug_aranges
                0x00000000       0x28 CMakeFiles/hello_pwm.dir/hello_pwm.c.obj
 .debug_aranges
                0x00000028      0x128 CMakeFiles/hello_pwm.dir/C_/Users/1/.pico-sdk/sdk/2.0.0/src/rp2_common/hardware_gpio/gpio.c.obj
 .debug_aranges
                0x00000150       0x28 CMakeFiles/hello_pwm.dir/C_/Users/1/.pico-sdk/sdk/2.0.0/src/rp2_common/pico_platform_panic/panic.c.obj
 .debug_aranges
                0x00000178       0x48 CMakeFiles/hello_pwm.dir/C_/Users/1/.pico-sdk/sdk/2.0.0/src/common/hardware_claim/claim.c.obj
 .debug_aranges
                0x000001c0       0x48 CMakeFiles/hello_pwm.dir/C_/Users/1/.pico-sdk/sdk/2.0.0/src/rp2_common/hardware_sync/sync.c.obj
 .debug_aranges
                0x00000208       0x30 CMakeFiles/hello_pwm.dir/C_/Users/1/.pico-sdk/sdk/2.0.0/src/rp2_common/hardware_sync_spin_lock/sync_spin_lock.c.obj
 .debug_aranges
                0x00000238       0xe0 CMakeFiles/hello_pwm.dir/C_/Users/1/.pico-sdk/sdk/2.0.0/src/rp2_common/hardware_irq/irq.c.obj
 .debug_aranges
                0x00000318       0x20 CMakeFiles/hello_pwm.dir/C_/Users/1/.pico-sdk/sdk/2.0.0/src/common/pico_sync/lock_core.c.obj
 .debug_aranges
                0x00000338       0x98 CMakeFiles/hello_pwm.dir/C_/Users/1/.pico-sdk/sdk/2.0.0/src/common/pico_sync/mutex.c.obj
 .debug_aranges
                0x000003d0      0x118 CMakeFiles/hello_pwm.dir/C_/Users/1/.pico-sdk/sdk/2.0.0/src/common/pico_time/time.c.obj
 .debug_aranges
                0x000004e8       0xf0 CMakeFiles/hello_pwm.dir/C_/Users/1/.pico-sdk/sdk/2.0.0/src/rp2_common/hardware_timer/timer.c.obj
 .debug_aranges
                0x000005d8       0xa0 CMakeFiles/hello_pwm.dir/C_/Users/1/.pico-sdk/sdk/2.0.0/src/rp2_common/hardware_clocks/clocks.c.obj
 .debug_aranges
                0x00000678       0x28 CMakeFiles/hello_pwm.dir/C_/Users/1/.pico-sdk/sdk/2.0.0/src/rp2_common/hardware_pll/pll.c.obj
 .debug_aranges
                0x000006a0       0x30 CMakeFiles/hello_pwm.dir/C_/Users/1/.pico-sdk/sdk/2.0.0/src/rp2_common/hardware_ticks/ticks.c.obj
 .debug_aranges
                0x000006d0       0x30 CMakeFiles/hello_pwm.dir/C_/Users/1/.pico-sdk/sdk/2.0.0/src/rp2_common/hardware_xosc/xosc.c.obj
 .debug_aranges
                0x00000700       0x40 CMakeFiles/hello_pwm.dir/C_/Users/1/.pico-sdk/sdk/2.0.0/src/rp2_common/pico_runtime/runtime.c.obj
 .debug_aranges
                0x00000740       0x58 CMakeFiles/hello_pwm.dir/C_/Users/1/.pico-sdk/sdk/2.0.0/src/rp2_common/pico_runtime_init/runtime_init.c.obj
 .debug_aranges
                0x00000798       0x28 CMakeFiles/hello_pwm.dir/C_/Users/1/.pico-sdk/sdk/2.0.0/src/rp2_common/pico_runtime_init/runtime_init_clocks.c.obj
 .debug_aranges
                0x000007c0       0x50 CMakeFiles/hello_pwm.dir/C_/Users/1/.pico-sdk/sdk/2.0.0/src/rp2_common/pico_bootrom/bootrom.c.obj
 .debug_aranges
                0x00000810       0x20 CMakeFiles/hello_pwm.dir/C_/Users/1/.pico-sdk/sdk/2.0.0/src/rp2_common/pico_bootrom/bootrom_lock.c.obj
 .debug_aranges
                0x00000830       0x30 CMakeFiles/hello_pwm.dir/C_/Users/1/.pico-sdk/sdk/2.0.0/src/rp2_common/hardware_boot_lock/boot_lock.c.obj
 .debug_aranges
                0x00000860       0xd8 CMakeFiles/hello_pwm.dir/C_/Users/1/.pico-sdk/sdk/2.0.0/src/rp2_common/pico_double/double_aeabi_dcp.S.obj
 .debug_aranges
                0x00000938       0x18 CMakeFiles/hello_pwm.dir/C_/Users/1/.pico-sdk/sdk/2.0.0/src/rp2_common/pico_standard_binary_info/standard_binary_info.c.obj
 .debug_aranges
                0x00000950       0x90 CMakeFiles/hello_pwm.dir/C_/Users/1/.pico-sdk/sdk/2.0.0/src/rp2_common/pico_printf/printf.c.obj
 .debug_aranges
                0x000009e0       0x28 CMakeFiles/hello_pwm.dir/C_/Users/1/.pico-sdk/sdk/2.0.0/src/rp2_common/pico_crt0/crt0.S.obj
 .debug_aranges
                0x00000a08       0xa0 CMakeFiles/hello_pwm.dir/C_/Users/1/.pico-sdk/sdk/2.0.0/src/rp2_common/pico_clib_interface/newlib_interface.c.obj
 .debug_aranges
                0x00000aa8       0xd0 CMakeFiles/hello_pwm.dir/C_/Users/1/.pico-sdk/sdk/2.0.0/src/rp2_common/pico_stdio/stdio.c.obj

.debug_rnglists
                0x00000000      0xc4a
 .debug_rnglists
                0x00000000       0x25 CMakeFiles/hello_pwm.dir/hello_pwm.c.obj
 .debug_rnglists
                0x00000025      0x10a CMakeFiles/hello_pwm.dir/C_/Users/1/.pico-sdk/sdk/2.0.0/src/rp2_common/hardware_gpio/gpio.c.obj
 .debug_rnglists
                0x0000012f       0x19 CMakeFiles/hello_pwm.dir/C_/Users/1/.pico-sdk/sdk/2.0.0/src/rp2_common/pico_platform_panic/panic.c.obj
 .debug_rnglists
                0x00000148       0x31 CMakeFiles/hello_pwm.dir/C_/Users/1/.pico-sdk/sdk/2.0.0/src/common/hardware_claim/claim.c.obj
 .debug_rnglists
                0x00000179       0x31 CMakeFiles/hello_pwm.dir/C_/Users/1/.pico-sdk/sdk/2.0.0/src/rp2_common/hardware_sync/sync.c.obj
 .debug_rnglists
                0x000001aa       0x1f CMakeFiles/hello_pwm.dir/C_/Users/1/.pico-sdk/sdk/2.0.0/src/rp2_common/hardware_sync_spin_lock/sync_spin_lock.c.obj
 .debug_rnglists
                0x000001c9       0xf0 CMakeFiles/hello_pwm.dir/C_/Users/1/.pico-sdk/sdk/2.0.0/src/rp2_common/hardware_irq/irq.c.obj
 .debug_rnglists
                0x000002b9       0x13 CMakeFiles/hello_pwm.dir/C_/Users/1/.pico-sdk/sdk/2.0.0/src/common/pico_sync/lock_core.c.obj
 .debug_rnglists
                0x000002cc      0x12b CMakeFiles/hello_pwm.dir/C_/Users/1/.pico-sdk/sdk/2.0.0/src/common/pico_sync/mutex.c.obj
 .debug_rnglists
                0x000003f7      0x21e CMakeFiles/hello_pwm.dir/C_/Users/1/.pico-sdk/sdk/2.0.0/src/common/pico_time/time.c.obj
 .debug_rnglists
                0x00000615       0xca CMakeFiles/hello_pwm.dir/C_/Users/1/.pico-sdk/sdk/2.0.0/src/rp2_common/hardware_timer/timer.c.obj
 .debug_rnglists
                0x000006df       0xe1 CMakeFiles/hello_pwm.dir/C_/Users/1/.pico-sdk/sdk/2.0.0/src/rp2_common/hardware_clocks/clocks.c.obj
 .debug_rnglists
                0x000007c0       0x1a CMakeFiles/hello_pwm.dir/C_/Users/1/.pico-sdk/sdk/2.0.0/src/rp2_common/hardware_pll/pll.c.obj
 .debug_rnglists
                0x000007da       0x1f CMakeFiles/hello_pwm.dir/C_/Users/1/.pico-sdk/sdk/2.0.0/src/rp2_common/hardware_ticks/ticks.c.obj
 .debug_rnglists
                0x000007f9       0x1f CMakeFiles/hello_pwm.dir/C_/Users/1/.pico-sdk/sdk/2.0.0/src/rp2_common/hardware_xosc/xosc.c.obj
 .debug_rnglists
                0x00000818       0x2b CMakeFiles/hello_pwm.dir/C_/Users/1/.pico-sdk/sdk/2.0.0/src/rp2_common/pico_runtime/runtime.c.obj
 .debug_rnglists
                0x00000843       0x3d CMakeFiles/hello_pwm.dir/C_/Users/1/.pico-sdk/sdk/2.0.0/src/rp2_common/pico_runtime_init/runtime_init.c.obj
 .debug_rnglists
                0x00000880       0x1a CMakeFiles/hello_pwm.dir/C_/Users/1/.pico-sdk/sdk/2.0.0/src/rp2_common/pico_runtime_init/runtime_init_clocks.c.obj
 .debug_rnglists
                0x0000089a       0x74 CMakeFiles/hello_pwm.dir/C_/Users/1/.pico-sdk/sdk/2.0.0/src/rp2_common/pico_bootrom/bootrom.c.obj
 .debug_rnglists
                0x0000090e       0x13 CMakeFiles/hello_pwm.dir/C_/Users/1/.pico-sdk/sdk/2.0.0/src/rp2_common/pico_bootrom/bootrom_lock.c.obj
 .debug_rnglists
                0x00000921       0x1f CMakeFiles/hello_pwm.dir/C_/Users/1/.pico-sdk/sdk/2.0.0/src/rp2_common/hardware_boot_lock/boot_lock.c.obj
 .debug_rnglists
                0x00000940       0x9f CMakeFiles/hello_pwm.dir/C_/Users/1/.pico-sdk/sdk/2.0.0/src/rp2_common/pico_double/double_aeabi_dcp.S.obj
 .debug_rnglists
                0x000009df       0xf0 CMakeFiles/hello_pwm.dir/C_/Users/1/.pico-sdk/sdk/2.0.0/src/rp2_common/pico_printf/printf.c.obj
 .debug_rnglists
                0x00000acf       0x1b CMakeFiles/hello_pwm.dir/C_/Users/1/.pico-sdk/sdk/2.0.0/src/rp2_common/pico_crt0/crt0.S.obj
 .debug_rnglists
                0x00000aea       0x73 CMakeFiles/hello_pwm.dir/C_/Users/1/.pico-sdk/sdk/2.0.0/src/rp2_common/pico_clib_interface/newlib_interface.c.obj
 .debug_rnglists
                0x00000b5d       0xed CMakeFiles/hello_pwm.dir/C_/Users/1/.pico-sdk/sdk/2.0.0/src/rp2_common/pico_stdio/stdio.c.obj

.debug_line     0x00000000     0xcdd5
 .debug_line    0x00000000      0x43e CMakeFiles/hello_pwm.dir/hello_pwm.c.obj
 .debug_line    0x0000043e      0xdd0 CMakeFiles/hello_pwm.dir/C_/Users/1/.pico-sdk/sdk/2.0.0/src/rp2_common/hardware_gpio/gpio.c.obj
 .debug_line    0x0000120e      0x209 CMakeFiles/hello_pwm.dir/C_/Users/1/.pico-sdk/sdk/2.0.0/src/rp2_common/pico_platform_panic/panic.c.obj
 .debug_line    0x00001417      0x560 CMakeFiles/hello_pwm.dir/C_/Users/1/.pico-sdk/sdk/2.0.0/src/common/hardware_claim/claim.c.obj
 .debug_line    0x00001977      0x39a CMakeFiles/hello_pwm.dir/C_/Users/1/.pico-sdk/sdk/2.0.0/src/rp2_common/hardware_sync/sync.c.obj
 .debug_line    0x00001d11      0x3ba CMakeFiles/hello_pwm.dir/C_/Users/1/.pico-sdk/sdk/2.0.0/src/rp2_common/hardware_sync_spin_lock/sync_spin_lock.c.obj
 .debug_line    0x000020cb     0x1199 CMakeFiles/hello_pwm.dir/C_/Users/1/.pico-sdk/sdk/2.0.0/src/rp2_common/hardware_irq/irq.c.obj
 .debug_line    0x00003264      0x24e CMakeFiles/hello_pwm.dir/C_/Users/1/.pico-sdk/sdk/2.0.0/src/common/pico_sync/lock_core.c.obj
 .debug_line    0x000034b2     0x1019 CMakeFiles/hello_pwm.dir/C_/Users/1/.pico-sdk/sdk/2.0.0/src/common/pico_sync/mutex.c.obj
 .debug_line    0x000044cb     0x1cee CMakeFiles/hello_pwm.dir/C_/Users/1/.pico-sdk/sdk/2.0.0/src/common/pico_time/time.c.obj
 .debug_line    0x000061b9      0xf49 CMakeFiles/hello_pwm.dir/C_/Users/1/.pico-sdk/sdk/2.0.0/src/rp2_common/hardware_timer/timer.c.obj
 .debug_line    0x00007102      0xb38 CMakeFiles/hello_pwm.dir/C_/Users/1/.pico-sdk/sdk/2.0.0/src/rp2_common/hardware_clocks/clocks.c.obj
 .debug_line    0x00007c3a      0x53a CMakeFiles/hello_pwm.dir/C_/Users/1/.pico-sdk/sdk/2.0.0/src/rp2_common/hardware_pll/pll.c.obj
 .debug_line    0x00008174      0x2f2 CMakeFiles/hello_pwm.dir/C_/Users/1/.pico-sdk/sdk/2.0.0/src/rp2_common/hardware_ticks/ticks.c.obj
 .debug_line    0x00008466      0x32c CMakeFiles/hello_pwm.dir/C_/Users/1/.pico-sdk/sdk/2.0.0/src/rp2_common/hardware_xosc/xosc.c.obj
 .debug_line    0x00008792      0x26a CMakeFiles/hello_pwm.dir/C_/Users/1/.pico-sdk/sdk/2.0.0/src/rp2_common/pico_runtime/runtime.c.obj
 .debug_line    0x000089fc      0x570 CMakeFiles/hello_pwm.dir/C_/Users/1/.pico-sdk/sdk/2.0.0/src/rp2_common/pico_runtime_init/runtime_init.c.obj
 .debug_line    0x00008f6c      0x524 CMakeFiles/hello_pwm.dir/C_/Users/1/.pico-sdk/sdk/2.0.0/src/rp2_common/pico_runtime_init/runtime_init_clocks.c.obj
 .debug_line    0x00009490      0x62b CMakeFiles/hello_pwm.dir/C_/Users/1/.pico-sdk/sdk/2.0.0/src/rp2_common/pico_bootrom/bootrom.c.obj
 .debug_line    0x00009abb      0x370 CMakeFiles/hello_pwm.dir/C_/Users/1/.pico-sdk/sdk/2.0.0/src/rp2_common/pico_bootrom/bootrom_lock.c.obj
 .debug_line    0x00009e2b      0x3c2 CMakeFiles/hello_pwm.dir/C_/Users/1/.pico-sdk/sdk/2.0.0/src/rp2_common/hardware_boot_lock/boot_lock.c.obj
 .debug_line    0x0000a1ed      0x21c CMakeFiles/hello_pwm.dir/C_/Users/1/.pico-sdk/sdk/2.0.0/src/rp2_common/pico_double/double_aeabi_dcp.S.obj
 .debug_line    0x0000a409      0x1e1 CMakeFiles/hello_pwm.dir/C_/Users/1/.pico-sdk/sdk/2.0.0/src/rp2_common/pico_standard_binary_info/standard_binary_info.c.obj
 .debug_line    0x0000a5ea     0x1285 CMakeFiles/hello_pwm.dir/C_/Users/1/.pico-sdk/sdk/2.0.0/src/rp2_common/pico_printf/printf.c.obj
 .debug_line    0x0000b86f       0xa0 CMakeFiles/hello_pwm.dir/C_/Users/1/.pico-sdk/sdk/2.0.0/src/rp2_common/pico_crt0/crt0.S.obj
 .debug_line    0x0000b90f      0x7b2 CMakeFiles/hello_pwm.dir/C_/Users/1/.pico-sdk/sdk/2.0.0/src/rp2_common/pico_clib_interface/newlib_interface.c.obj
 .debug_line    0x0000c0c1      0xd14 CMakeFiles/hello_pwm.dir/C_/Users/1/.pico-sdk/sdk/2.0.0/src/rp2_common/pico_stdio/stdio.c.obj

.debug_str      0x00000000     0x4c94
 .debug_str     0x00000000     0x4c94 CMakeFiles/hello_pwm.dir/hello_pwm.c.obj
                                0x48b (size before relaxing)
 .debug_str     0x00004c94      0xd1f CMakeFiles/hello_pwm.dir/C_/Users/1/.pico-sdk/sdk/2.0.0/src/rp2_common/hardware_gpio/gpio.c.obj
 .debug_str     0x00004c94      0x205 CMakeFiles/hello_pwm.dir/C_/Users/1/.pico-sdk/sdk/2.0.0/src/rp2_common/pico_platform_panic/panic.c.obj
 .debug_str     0x00004c94      0x39d CMakeFiles/hello_pwm.dir/C_/Users/1/.pico-sdk/sdk/2.0.0/src/common/hardware_claim/claim.c.obj
 .debug_str     0x00004c94      0x33a CMakeFiles/hello_pwm.dir/C_/Users/1/.pico-sdk/sdk/2.0.0/src/rp2_common/hardware_sync/sync.c.obj
 .debug_str     0x00004c94      0xbfa CMakeFiles/hello_pwm.dir/C_/Users/1/.pico-sdk/sdk/2.0.0/src/rp2_common/hardware_sync_spin_lock/sync_spin_lock.c.obj
 .debug_str     0x00004c94      0xc25 CMakeFiles/hello_pwm.dir/C_/Users/1/.pico-sdk/sdk/2.0.0/src/rp2_common/hardware_irq/irq.c.obj
 .debug_str     0x00004c94      0x231 CMakeFiles/hello_pwm.dir/C_/Users/1/.pico-sdk/sdk/2.0.0/src/common/pico_sync/lock_core.c.obj
 .debug_str     0x00004c94      0x913 CMakeFiles/hello_pwm.dir/C_/Users/1/.pico-sdk/sdk/2.0.0/src/common/pico_sync/mutex.c.obj
 .debug_str     0x00004c94     0x12e6 CMakeFiles/hello_pwm.dir/C_/Users/1/.pico-sdk/sdk/2.0.0/src/common/pico_time/time.c.obj
 .debug_str     0x00004c94      0xbc8 CMakeFiles/hello_pwm.dir/C_/Users/1/.pico-sdk/sdk/2.0.0/src/rp2_common/hardware_timer/timer.c.obj
 .debug_str     0x00004c94      0xb76 CMakeFiles/hello_pwm.dir/C_/Users/1/.pico-sdk/sdk/2.0.0/src/rp2_common/hardware_clocks/clocks.c.obj
 .debug_str     0x00004c94      0x4c6 CMakeFiles/hello_pwm.dir/C_/Users/1/.pico-sdk/sdk/2.0.0/src/rp2_common/hardware_pll/pll.c.obj
 .debug_str     0x00004c94      0x2e5 CMakeFiles/hello_pwm.dir/C_/Users/1/.pico-sdk/sdk/2.0.0/src/rp2_common/hardware_ticks/ticks.c.obj
 .debug_str     0x00004c94      0x250 CMakeFiles/hello_pwm.dir/C_/Users/1/.pico-sdk/sdk/2.0.0/src/rp2_common/hardware_xosc/xosc.c.obj
 .debug_str     0x00004c94      0x2a6 CMakeFiles/hello_pwm.dir/C_/Users/1/.pico-sdk/sdk/2.0.0/src/rp2_common/pico_runtime/runtime.c.obj
 .debug_str     0x00004c94     0x11eb CMakeFiles/hello_pwm.dir/C_/Users/1/.pico-sdk/sdk/2.0.0/src/rp2_common/pico_runtime_init/runtime_init.c.obj
 .debug_str     0x00004c94      0x4f2 CMakeFiles/hello_pwm.dir/C_/Users/1/.pico-sdk/sdk/2.0.0/src/rp2_common/pico_runtime_init/runtime_init_clocks.c.obj
 .debug_str     0x00004c94      0x678 CMakeFiles/hello_pwm.dir/C_/Users/1/.pico-sdk/sdk/2.0.0/src/rp2_common/pico_bootrom/bootrom.c.obj
 .debug_str     0x00004c94      0x2cd CMakeFiles/hello_pwm.dir/C_/Users/1/.pico-sdk/sdk/2.0.0/src/rp2_common/pico_bootrom/bootrom_lock.c.obj
 .debug_str     0x00004c94      0x2b9 CMakeFiles/hello_pwm.dir/C_/Users/1/.pico-sdk/sdk/2.0.0/src/rp2_common/hardware_boot_lock/boot_lock.c.obj