Archive member included to satisfy reference by file (symbol)

C:/Users/1/.pico-sdk/toolchain/13_2_Rel1/bin/../lib/gcc/arm-none-eabi/13.2.1/thumb/v8-m.main+fp/softfp\libm.a(libm_a-wf_sqrt.o)
                              CMakeFiles/adc_console.dir/C_/Users/1/.pico-sdk/sdk/2.0.0/src/rp2_common/pico_float/float_math.c.obj (sqrtf)
C:/Users/1/.pico-sdk/toolchain/13_2_Rel1/bin/../lib/gcc/arm-none-eabi/13.2.1/thumb/v8-m.main+fp/softfp\libm.a(libm_a-ef_sqrt.o)
                              C:/Users/1/.pico-sdk/toolchain/13_2_Rel1/bin/../lib/gcc/arm-none-eabi/13.2.1/thumb/v8-m.main+fp/softfp\libm.a(libm_a-wf_sqrt.o) (__ieee754_sqrtf)
C:/Users/1/.pico-sdk/toolchain/13_2_Rel1/bin/../lib/gcc/arm-none-eabi/13.2.1/thumb/v8-m.main+fp/softfp\libgcc.a(_arm_addsubdf3.o)
                              CMakeFiles/adc_console.dir/adc_console.c.obj (__aeabi_f2d)
C:/Users/1/.pico-sdk/toolchain/13_2_Rel1/bin/../lib/gcc/arm-none-eabi/13.2.1/thumb/v8-m.main+fp/softfp\libgcc.a(_aeabi_ldivmod.o)
                              CMakeFiles/adc_console.dir/C_/Users/1/.pico-sdk/sdk/2.0.0/src/common/pico_time/time.c.obj (__aeabi_ldivmod)
C:/Users/1/.pico-sdk/toolchain/13_2_Rel1/bin/../lib/gcc/arm-none-eabi/13.2.1/thumb/v8-m.main+fp/softfp\libgcc.a(_aeabi_uldivmod.o)
                              CMakeFiles/adc_console.dir/C_/Users/1/.pico-sdk/sdk/2.0.0/src/rp2_common/hardware_clocks/clocks.c.obj (__aeabi_uldivmod)
C:/Users/1/.pico-sdk/toolchain/13_2_Rel1/bin/../lib/gcc/arm-none-eabi/13.2.1/thumb/v8-m.main+fp/softfp\libgcc.a(_udivmoddi4.o)
                              C:/Users/1/.pico-sdk/toolchain/13_2_Rel1/bin/../lib/gcc/arm-none-eabi/13.2.1/thumb/v8-m.main+fp/softfp\libgcc.a(_aeabi_ldivmod.o) (__udivmoddi4)
C:/Users/1/.pico-sdk/toolchain/13_2_Rel1/bin/../lib/gcc/arm-none-eabi/13.2.1/thumb/v8-m.main+fp/softfp\libgcc.a(_dvmd_tls.o)
                              C:/Users/1/.pico-sdk/toolchain/13_2_Rel1/bin/../lib/gcc/arm-none-eabi/13.2.1/thumb/v8-m.main+fp/softfp\libgcc.a(_aeabi_ldivmod.o) (__aeabi_ldiv0)
C:/Users/1/.pico-sdk/toolchain/13_2_Rel1/bin/../lib/gcc/arm-none-eabi/13.2.1/thumb/v8-m.main+fp/softfp\libg.a(libc_a-calloc.o)
                              CMakeFiles/adc_console.dir/C_/Users/1/.pico-sdk/sdk/2.0.0/src/rp2_common/pico_malloc/malloc.c.obj (calloc)
C:/Users/1/.pico-sdk/toolchain/13_2_Rel1/bin/../lib/gcc/arm-none-eabi/13.2.1/thumb/v8-m.main+fp/softfp\libg.a(libc_a-callocr.o)
                              C:/Users/1/.pico-sdk/toolchain/13_2_Rel1/bin/../lib/gcc/arm-none-eabi/13.2.1/thumb/v8-m.main+fp/softfp\libg.a(libc_a-calloc.o) (_calloc_r)
C:/Users/1/.pico-sdk/toolchain/13_2_Rel1/bin/../lib/gcc/arm-none-eabi/13.2.1/thumb/v8-m.main+fp/softfp\libg.a(libc_a-malloc.o)
                              CMakeFiles/adc_console.dir/C_/Users/1/.pico-sdk/sdk/2.0.0/src/rp2_common/pico_malloc/malloc.c.obj (malloc)
C:/Users/1/.pico-sdk/toolchain/13_2_Rel1/bin/../lib/gcc/arm-none-eabi/13.2.1/thumb/v8-m.main+fp/softfp\libg.a(libc_a-mallocr.o)
                              C:/Users/1/.pico-sdk/toolchain/13_2_Rel1/bin/../lib/gcc/arm-none-eabi/13.2.1/thumb/v8-m.main+fp/softfp\libg.a(libc_a-callocr.o) (_malloc_r)
C:/Users/1/.pico-sdk/toolchain/13_2_Rel1/bin/../lib/gcc/arm-none-eabi/13.2.1/thumb/v8-m.main+fp/softfp\libg.a(libc_a-mlock.o)
                              C:/Users/1/.pico-sdk/toolchain/13_2_Rel1/bin/../lib/gcc/arm-none-eabi/13.2.1/thumb/v8-m.main+fp/softfp\libg.a(libc_a-mallocr.o) (__malloc_lock)
C:/Users/1/.pico-sdk/toolchain/13_2_Rel1/bin/../lib/gcc/arm-none-eabi/13.2.1/thumb/v8-m.main+fp/softfp\libg.a(libc_a-realloc.o)
                              CMakeFiles/adc_console.dir/C_/Users/1/.pico-sdk/sdk/2.0.0/src/rp2_common/pico_malloc/malloc.c.obj (realloc)
C:/Users/1/.pico-sdk/toolchain/13_2_Rel1/bin/../lib/gcc/arm-none-eabi/13.2.1/thumb/v8-m.main+fp/softfp\libg.a(libc_a-reallocr.o)
                              C:/Users/1/.pico-sdk/toolchain/13_2_Rel1/bin/../lib/gcc/arm-none-eabi/13.2.1/thumb/v8-m.main+fp/softfp\libg.a(libc_a-realloc.o) (_realloc_r)
C:/Users/1/.pico-sdk/toolchain/13_2_Rel1/bin/../lib/gcc/arm-none-eabi/13.2.1/thumb/v8-m.main+fp/softfp\libg.a(libc_a-memcmp.o)
                              CMakeFiles/adc_console.dir/C_/Users/1/.pico-sdk/sdk/2.0.0/src/rp2_common/pico_atomic/atomic.c.obj (memcmp)
C:/Users/1/.pico-sdk/toolchain/13_2_Rel1/bin/../lib/gcc/arm-none-eabi/13.2.1/thumb/v8-m.main+fp/softfp\libg.a(libc_a-memmove.o)
                              C:/Users/1/.pico-sdk/toolchain/13_2_Rel1/bin/../lib/gcc/arm-none-eabi/13.2.1/thumb/v8-m.main+fp/softfp\libg.a(libc_a-reallocr.o) (memmove)
C:/Users/1/.pico-sdk/toolchain/13_2_Rel1/bin/../lib/gcc/arm-none-eabi/13.2.1/thumb/v8-m.main+fp/softfp\libg.a(libc_a-memset.o)
                              C:/Users/1/.pico-sdk/toolchain/13_2_Rel1/bin/../lib/gcc/arm-none-eabi/13.2.1/thumb/v8-m.main+fp/softfp/crt0.o (memset)
C:/Users/1/.pico-sdk/toolchain/13_2_Rel1/bin/../lib/gcc/arm-none-eabi/13.2.1/thumb/v8-m.main+fp/softfp\libg.a(libc_a-impure.o)
[...]
Memory Configuration

Name             Origin             Length             Attributes
FLASH            0x10000000         0x00400000         xr
RAM              0x20000000         0x00080000         xrw
SCRATCH_X        0x20080000         0x00001000         xrw
SCRATCH_Y        0x20081000         0x00001000         xrw
*default*        0x00000000         0xffffffff

Linker script and memory map

LOAD C:/Users/1/.pico-sdk/toolchain/13_2_Rel1/bin/../lib/gcc/arm-none-eabi/13.2.1/thumb/v8-m.main+fp/softfp/crti.o
LOAD C:/Users/1/.pico-sdk/toolchain/13_2_Rel1/bin/../lib/gcc/arm-none-eabi/13.2.1/thumb/v8-m.main+fp/softfp/crtbegin.o
LOAD C:/Users/1/.pico-sdk/toolchain/13_2_Rel1/bin/../lib/gcc/arm-none-eabi/13.2.1/thumb/v8-m.main+fp/softfp/crt0.o

.flash_begin    0x10000000        0x0
                0x10000000                        __flash_binary_start = .

.text           0x10000000     0x5d08
                0x10000000                        __logical_binary_start = .
 *(.vectors)
 .vectors       0x10000000      0x124 CMakeFiles/adc_console.dir/C_/Users/1/.pico-sdk/sdk/2.0.0/src/rp2_common/pico_crt0/crt0.S.obj
                0x10000000                __VECTOR_TABLE
                0x10000000                __vectors
                0x10000110                __default_isrs_start
                0x10000110                isr_invalid
                0x10000112                isr_nmi
                0x10000114                isr_hardfault
                0x10000116                isr_svcall
                0x10000118                isr_pendsv
                0x1000011a                isr_systick
                0x1000011c                isr_irq31
                0x1000011c                isr_irq5
                0x1000011c                isr_irq11
                0x1000011c                isr_irq32
                0x1000011c                isr_irq23
                0x1000011c                isr_irq48
                0x1000011c                isr_irq35
                0x1000011c                isr_irq18
                0x1000011c                isr_irq50
                0x1000011c                isr_irq27
                0x1000011c                isr_irq40
                0x1000011c                isr_irq28
                0x1000011c                isr_irq19
                0x1000011c                isr_irq36
                0x1000011c                isr_irq41
                0x1000011c                isr_irq0
                0x1000011c                isr_irq6
                0x1000011c                isr_irq45
                0x1000011c                isr_irq12
                0x1000011c                isr_irq37
                0x1000011c                isr_irq42
                0x1000011c                isr_irq22
                0x1000011c                isr_irq43
                0x1000011c                isr_irq17
                0x1000011c                isr_irq38
                0x1000011c                isr_irq14
                0x1000011c                isr_irq13
                0x1000011c                isr_irq2
                0x1000011c                isr_irq10
                0x1000011c                isr_irq8
                0x1000011c                isr_irq24
                0x1000011c                isr_irq46
                0x1000011c                isr_irq1
                0x1000011c                isr_irq47
                0x1000011c                isr_irq51
                0x1000011c                isr_irq7
                0x1000011c                isr_irq21
                0x1000011c                isr_irq39
                0x1000011c                isr_irq20
                0x1000011c                isr_irq15
                0x1000011c                isr_irq25
                0x1000011c                isr_irq34
                0x1000011c                isr_irq49
                0x1000011c                __unhandled_user_irq
                0x1000011c                isr_irq4
                0x1000011c                isr_irq16
                0x1000011c                isr_irq44
                0x1000011c                isr_irq29
                0x1000011c                isr_irq26
                0x1000011c                __default_isrs_end
                0x1000011c                isr_irq33
                0x1000011c                isr_irq3
                0x1000011c                isr_irq30
                0x1000011c                isr_irq9
                0x10000122                unhandled_user_irq_num_in_r0
 *(.binary_info_header)
 .binary_info_header
                0x10000124       0x14 CMakeFiles/adc_console.dir/C_/Users/1/.pico-sdk/sdk/2.0.0/src/rp2_common/pico_crt0/crt0.S.obj
                0x10000138                        __binary_info_header_end = .
 *(.embedded_block)
 .embedded_block
                0x10000138       0x14 CMakeFiles/adc_console.dir/C_/Users/1/.pico-sdk/sdk/2.0.0/src/rp2_common/pico_crt0/crt0.S.obj
                0x1000014c                        __embedded_block_end = .
 *(.reset)
 .reset         0x1000014c       0xa0 CMakeFiles/adc_console.dir/C_/Users/1/.pico-sdk/sdk/2.0.0/src/rp2_common/pico_crt0/crt0.S.obj
                0x1000014c                _entry_point
 *(.init)
 .init          0x100001ec        0x4 C:/Users/1/.pico-sdk/toolchain/13_2_Rel1/bin/../lib/gcc/arm-none-eabi/13.2.1/thumb/v8-m.main+fp/softfp/crti.o
                0x100001ec                _init
 *libgcc.a:cmse_nonsecure_call.o()
 *(EXCLUDE_FILE(*libm.a: *libc.a:*lib_a-mem*.o *libgcc.a:) .text*)
 .text.register_tm_clones
                0x100001f0       0x28 C:/Users/1/.pico-sdk/toolchain/13_2_Rel1/bin/../lib/gcc/arm-none-eabi/13.2.1/thumb/v8-m.main+fp/softfp/crtbegin.o
 .text.frame_dummy
                0x10000218       0x24 C:/Users/1/.pico-sdk/toolchain/13_2_Rel1/bin/../lib/gcc/arm-none-eabi/13.2.1/thumb/v8-m.main+fp/softfp/crtbegin.o
 .text.printhelp
                0x1000023c       0x38 CMakeFiles/adc_console.dir/adc_console.c.obj
                0x1000023c                printhelp
 .text.startup.main
                0x10000274      0x274 CMakeFiles/adc_console.dir/adc_console.c.obj
                0x10000274                main
 .text.gpio_set_function
                0x100004e8       0x3c CMakeFiles/adc_console.dir/C_/Users/1/.pico-sdk/sdk/2.0.0/src/rp2_common/hardware_gpio/gpio.c.obj
                0x100004e8                gpio_set_function
 .text.gpio_set_pulls
                0x10000524       0x28 CMakeFiles/adc_console.dir/C_/Users/1/.pico-sdk/sdk/2.0.0/src/rp2_common/hardware_gpio/gpio.c.obj
                0x10000524                gpio_set_pulls
 .text.gpio_set_input_enabled
                0x1000054c       0x20 CMakeFiles/adc_console.dir/C_/Users/1/.pico-sdk/sdk/2.0.0/src/rp2_common/hardware_gpio/gpio.c.obj
                0x1000054c                gpio_set_input_enabled
 .text.panic    0x1000056c       0x30 CMakeFiles/adc_console.dir/C_/Users/1/.pico-sdk/sdk/2.0.0/src/rp2_common/pico_platform_panic/panic.c.obj
                0x1000056c                panic
 .text.hw_claim_or_assert
                0x1000059c       0x58 CMakeFiles/adc_console.dir/C_/Users/1/.pico-sdk/sdk/2.0.0/src/common/hardware_claim/claim.c.obj
                0x1000059c                hw_claim_or_assert
 .text.hw_claim_unused_from_range
                0x100005f4       0x9c CMakeFiles/adc_console.dir/C_/Users/1/.pico-sdk/sdk/2.0.0/src/common/hardware_claim/claim.c.obj
                0x100005f4                hw_claim_unused_from_range
 .text.next_striped_spin_lock_num
                0x10000690       0x18 CMakeFiles/adc_console.dir/C_/Users/1/.pico-sdk/sdk/2.0.0/src/rp2_common/hardware_sync/sync.c.obj
                0x10000690                next_striped_spin_lock_num
 .text.spin_lock_claim_unused
                0x100006a8       0x20 CMakeFiles/adc_console.dir/C_/Users/1/.pico-sdk/sdk/2.0.0/src/rp2_common/hardware_sync/sync.c.obj
                0x100006a8                spin_lock_claim_unused
 .text.spinlock_set_extexclall
                0x100006c8       0x10 CMakeFiles/adc_console.dir/C_/Users/1/.pico-sdk/sdk/2.0.0/src/rp2_common/hardware_sync_spin_lock/sync_spin_lock.c.obj
 .text.spin_locks_reset
                0x100006d8       0x18 CMakeFiles/adc_console.dir/C_/Users/1/.pico-sdk/sdk/2.0.0/src/rp2_common/hardware_sync_spin_lock/sync_spin_lock.c.obj
                0x100006d8                spin_locks_reset
 .text.runtime_init_per_core_irq_priorities
                0x100006f0       0x40 CMakeFiles/adc_console.dir/C_/Users/1/.pico-sdk/sdk/2.0.0/src/rp2_common/hardware_irq/irq.c.obj
                0x100006f0                runtime_init_per_core_irq_priorities
 .text.irq_set_enabled
                0x10000730       0x2c CMakeFiles/adc_console.dir/C_/Users/1/.pico-sdk/sdk/2.0.0/src/rp2_common/hardware_irq/irq.c.obj
                0x10000730                irq_set_enabled
 .text.irq_is_enabled
                0x1000075c       0x20 CMakeFiles/adc_console.dir/C_/Users/1/.pico-sdk/sdk/2.0.0/src/rp2_common/hardware_irq/irq.c.obj
                0x1000075c                irq_is_enabled
 .text.irq_set_pending
                0x1000077c       0x18 CMakeFiles/adc_console.dir/C_/Users/1/.pico-sdk/sdk/2.0.0/src/rp2_common/hardware_irq/irq.c.obj
                0x1000077c                irq_set_pending
 .text.irq_has_shared_handler
                0x10000794       0x24 CMakeFiles/adc_console.dir/C_/Users/1/.pico-sdk/sdk/2.0.0/src/rp2_common/hardware_irq/irq.c.obj
                0x10000794                irq_has_shared_handler
 .text.irq_set_exclusive_handler
                0x100007b8       0x60 CMakeFiles/adc_console.dir/C_/Users/1/.pico-sdk/sdk/2.0.0/src/rp2_common/hardware_irq/irq.c.obj
                0x100007b8                irq_set_exclusive_handler
 .text.irq_add_shared_handler
                0x10000818      0x1e8 CMakeFiles/adc_console.dir/C_/Users/1/.pico-sdk/sdk/2.0.0/src/rp2_common/hardware_irq/irq.c.obj
                0x10000818                irq_add_shared_handler
 .text.irq_add_tail_to_free_list
                0x10000a00       0xbc CMakeFiles/adc_console.dir/C_/Users/1/.pico-sdk/sdk/2.0.0/src/rp2_common/hardware_irq/irq.c.obj
                0x10000a00                irq_add_tail_to_free_list
 .text.user_irq_claim_unused
                0x10000abc       0x28 CMakeFiles/adc_console.dir/C_/Users/1/.pico-sdk/sdk/2.0.0/src/rp2_common/hardware_irq/irq.c.obj
                0x10000abc                user_irq_claim_unused
 .text.lock_init
                0x10000ae4        0xc CMakeFiles/adc_console.dir/C_/Users/1/.pico-sdk/sdk/2.0.0/src/common/pico_sync/lock_core.c.obj
                0x10000ae4                lock_init
 .text.runtime_init_mutex
                0x10000af0       0x4c CMakeFiles/adc_console.dir/C_/Users/1/.pico-sdk/sdk/2.0.0/src/common/pico_sync/mutex.c.obj
                0x10000af0                runtime_init_mutex
 .text.mutex_init
                0x10000b3c       0x1c CMakeFiles/adc_console.dir/C_/Users/1/.pico-sdk/sdk/2.0.0/src/common/pico_sync/mutex.c.obj
                0x10000b3c                mutex_init
 .text.critical_section_init
                0x10000b58       0x1c CMakeFiles/adc_console.dir/C_/Users/1/.pico-sdk/sdk/2.0.0/src/common/pico_sync/critical_section.c.obj
                0x10000b58                critical_section_init
 .text.critical_section_init_with_lock_num
                0x10000b74       0x10 CMakeFiles/adc_console.dir/C_/Users/1/.pico-sdk/sdk/2.0.0/src/common/pico_sync/critical_section.c.obj
                0x10000b74                critical_section_init_with_lock_num
 .text.sleep_until_callback
                0x10000b84       0x3c CMakeFiles/adc_console.dir/C_/Users/1/.pico-sdk/sdk/2.0.0/src/common/pico_time/time.c.obj
 .text.alarm_pool_irq_handler
                0x10000bc0      0x2d0 CMakeFiles/adc_console.dir/C_/Users/1/.pico-sdk/sdk/2.0.0/src/common/pico_time/time.c.obj
 .text.runtime_init_default_alarm_pool
                0x10000e90      0x100 CMakeFiles/adc_console.dir/C_/Users/1/.pico-sdk/sdk/2.0.0/src/common/pico_time/time.c.obj
                0x10000e90                runtime_init_default_alarm_pool
 .text.alarm_pool_get_default
                0x10000f90        0x8 CMakeFiles/adc_console.dir/C_/Users/1/.pico-sdk/sdk/2.0.0/src/common/pico_time/time.c.obj
                0x10000f90                alarm_pool_get_default
 .text.alarm_pool_add_alarm_at
                0x10000f98       0xdc CMakeFiles/adc_console.dir/C_/Users/1/.pico-sdk/sdk/2.0.0/src/common/pico_time/time.c.obj
                0x10000f98                alarm_pool_add_alarm_at
 .text.alarm_pool_cancel_alarm
                0x10001074       0x80 CMakeFiles/adc_console.dir/C_/Users/1/.pico-sdk/sdk/2.0.0/src/common/pico_time/time.c.obj
                0x10001074                alarm_pool_cancel_alarm
 .text.alarm_pool_core_num
                0x100010f4        0x4 CMakeFiles/adc_console.dir/C_/Users/1/.pico-sdk/sdk/2.0.0/src/common/pico_time/time.c.obj
                0x100010f4                alarm_pool_core_num
 .text.best_effort_wfe_or_timeout
                0x100010f8      0x128 CMakeFiles/adc_console.dir/C_/Users/1/.pico-sdk/sdk/2.0.0/src/common/pico_time/time.c.obj
                0x100010f8                best_effort_wfe_or_timeout
 .text.timer_hardware_alarm_claim
                0x10001220       0x24 CMakeFiles/adc_console.dir/C_/Users/1/.pico-sdk/sdk/2.0.0/src/rp2_common/hardware_timer/timer.c.obj
                0x10001220                timer_hardware_alarm_claim
 .text.timer_time_us_64
                0x10001244       0x10 CMakeFiles/adc_console.dir/C_/Users/1/.pico-sdk/sdk/2.0.0/src/rp2_common/hardware_timer/timer.c.obj
                0x10001244                timer_time_us_64
 .text.time_us_64
                0x10001254       0x14 CMakeFiles/adc_console.dir/C_/Users/1/.pico-sdk/sdk/2.0.0/src/rp2_common/hardware_timer/timer.c.obj
                0x10001254                time_us_64
 .text.busy_wait_us
                0x10001268       0x64 CMakeFiles/adc_console.dir/C_/Users/1/.pico-sdk/sdk/2.0.0/src/rp2_common/hardware_timer/timer.c.obj
                0x10001268                busy_wait_us
 .text.clock_configure_undivided
                0x100012cc       0xd0 CMakeFiles/adc_console.dir/C_/Users/1/.pico-sdk/sdk/2.0.0/src/rp2_common/hardware_clocks/clocks.c.obj
                0x100012cc                clock_configure_undivided
 .text.clock_get_hz
                0x1000139c        0xc CMakeFiles/adc_console.dir/C_/Users/1/.pico-sdk/sdk/2.0.0/src/rp2_common/hardware_clocks/clocks.c.obj
                0x1000139c                clock_get_hz
 .text.pll_init
                0x100013a8       0x8c CMakeFiles/adc_console.dir/C_/Users/1/.pico-sdk/sdk/2.0.0/src/rp2_common/hardware_pll/pll.c.obj
                0x100013a8                pll_init
 .text.watchdog_reboot
                0x10001434       0x98 CMakeFiles/adc_console.dir/C_/Users/1/.pico-sdk/sdk/2.0.0/src/rp2_common/hardware_watchdog/watchdog.c.obj
                0x10001434                watchdog_reboot
 .text.tick_start
                0x100014cc       0x18 CMakeFiles/adc_console.dir/C_/Users/1/.pico-sdk/sdk/2.0.0/src/rp2_common/hardware_ticks/ticks.c.obj
                0x100014cc                tick_start
 .text.xosc_init
                0x100014e4       0x2c CMakeFiles/adc_console.dir/C_/Users/1/.pico-sdk/sdk/2.0.0/src/rp2_common/hardware_xosc/xosc.c.obj
                0x100014e4                xosc_init
 .text.first_per_core_initializer
                0x10001510        0x4 CMakeFiles/adc_console.dir/C_/Users/1/.pico-sdk/sdk/2.0.0/src/rp2_common/pico_runtime/runtime.c.obj
 .text.hard_assertion_failure
                0x10001514        0xc CMakeFiles/adc_console.dir/C_/Users/1/.pico-sdk/sdk/2.0.0/src/rp2_common/pico_runtime/runtime.c.obj
                0x10001514                hard_assertion_failure
 .text.runtime_run_initializers
                0x10001520       0x20 CMakeFiles/adc_console.dir/C_/Users/1/.pico-sdk/sdk/2.0.0/src/rp2_common/pico_runtime/runtime.c.obj
                0x10001520                runtime_run_initializers
 .text.runtime_init_early_resets
                0x10001540       0x34 CMakeFiles/adc_console.dir/C_/Users/1/.pico-sdk/sdk/2.0.0/src/rp2_common/pico_runtime_init/runtime_init.c.obj
                0x10001540                runtime_init_early_resets
 .text.runtime_init_usb_power_down
                0x10001574       0x1c CMakeFiles/adc_console.dir/C_/Users/1/.pico-sdk/sdk/2.0.0/src/rp2_common/pico_runtime_init/runtime_init.c.obj
                0x10001574                runtime_init_usb_power_down
 .text.runtime_init_per_core_enable_coprocessors
                0x10001590       0x1c CMakeFiles/adc_console.dir/C_/Users/1/.pico-sdk/sdk/2.0.0/src/rp2_common/pico_runtime_init/runtime_init.c.obj
                0x10001590                runtime_init_per_core_enable_coprocessors
 .text.runtime_init_post_clock_resets
                0x100015ac       0x20 CMakeFiles/adc_console.dir/C_/Users/1/.pico-sdk/sdk/2.0.0/src/rp2_common/pico_runtime_init/runtime_init.c.obj
                0x100015ac                runtime_init_post_clock_resets
 .text.runtime_init_bootrom_reset
                0x100015cc       0x14 CMakeFiles/adc_console.dir/C_/Users/1/.pico-sdk/sdk/2.0.0/src/rp2_common/pico_runtime_init/runtime_init.c.obj
                0x100015cc                runtime_init_bootrom_reset
 .text.runtime_init_per_core_bootrom_reset
                0x100015e0       0x14 CMakeFiles/adc_console.dir/C_/Users/1/.pico-sdk/sdk/2.0.0/src/rp2_common/pico_runtime_init/runtime_init.c.obj
                0x100015e0                runtime_init_per_core_bootrom_reset
 .text.runtime_init_spin_locks_reset
                0x100015f4        0x4 CMakeFiles/adc_console.dir/C_/Users/1/.pico-sdk/sdk/2.0.0/src/rp2_common/pico_runtime_init/runtime_init.c.obj
                0x100015f4                runtime_init_spin_locks_reset
 .text.runtime_init_install_ram_vector_table
                0x100015f8       0x20 CMakeFiles/adc_console.dir/C_/Users/1/.pico-sdk/sdk/2.0.0/src/rp2_common/pico_runtime_init/runtime_init.c.obj
                0x100015f8                runtime_init_install_ram_vector_table
 .text.runtime_init_clocks
                0x10001618       0xdc CMakeFiles/adc_console.dir/C_/Users/1/.pico-sdk/sdk/2.0.0/src/rp2_common/pico_runtime_init/runtime_init_clocks.c.obj
                0x10001618                runtime_init_clocks
 .text.rom_func_lookup
                0x100016f4       0x20 CMakeFiles/adc_console.dir/C_/Users/1/.pico-sdk/sdk/2.0.0/src/rp2_common/pico_bootrom/bootrom.c.obj
                0x100016f4                rom_func_lookup
 .text.rom_reset_usb_boot
                0x10001714       0x44 CMakeFiles/adc_console.dir/C_/Users/1/.pico-sdk/sdk/2.0.0/src/rp2_common/pico_bootrom/bootrom.c.obj
                0x10001714                rom_reset_usb_boot
 .text.runtime_init_bootrom_locking_enable
                0x10001758       0x14 CMakeFiles/adc_console.dir/C_/Users/1/.pico-sdk/sdk/2.0.0/src/rp2_common/pico_bootrom/bootrom_lock.c.obj
                0x10001758                runtime_init_bootrom_locking_enable
 .text.runtime_init_boot_locks_reset
                0x1000176c       0x1c CMakeFiles/adc_console.dir/C_/Users/1/.pico-sdk/sdk/2.0.0/src/rp2_common/hardware_boot_lock/boot_lock.c.obj
                0x1000176c                runtime_init_boot_locks_reset
 .text.__rp2350_dcp_engaged_state_save_restore
                0x10001788       0x3a CMakeFiles/adc_console.dir/C_/Users/1/.pico-sdk/sdk/2.0.0/src/rp2_common/pico_double/double_aeabi_dcp.S.obj
 *fill*         0x100017c2        0x2 
 .text.__wrap___aeabi_dadd
                0x100017c4       0x28 CMakeFiles/adc_console.dir/C_/Users/1/.pico-sdk/sdk/2.0.0/src/rp2_common/pico_double/double_aeabi_dcp.S.obj
                0x100017cc                __wrap___aeabi_dadd
 .text.__wrap___aeabi_dsub
                0x100017ec       0x28 CMakeFiles/adc_console.dir/C_/Users/1/.pico-sdk/sdk/2.0.0/src/rp2_common/pico_double/double_aeabi_dcp.S.obj
                0x100017f4                __wrap___aeabi_dsub
 .text.__wrap___aeabi_dmul
                0x10001814       0x4c CMakeFiles/adc_console.dir/C_/Users/1/.pico-sdk/sdk/2.0.0/src/rp2_common/pico_double/double_aeabi_dcp.S.obj
                0x1000181c                __wrap___aeabi_dmul
 .text.__wrap___aeabi_ddiv
                0x10001860       0x9c CMakeFiles/adc_console.dir/C_/Users/1/.pico-sdk/sdk/2.0.0/src/rp2_common/pico_double/double_aeabi_dcp.S.obj
                0x10001868                __wrap___aeabi_ddiv
 .text.__wrap___aeabi_i2d
                0x100018fc       0x24 CMakeFiles/adc_console.dir/C_/Users/1/.pico-sdk/sdk/2.0.0/src/rp2_common/pico_double/double_aeabi_dcp.S.obj
                0x10001904                __wrap___aeabi_i2d
 .text.__wrap___aeabi_ui2d
                0x10001920       0x24 CMakeFiles/adc_console.dir/C_/Users/1/.pico-sdk/sdk/2.0.0/src/rp2_common/pico_double/double_aeabi_dcp.S.obj
                0x10001928                __wrap___aeabi_ui2d
 .text.__wrap___aeabi_d2iz
                0x10001944       0x24 CMakeFiles/adc_console.dir/C_/Users/1/.pico-sdk/sdk/2.0.0/src/rp2_common/pico_double/double_aeabi_dcp.S.obj
                0x1000194c                __wrap___aeabi_d2iz
 .text.__wrap___aeabi_d2uiz
                0x10001968       0x24 CMakeFiles/adc_console.dir/C_/Users/1/.pico-sdk/sdk/2.0.0/src/rp2_common/pico_double/double_aeabi_dcp.S.obj
                0x10001970                __wrap___aeabi_d2uiz
 .text.__wrap___aeabi_dcmpun
                0x1000198c       0x24 CMakeFiles/adc_console.dir/C_/Users/1/.pico-sdk/sdk/2.0.0/src/rp2_common/pico_double/double_aeabi_dcp.S.obj
                0x10001994                __wrap___aeabi_dcmpun
 .text.__wrap___aeabi_dcmplt
                0x100019b0       0x28 CMakeFiles/adc_console.dir/C_/Users/1/.pico-sdk/sdk/2.0.0/src/rp2_common/pico_double/double_aeabi_dcp.S.obj
                0x100019b8                __wrap___aeabi_dcmplt
 .text.__wrap___aeabi_dcmpge
                0x100019d8       0x28 CMakeFiles/adc_console.dir/C_/Users/1/.pico-sdk/sdk/2.0.0/src/rp2_common/pico_double/double_aeabi_dcp.S.obj
                0x100019e0                __wrap___aeabi_dcmpge
 .text.__wrap___aeabi_dcmpgt
                0x10001a00       0x28 CMakeFiles/adc_console.dir/C_/Users/1/.pico-sdk/sdk/2.0.0/src/rp2_common/pico_double/double_aeabi_dcp.S.obj
                0x10001a08                __wrap___aeabi_dcmpgt
 .text._out_null
                0x10001a28        0x4 CMakeFiles/adc_console.dir/C_/Users/1/.pico-sdk/sdk/2.0.0/src/rp2_common/pico_printf/printf.c.obj
 .text._out_rev
                0x10001a2c       0x9c CMakeFiles/adc_console.dir/C_/Users/1/.pico-sdk/sdk/2.0.0/src/rp2_common/pico_printf/printf.c.obj
 .text._ntoa_format
                0x10001ac8      0x2a4 CMakeFiles/adc_console.dir/C_/Users/1/.pico-sdk/sdk/2.0.0/src/rp2_common/pico_printf/printf.c.obj
 .text._out_char
                0x10001d6c        0x8 CMakeFiles/adc_console.dir/C_/Users/1/.pico-sdk/sdk/2.0.0/src/rp2_common/pico_printf/printf.c.obj
 .text._out_fct
                0x10001d74        0xc CMakeFiles/adc_console.dir/C_/Users/1/.pico-sdk/sdk/2.0.0/src/rp2_common/pico_printf/printf.c.obj
 .text._etoa    0x10001d80      0x460 CMakeFiles/adc_console.dir/C_/Users/1/.pico-sdk/sdk/2.0.0/src/rp2_common/pico_printf/printf.c.obj
 .text._ftoa    0x100021e0      0x3f4 CMakeFiles/adc_console.dir/C_/Users/1/.pico-sdk/sdk/2.0.0/src/rp2_common/pico_printf/printf.c.obj
 .text._vsnprintf
                0x100025d4      0x9e8 CMakeFiles/adc_console.dir/C_/Users/1/.pico-sdk/sdk/2.0.0/src/rp2_common/pico_printf/printf.c.obj
 .text.vfctprintf
                0x10002fbc       0x28 CMakeFiles/adc_console.dir/C_/Users/1/.pico-sdk/sdk/2.0.0/src/rp2_common/pico_printf/printf.c.obj
                0x10002fbc                vfctprintf
 .text.weak_raw_vprintf
                0x10002fe4       0x30 CMakeFiles/adc_console.dir/C_/Users/1/.pico-sdk/sdk/2.0.0/src/rp2_common/pico_printf/printf.c.obj
                0x10002fe4                weak_raw_vprintf
 .text._exit    0x10003014        0x4 CMakeFiles/adc_console.dir/C_/Users/1/.pico-sdk/sdk/2.0.0/src/rp2_common/pico_clib_interface/newlib_interface.c.obj
                0x10003014                _exit
 .text.exit     0x10003018        0x8 CMakeFiles/adc_console.dir/C_/Users/1/.pico-sdk/sdk/2.0.0/src/rp2_common/pico_clib_interface/newlib_interface.c.obj
                0x10003018                exit
 .text.runtime_init
                0x10003020       0x24 CMakeFiles/adc_console.dir/C_/Users/1/.pico-sdk/sdk/2.0.0/src/rp2_common/pico_clib_interface/newlib_interface.c.obj
                0x10003020                runtime_init
 .text.stdio_out_chars_no_crlf
                0x10003044        0x8 CMakeFiles/adc_console.dir/C_/Users/1/.pico-sdk/sdk/2.0.0/src/rp2_common/pico_stdio/stdio.c.obj
 .text.stdio_out_chars_crlf
                0x1000304c       0xac CMakeFiles/adc_console.dir/C_/Users/1/.pico-sdk/sdk/2.0.0/src/rp2_common/pico_stdio/stdio.c.obj
 .text.stdio_buffered_printer
                0x100030f8       0x60 CMakeFiles/adc_console.dir/C_/Users/1/.pico-sdk/sdk/2.0.0/src/rp2_common/pico_stdio/stdio.c.obj
 .text.stdio_put_string
                0x10003158       0xf0 CMakeFiles/adc_console.dir/C_/Users/1/.pico-sdk/sdk/2.0.0/src/rp2_common/pico_stdio/stdio.c.obj
                0x10003158                stdio_put_string
 .text.stdio_set_driver_enabled
                0x10003248       0x30 CMakeFiles/adc_console.dir/C_/Users/1/.pico-sdk/sdk/2.0.0/src/rp2_common/pico_stdio/stdio.c.obj
                0x10003248                stdio_set_driver_enabled
 .text.stdio_init_all
                0x10003278        0x4 CMakeFiles/adc_console.dir/C_/Users/1/.pico-sdk/sdk/2.0.0/src/rp2_common/pico_stdio/stdio.c.obj
                0x10003278                stdio_init_all
 .text.stdio_getchar_timeout_us
                0x1000327c       0x8c CMakeFiles/adc_console.dir/C_/Users/1/.pico-sdk/sdk/2.0.0/src/rp2_common/pico_stdio/stdio.c.obj
                0x1000327c                stdio_getchar_timeout_us
 .text.__wrap_getchar
                0x10003308       0x70 CMakeFiles/adc_console.dir/C_/Users/1/.pico-sdk/sdk/2.0.0/src/rp2_common/pico_stdio/stdio.c.obj
                0x10003308                stdio_getchar
                0x10003308                __wrap_getchar
 .text.__wrap_putchar
                0x10003378       0x84 CMakeFiles/adc_console.dir/C_/Users/1/.pico-sdk/sdk/2.0.0/src/rp2_common/pico_stdio/stdio.c.obj
                0x10003378                __wrap_putchar
                0x10003378                stdio_putchar
 .text.__wrap_puts
                0x100033fc       0x3c CMakeFiles/adc_console.dir/C_/Users/1/.pico-sdk/sdk/2.0.0/src/rp2_common/pico_stdio/stdio.c.obj
                0x100033fc                stdio_puts
                0x100033fc                __wrap_puts
 .text.__wrap_vprintf
                0x10003438       0xc8 CMakeFiles/adc_console.dir/C_/Users/1/.pico-sdk/sdk/2.0.0/src/rp2_common/pico_stdio/stdio.c.obj
                0x10003438                stdio_vprintf
                0x10003438                __wrap_vprintf
 .text.__wrap_printf
                0x10003500       0x1c CMakeFiles/adc_console.dir/C_/Users/1/.pico-sdk/sdk/2.0.0/src/rp2_common/pico_stdio/stdio.c.obj
                0x10003500                __wrap_printf
                0x10003500                stdio_printf
 .text.resetd_init
                0x1000351c        0x4 CMakeFiles/adc_console.dir/C_/Users/1/.pico-sdk/sdk/2.0.0/src/rp2_common/pico_stdio_usb/reset_interface.c.obj
 .text.resetd_reset
                0x10003520        0xc CMakeFiles/adc_console.dir/C_/Users/1/.pico-sdk/sdk/2.0.0/src/rp2_common/pico_stdio_usb/reset_interface.c.obj
 .text.resetd_open
                0x1000352c       0x28 CMakeFiles/adc_console.dir/C_/Users/1/.pico-sdk/sdk/2.0.0/src/rp2_common/pico_stdio_usb/reset_interface.c.obj
 .text.resetd_xfer_cb
                0x10003554        0x4 CMakeFiles/adc_console.dir/C_/Users/1/.pico-sdk/sdk/2.0.0/src/rp2_common/pico_stdio_usb/reset_interface.c.obj
 .text.resetd_control_xfer_cb
                0x10003558       0x4c CMakeFiles/adc_console.dir/C_/Users/1/.pico-sdk/sdk/2.0.0/src/rp2_common/pico_stdio_usb/reset_interface.c.obj
 .text.tud_descriptor_bos_cb
                0x100035a4        0x8 CMakeFiles/adc_console.dir/C_/Users/1/.pico-sdk/sdk/2.0.0/src/rp2_common/pico_stdio_usb/reset_interface.c.obj
                0x100035a4                tud_descriptor_bos_cb
 .text.tud_vendor_control_xfer_cb
                0x100035ac       0x28 CMakeFiles/adc_console.dir/C_/Users/1/.pico-sdk/sdk/2.0.0/src/rp2_common/pico_stdio_usb/reset_interface.c.obj
                0x100035ac                tud_vendor_control_xfer_cb
 .text.usbd_app_driver_get_cb
                0x100035d4       0x10 CMakeFiles/adc_console.dir/C_/Users/1/.pico-sdk/sdk/2.0.0/src/rp2_common/pico_stdio_usb/reset_interface.c.obj
                0x100035d4                usbd_app_driver_get_cb
 .text.tud_cdc_line_coding_cb
                0x100035e4       0x14 CMakeFiles/adc_console.dir/C_/Users/1/.pico-sdk/sdk/2.0.0/src/rp2_common/pico_stdio_usb/reset_interface.c.obj
                0x100035e4                tud_cdc_line_coding_cb
 .text.stdio_usb_set_chars_available_callback
                0x100035f8       0x14 CMakeFiles/adc_console.dir/C_/Users/1/.pico-sdk/sdk/2.0.0/src/rp2_common/pico_stdio_usb/stdio_usb.c.obj
                0x100035f8                stdio_usb_set_chars_available_callback
 .text.timer_task
                0x1000360c       0x70 CMakeFiles/adc_console.dir/C_/Users/1/.pico-sdk/sdk/2.0.0/src/rp2_common/pico_stdio_usb/stdio_usb.c.obj
 .text.usb_irq  0x1000367c        0xc CMakeFiles/adc_console.dir/C_/Users/1/.pico-sdk/sdk/2.0.0/src/rp2_common/pico_stdio_usb/stdio_usb.c.obj
 .text.stdio_usb_in_chars
                0x10003688       0x88 CMakeFiles/adc_console.dir/C_/Users/1/.pico-sdk/sdk/2.0.0/src/rp2_common/pico_stdio_usb/stdio_usb.c.obj
                0x10003688                stdio_usb_in_chars
 .text.stdio_usb_out_flush
                0x10003710       0x54 CMakeFiles/adc_console.dir/C_/Users/1/.pico-sdk/sdk/2.0.0/src/rp2_common/pico_stdio_usb/stdio_usb.c.obj
 .text.stdio_usb_out_chars
                0x10003764       0xf4 CMakeFiles/adc_console.dir/C_/Users/1/.pico-sdk/sdk/2.0.0/src/rp2_common/pico_stdio_usb/stdio_usb.c.obj
 .text.low_priority_worker_irq
                0x10003858       0xd8 CMakeFiles/adc_console.dir/C_/Users/1/.pico-sdk/sdk/2.0.0/src/rp2_common/pico_stdio_usb/stdio_usb.c.obj
 .text.stdio_usb_init
                0x10003930       0xe4 CMakeFiles/adc_console.dir/C_/Users/1/.pico-sdk/sdk/2.0.0/src/rp2_common/pico_stdio_usb/stdio_usb.c.obj
                0x10003930                stdio_usb_init
 .text.tud_descriptor_device_cb
                0x10003a14        0x8 CMakeFiles/adc_console.dir/C_/Users/1/.pico-sdk/sdk/2.0.0/src/rp2_common/pico_stdio_usb/stdio_usb_descriptors.c.obj
                0x10003a14                tud_descriptor_device_cb
 .text.tud_descriptor_configuration_cb
                0x10003a1c        0x8 CMakeFiles/adc_console.dir/C_/Users/1/.pico-sdk/sdk/2.0.0/src/rp2_common/pico_stdio_usb/stdio_usb_descriptors.c.obj
                0x10003a1c                tud_descriptor_configuration_cb
 .text.tud_descriptor_string_cb
                0x10003a24       0x70 CMakeFiles/adc_console.dir/C_/Users/1/.pico-sdk/sdk/2.0.0/src/rp2_common/pico_stdio_usb/stdio_usb_descriptors.c.obj
                0x10003a24                tud_descriptor_string_cb
 .text.startup._retrieve_unique_id_on_boot
                0x10003a94       0x30 CMakeFiles/adc_console.dir/C_/Users/1/.pico-sdk/sdk/2.0.0/src/rp2_common/pico_unique_id/unique_id.c.obj
 .text.pico_get_unique_board_id_string
                0x10003ac4      0x184 CMakeFiles/adc_console.dir/C_/Users/1/.pico-sdk/sdk/2.0.0/src/rp2_common/pico_unique_id/unique_id.c.obj
                0x10003ac4                pico_get_unique_board_id_string
 .text.dcd_init
                0x10003c48       0x90 CMakeFiles/adc_console.dir/C_/Users/1/.pico-sdk/sdk/2.0.0/lib/tinyusb/src/portable/raspberrypi/rp2040/dcd_rp2040.c.obj
                0x10003c48                dcd_init
 .text.dcd_int_enable
                0x10003cd8        0x8 CMakeFiles/adc_console.dir/C_/Users/1/.pico-sdk/sdk/2.0.0/lib/tinyusb/src/portable/raspberrypi/rp2040/dcd_rp2040.c.obj
                0x10003cd8                dcd_int_enable
 .text.dcd_set_address
                0x10003ce0       0x10 CMakeFiles/adc_console.dir/C_/Users/1/.pico-sdk/sdk/2.0.0/lib/tinyusb/src/portable/raspberrypi/rp2040/dcd_rp2040.c.obj
                0x10003ce0                dcd_set_address
 .text.dcd_sof_enable
                0x10003cf0       0x1c CMakeFiles/adc_console.dir/C_/Users/1/.pico-sdk/sdk/2.0.0/lib/tinyusb/src/portable/raspberrypi/rp2040/dcd_rp2040.c.obj
                0x10003cf0                dcd_sof_enable
 .text.dcd_edpt0_status_complete
                0x10003d0c       0x1c CMakeFiles/adc_console.dir/C_/Users/1/.pico-sdk/sdk/2.0.0/lib/tinyusb/src/portable/raspberrypi/rp2040/dcd_rp2040.c.obj
                0x10003d0c                dcd_edpt0_status_complete
 .text.dcd_edpt_open
                0x10003d28       0xf8 CMakeFiles/adc_console.dir/C_/Users/1/.pico-sdk/sdk/2.0.0/lib/tinyusb/src/portable/raspberrypi/rp2040/dcd_rp2040.c.obj
                0x10003d28                dcd_edpt_open
 .text.dcd_edpt_close_all
                0x10003e20        0x4 CMakeFiles/adc_console.dir/C_/Users/1/.pico-sdk/sdk/2.0.0/lib/tinyusb/src/portable/raspberrypi/rp2040/dcd_rp2040.c.obj
                0x10003e20                dcd_edpt_close_all
 .text.dcd_edpt_xfer
                0x10003e24       0x28 CMakeFiles/adc_console.dir/C_/Users/1/.pico-sdk/sdk/2.0.0/lib/tinyusb/src/portable/raspberrypi/rp2040/dcd_rp2040.c.obj
                0x10003e24                dcd_edpt_xfer
 .text.dcd_edpt_stall
                0x10003e4c       0x2c CMakeFiles/adc_console.dir/C_/Users/1/.pico-sdk/sdk/2.0.0/lib/tinyusb/src/portable/raspberrypi/rp2040/dcd_rp2040.c.obj
                0x10003e4c                dcd_edpt_stall
 .text.dcd_edpt_clear_stall
                0x10003e78       0x2c CMakeFiles/adc_console.dir/C_/Users/1/.pico-sdk/sdk/2.0.0/lib/tinyusb/src/portable/raspberrypi/rp2040/dcd_rp2040.c.obj
                0x10003e78                dcd_edpt_clear_stall
 .text.rp2040_usb_init
                0x10003ea4       0x40 CMakeFiles/adc_console.dir/C_/Users/1/.pico-sdk/sdk/2.0.0/lib/tinyusb/src/portable/raspberrypi/rp2040/rp2040_usb.c.obj
                0x10003ea4                rp2040_usb_init
 .text.hw_endpoint_xfer_start
                0x10003ee4       0x40 CMakeFiles/adc_console.dir/C_/Users/1/.pico-sdk/sdk/2.0.0/lib/tinyusb/src/portable/raspberrypi/rp2040/rp2040_usb.c.obj
                0x10003ee4                hw_endpoint_xfer_start
 .text.configuration_reset
                0x10003f24       0x8c CMakeFiles/adc_console.dir/C_/Users/1/.pico-sdk/sdk/2.0.0/lib/tinyusb/src/device/usbd.c.obj
 .text.tud_event_hook_cb
                0x10003fb0        0x4 CMakeFiles/adc_console.dir/C_/Users/1/.pico-sdk/sdk/2.0.0/lib/tinyusb/src/device/usbd.c.obj
                0x10003fb0                tud_event_hook_cb
 .text.tud_sof_cb
                0x10003fb4        0x4 CMakeFiles/adc_console.dir/C_/Users/1/.pico-sdk/sdk/2.0.0/lib/tinyusb/src/device/usbd.c.obj
                0x10003fb4                tud_sof_cb
 .text.tud_descriptor_device_qualifier_cb
                0x10003fb8        0x4 CMakeFiles/adc_console.dir/C_/Users/1/.pico-sdk/sdk/2.0.0/lib/tinyusb/src/device/usbd.c.obj
                0x10003fb8                tud_descriptor_device_qualifier_cb
 .text.tud_descriptor_other_speed_configuration_cb
                0x10003fbc        0x4 CMakeFiles/adc_console.dir/C_/Users/1/.pico-sdk/sdk/2.0.0/lib/tinyusb/src/device/usbd.c.obj
                0x10003fbc                tud_descriptor_other_speed_configuration_cb
 .text.tud_mount_cb
                0x10003fc0        0x4 CMakeFiles/adc_console.dir/C_/Users/1/.pico-sdk/sdk/2.0.0/lib/tinyusb/src/device/usbd.c.obj
                0x10003fc0                tud_mount_cb
 .text.tud_umount_cb
                0x10003fc4        0x4 CMakeFiles/adc_console.dir/C_/Users/1/.pico-sdk/sdk/2.0.0/lib/tinyusb/src/device/usbd.c.obj
                0x10003fc4                tud_umount_cb
 .text.tud_suspend_cb
                0x10003fc8        0x4 CMakeFiles/adc_console.dir/C_/Users/1/.pico-sdk/sdk/2.0.0/lib/tinyusb/src/device/usbd.c.obj
                0x10003fc8                tud_suspend_cb
 .text.tud_resume_cb
                0x10003fcc        0x4 CMakeFiles/adc_console.dir/C_/Users/1/.pico-sdk/sdk/2.0.0/lib/tinyusb/src/device/usbd.c.obj
                0x10003fcc                tud_resume_cb
 .text.tud_mounted
                0x10003fd0       0x10 CMakeFiles/adc_console.dir/C_/Users/1/.pico-sdk/sdk/2.0.0/lib/tinyusb/src/device/usbd.c.obj
                0x10003fd0                tud_mounted
 .text.tud_suspended
                0x10003fe0       0x10 CMakeFiles/adc_console.dir/C_/Users/1/.pico-sdk/sdk/2.0.0/lib/tinyusb/src/device/usbd.c.obj
                0x10003fe0                tud_suspended
 .text.tud_init
                0x10003ff0       0xe8 CMakeFiles/adc_console.dir/C_/Users/1/.pico-sdk/sdk/2.0.0/lib/tinyusb/src/device/usbd.c.obj
                0x10003ff0                tud_init
 .text.tud_task_ext
                0x100040d8      0x784 CMakeFiles/adc_console.dir/C_/Users/1/.pico-sdk/sdk/2.0.0/lib/tinyusb/src/device/usbd.c.obj
                0x100040d8                tud_task_ext
 .text.usbd_open_edpt_pair
                0x1000485c       0x9c CMakeFiles/adc_console.dir/C_/Users/1/.pico-sdk/sdk/2.0.0/lib/tinyusb/src/device/usbd.c.obj
                0x1000485c                usbd_open_edpt_pair
 .text.usbd_edpt_open
                0x100048f8       0x44 CMakeFiles/adc_console.dir/C_/Users/1/.pico-sdk/sdk/2.0.0/lib/tinyusb/src/device/usbd.c.obj
                0x100048f8                usbd_edpt_open
 .text.usbd_edpt_claim
                0x1000493c       0x24 CMakeFiles/adc_console.dir/C_/Users/1/.pico-sdk/sdk/2.0.0/lib/tinyusb/src/device/usbd.c.obj
                0x1000493c                usbd_edpt_claim
 .text.usbd_edpt_release
                0x10004960       0x24 CMakeFiles/adc_console.dir/C_/Users/1/.pico-sdk/sdk/2.0.0/lib/tinyusb/src/device/usbd.c.obj
                0x10004960                usbd_edpt_release
 .text.usbd_edpt_xfer
                0x10004984       0x70 CMakeFiles/adc_console.dir/C_/Users/1/.pico-sdk/sdk/2.0.0/lib/tinyusb/src/device/usbd.c.obj
                0x10004984                usbd_edpt_xfer
 .text.tud_control_status
                0x100049f4       0x34 CMakeFiles/adc_console.dir/C_/Users/1/.pico-sdk/sdk/2.0.0/lib/tinyusb/src/device/usbd_control.c.obj
                0x100049f4                tud_control_status
 .text.tud_control_xfer
                0x10004a28       0xac CMakeFiles/adc_console.dir/C_/Users/1/.pico-sdk/sdk/2.0.0/lib/tinyusb/src/device/usbd_control.c.obj
                0x10004a28                tud_control_xfer
 .text.usbd_control_reset
                0x10004ad4       0x14 CMakeFiles/adc_console.dir/C_/Users/1/.pico-sdk/sdk/2.0.0/lib/tinyusb/src/device/usbd_control.c.obj
                0x10004ad4                usbd_control_reset
 .text.usbd_control_set_complete_callback
                0x10004ae8        0xc CMakeFiles/adc_console.dir/C_/Users/1/.pico-sdk/sdk/2.0.0/lib/tinyusb/src/device/usbd_control.c.obj
                0x10004ae8                usbd_control_set_complete_callback
 .text.usbd_control_set_request
                0x10004af4       0x1c CMakeFiles/adc_console.dir/C_/Users/1/.pico-sdk/sdk/2.0.0/lib/tinyusb/src/device/usbd_control.c.obj
                0x10004af4                usbd_control_set_request
 .text.usbd_control_xfer_cb
                0x10004b10       0xfc CMakeFiles/adc_console.dir/C_/Users/1/.pico-sdk/sdk/2.0.0/lib/tinyusb/src/device/usbd_control.c.obj
                0x10004b10                usbd_control_xfer_cb
 .text._prep_out_transaction.isra.0
                0x10004c0c       0x60 CMakeFiles/adc_console.dir/C_/Users/1/.pico-sdk/sdk/2.0.0/lib/tinyusb/src/class/cdc/cdc_device.c.obj
 .text.tud_cdc_n_connected
                0x10004c6c       0x2c CMakeFiles/adc_console.dir/C_/Users/1/.pico-sdk/sdk/2.0.0/lib/tinyusb/src/class/cdc/cdc_device.c.obj
                0x10004c6c                tud_cdc_n_connected
 .text.tud_cdc_n_available
                0x10004c98       0x18 CMakeFiles/adc_console.dir/C_/Users/1/.pico-sdk/sdk/2.0.0/lib/tinyusb/src/class/cdc/cdc_device.c.obj
                0x10004c98                tud_cdc_n_available
 .text.tud_cdc_n_read
                0x10004cb0       0x90 CMakeFiles/adc_console.dir/C_/Users/1/.pico-sdk/sdk/2.0.0/lib/tinyusb/src/class/cdc/cdc_device.c.obj
                0x10004cb0                tud_cdc_n_read
 .text.tud_cdc_n_write_flush
                0x10004d40       0x8c CMakeFiles/adc_console.dir/C_/Users/1/.pico-sdk/sdk/2.0.0/lib/tinyusb/src/class/cdc/cdc_device.c.obj
                0x10004d40                tud_cdc_n_write_flush
 .text.tud_cdc_n_write
                0x10004dcc       0x40 CMakeFiles/adc_console.dir/C_/Users/1/.pico-sdk/sdk/2.0.0/lib/tinyusb/src/class/cdc/cdc_device.c.obj
                0x10004dcc                tud_cdc_n_write
 .text.tud_cdc_n_write_available
                0x10004e0c       0x18 CMakeFiles/adc_console.dir/C_/Users/1/.pico-sdk/sdk/2.0.0/lib/tinyusb/src/class/cdc/cdc_device.c.obj
                0x10004e0c                tud_cdc_n_write_available
 .text.cdcd_init
                0x10004e24       0x78 CMakeFiles/adc_console.dir/C_/Users/1/.pico-sdk/sdk/2.0.0/lib/tinyusb/src/class/cdc/cdc_device.c.obj
                0x10004e24                cdcd_init
 .text.cdcd_deinit
                0x10004e9c       0x2c CMakeFiles/adc_console.dir/C_/Users/1/.pico-sdk/sdk/2.0.0/lib/tinyusb/src/class/cdc/cdc_device.c.obj
                0x10004e9c                cdcd_deinit
 .text.cdcd_reset
                0x10004ec8       0x4c CMakeFiles/adc_console.dir/C_/Users/1/.pico-sdk/sdk/2.0.0/lib/tinyusb/src/class/cdc/cdc_device.c.obj
                0x10004ec8                cdcd_reset
 .text.cdcd_open
                0x10004f14       0xb4 CMakeFiles/adc_console.dir/C_/Users/1/.pico-sdk/sdk/2.0.0/lib/tinyusb/src/class/cdc/cdc_device.c.obj
                0x10004f14                cdcd_open
 .text.cdcd_control_xfer_cb
                0x10004fc8       0xc4 CMakeFiles/adc_console.dir/C_/Users/1/.pico-sdk/sdk/2.0.0/lib/tinyusb/src/class/cdc/cdc_device.c.obj
                0x10004fc8                cdcd_control_xfer_cb
 .text.cdcd_xfer_cb
                0x1000508c       0xfc CMakeFiles/adc_console.dir/C_/Users/1/.pico-sdk/sdk/2.0.0/lib/tinyusb/src/class/cdc/cdc_device.c.obj
                0x1000508c                cdcd_xfer_cb
 .text.tud_vendor_n_write_flush
                0x10005188       0x8c CMakeFiles/adc_console.dir/C_/Users/1/.pico-sdk/sdk/2.0.0/lib/tinyusb/src/class/vendor/vendor_device.c.obj
                0x10005188                tud_vendor_n_write_flush
 .text.vendord_init
                0x10005214       0x60 CMakeFiles/adc_console.dir/C_/Users/1/.pico-sdk/sdk/2.0.0/lib/tinyusb/src/class/vendor/vendor_device.c.obj
                0x10005214                vendord_init
 .text.vendord_deinit
                0x10005274       0x34 CMakeFiles/adc_console.dir/C_/Users/1/.pico-sdk/sdk/2.0.0/lib/tinyusb/src/class/vendor/vendor_device.c.obj
                0x10005274                vendord_deinit
 .text.vendord_reset
                0x100052a8       0x20 CMakeFiles/adc_console.dir/C_/Users/1/.pico-sdk/sdk/2.0.0/lib/tinyusb/src/class/vendor/vendor_device.c.obj
                0x100052a8                vendord_reset
 .text.vendord_open
                0x100052c8       0xcc CMakeFiles/adc_console.dir/C_/Users/1/.pico-sdk/sdk/2.0.0/lib/tinyusb/src/class/vendor/vendor_device.c.obj
                0x100052c8                vendord_open
 .text.vendord_xfer_cb
                0x10005394       0xbc CMakeFiles/adc_console.dir/C_/Users/1/.pico-sdk/sdk/2.0.0/lib/tinyusb/src/class/vendor/vendor_device.c.obj
                0x10005394                vendord_xfer_cb
 .text.tusb_init
                0x10005450       0x1c CMakeFiles/adc_console.dir/C_/Users/1/.pico-sdk/sdk/2.0.0/lib/tinyusb/src/tusb.c.obj
                0x10005450                tusb_init
 .text.tu_edpt_claim
                0x1000546c       0x54 CMakeFiles/adc_console.dir/C_/Users/1/.pico-sdk/sdk/2.0.0/lib/tinyusb/src/tusb.c.obj
                0x1000546c                tu_edpt_claim
 .text.tu_edpt_release
                0x100054c0       0x38 CMakeFiles/adc_console.dir/C_/Users/1/.pico-sdk/sdk/2.0.0/lib/tinyusb/src/tusb.c.obj
                0x100054c0                tu_edpt_release
 .text.tu_edpt_validate
                0x100054f8       0x64 CMakeFiles/adc_console.dir/C_/Users/1/.pico-sdk/sdk/2.0.0/lib/tinyusb/src/tusb.c.obj
                0x100054f8                tu_edpt_validate
 .text.tu_edpt_bind_driver
                0x1000555c       0x58 CMakeFiles/adc_console.dir/C_/Users/1/.pico-sdk/sdk/2.0.0/lib/tinyusb/src/tusb.c.obj
                0x1000555c                tu_edpt_bind_driver
 .text.tu_fifo_config
                0x100055b4       0x60 CMakeFiles/adc_console.dir/C_/Users/1/.pico-sdk/sdk/2.0.0/lib/tinyusb/src/common/tusb_fifo.c.obj
                0x100055b4                tu_fifo_config
 .text.tu_fifo_count
                0x10005614       0x20 CMakeFiles/adc_console.dir/C_/Users/1/.pico-sdk/sdk/2.0.0/lib/tinyusb/src/common/tusb_fifo.c.obj
                0x10005614                tu_fifo_count
 .text.tu_fifo_empty
                0x10005634       0x14 CMakeFiles/adc_console.dir/C_/Users/1/.pico-sdk/sdk/2.0.0/lib/tinyusb/src/common/tusb_fifo.c.obj
                0x10005634                tu_fifo_empty
 .text.tu_fifo_remaining
                0x10005648       0x24 CMakeFiles/adc_console.dir/C_/Users/1/.pico-sdk/sdk/2.0.0/lib/tinyusb/src/common/tusb_fifo.c.obj
                0x10005648                tu_fifo_remaining
 .text.tu_fifo_read
                0x1000566c       0x94 CMakeFiles/adc_console.dir/C_/Users/1/.pico-sdk/sdk/2.0.0/lib/tinyusb/src/common/tusb_fifo.c.obj
                0x1000566c                tu_fifo_read
 .text.tu_fifo_read_n
                0x10005700       0xd8 CMakeFiles/adc_console.dir/C_/Users/1/.pico-sdk/sdk/2.0.0/lib/tinyusb/src/common/tusb_fifo.c.obj
                0x10005700                tu_fifo_read_n
 .text.tu_fifo_write
                0x100057d8       0xa0 CMakeFiles/adc_console.dir/C_/Users/1/.pico-sdk/sdk/2.0.0/lib/tinyusb/src/common/tusb_fifo.c.obj
                0x100057d8                tu_fifo_write
 .text.tu_fifo_write_n
                0x10005878      0x158 CMakeFiles/adc_console.dir/C_/Users/1/.pico-sdk/sdk/2.0.0/lib/tinyusb/src/common/tusb_fifo.c.obj
                0x10005878                tu_fifo_write_n
 .text.tu_fifo_clear
                0x100059d0       0x38 CMakeFiles/adc_console.dir/C_/Users/1/.pico-sdk/sdk/2.0.0/lib/tinyusb/src/common/tusb_fifo.c.obj
                0x100059d0                tu_fifo_clear
 .text.tu_fifo_set_overwritable
                0x10005a08       0x3c CMakeFiles/adc_console.dir/C_/Users/1/.pico-sdk/sdk/2.0.0/lib/tinyusb/src/common/tusb_fifo.c.obj
                0x10005a08                tu_fifo_set_overwritable
 .text.adc_init
                0x10005a44       0x30 CMakeFiles/adc_console.dir/C_/Users/1/.pico-sdk/sdk/2.0.0/src/rp2_common/hardware_adc/adc.c.obj
                0x10005a44                adc_init
 .text.memset   0x10005a74       0xa4 C:/Users/1/.pico-sdk/toolchain/13_2_Rel1/bin/../lib/gcc/arm-none-eabi/13.2.1/thumb/v8-m.main+fp/softfp\libg.a(libc_a-memset.o)
                0x10005a74                memset
 .text          0x10005b18       0xec C:/Users/1/.pico-sdk/toolchain/13_2_Rel1/bin/../lib/gcc/arm-none-eabi/13.2.1/thumb/v8-m.main+fp/softfp\libg.a(libc_a-memcpy.o)
                0x10005b18                memcpy
 .text.strlen   0x10005c04       0x5c C:/Users/1/.pico-sdk/toolchain/13_2_Rel1/bin/../lib/gcc/arm-none-eabi/13.2.1/thumb/v8-m.main+fp/softfp\libg.a(libc_a-strlen-stub.o)
                0x10005c04                strlen
 *(.fini)
 .fini          0x10005c60        0x4 C:/Users/1/.pico-sdk/toolchain/13_2_Rel1/bin/../lib/gcc/arm-none-eabi/13.2.1/thumb/v8-m.main+fp/softfp/crti.o
                0x10005c60                _fini
 *fill*         0x10005c64        0x4 
 .fini.__stub   0x10005c68       0x58 linker stubs
 *crtbegin.o(.ctors)
 *crtbegin?.o(.ctors)
 *(EXCLUDE_FILE(*crtend.o *crtend?.o) .ctors)
 *(SORT_BY_NAME(.ctors.*))
 *(.ctors)
 *crtbegin.o(.dtors)
 *crtbegin?.o(.dtors)
 *(EXCLUDE_FILE(*crtend.o *crtend?.o) .dtors)
 *(SORT_BY_NAME(.dtors.*))
 *(.dtors)
                0x10005cc0                        . = ALIGN (0x4)
                0x10005cc0                        PROVIDE (__preinit_array_start = .)
 *(SORT_BY_NAME(.preinit_array.*))
 .preinit_array.00050
                0x10005cc0        0x4 CMakeFiles/adc_console.dir/C_/Users/1/.pico-sdk/sdk/2.0.0/src/rp2_common/pico_runtime_init/runtime_init.c.obj
                0x10005cc0                __pre_init_runtime_init_bootrom_reset
 .preinit_array.00100
                0x10005cc4        0x4 CMakeFiles/adc_console.dir/C_/Users/1/.pico-sdk/sdk/2.0.0/src/rp2_common/pico_runtime_init/runtime_init.c.obj
                0x10005cc4                __pre_init_runtime_init_early_resets
 .preinit_array.00101
                0x10005cc8        0x4 CMakeFiles/adc_console.dir/C_/Users/1/.pico-sdk/sdk/2.0.0/src/rp2_common/pico_runtime_init/runtime_init.c.obj
                0x10005cc8                __pre_init_runtime_init_usb_power_down
 .preinit_array.00500
                0x10005ccc        0x4 CMakeFiles/adc_console.dir/C_/Users/1/.pico-sdk/sdk/2.0.0/src/rp2_common/pico_runtime_init/runtime_init.c.obj
                0x10005ccc                __pre_init_runtime_init_clocks
 .preinit_array.00600
                0x10005cd0        0x4 CMakeFiles/adc_console.dir/C_/Users/1/.pico-sdk/sdk/2.0.0/src/rp2_common/pico_runtime_init/runtime_init.c.obj
                0x10005cd0                __pre_init_runtime_init_post_clock_resets
 .preinit_array.01000
                0x10005cd4        0x4 CMakeFiles/adc_console.dir/C_/Users/1/.pico-sdk/sdk/2.0.0/src/rp2_common/pico_runtime_init/runtime_init.c.obj
                0x10005cd4                __pre_init_runtime_init_spin_locks_reset
 .preinit_array.01000
                0x10005cd8        0x4 CMakeFiles/adc_console.dir/C_/Users/1/.pico-sdk/sdk/2.0.0/src/rp2_common/hardware_boot_lock/boot_lock.c.obj
                0x10005cd8                __pre_init_runtime_init_boot_locks_reset
 .preinit_array.01010
                0x10005cdc        0x4 CMakeFiles/adc_console.dir/C_/Users/1/.pico-sdk/sdk/2.0.0/src/rp2_common/pico_bootrom/bootrom_lock.c.obj
                0x10005cdc                __pre_init_runtime_init_bootrom_locking_enable
 .preinit_array.01100
                0x10005ce0        0x4 CMakeFiles/adc_console.dir/C_/Users/1/.pico-sdk/sdk/2.0.0/src/common/pico_sync/mutex.c.obj
                0x10005ce0                __pre_init_runtime_init_mutex
 .preinit_array.10080
                0x10005ce4        0x4 CMakeFiles/adc_console.dir/C_/Users/1/.pico-sdk/sdk/2.0.0/src/rp2_common/pico_runtime_init/runtime_init.c.obj
                0x10005ce4                __pre_init_runtime_init_install_ram_vector_table
 .preinit_array.11000
                0x10005ce8        0x4 CMakeFiles/adc_console.dir/C_/Users/1/.pico-sdk/sdk/2.0.0/src/common/pico_time/time.c.obj
                0x10005ce8                __pre_init_runtime_init_default_alarm_pool
 .preinit_array.YYYYY
                0x10005cec        0x4 CMakeFiles/adc_console.dir/C_/Users/1/.pico-sdk/sdk/2.0.0/src/rp2_common/pico_runtime/runtime.c.obj
                0x10005cec                __pre_init_first_per_core_initializer
 .preinit_array.ZZZZZ.00051
                0x10005cf0        0x4 CMakeFiles/adc_console.dir/C_/Users/1/.pico-sdk/sdk/2.0.0/src/rp2_common/pico_runtime_init/runtime_init.c.obj
                0x10005cf0                __pre_init_runtime_init_per_core_bootrom_reset
 .preinit_array.ZZZZZ.00200
                0x10005cf4        0x4 CMakeFiles/adc_console.dir/C_/Users/1/.pico-sdk/sdk/2.0.0/src/rp2_common/pico_runtime_init/runtime_init.c.obj
                0x10005cf4                __pre_init_runtime_init_per_core_enable_coprocessors
 .preinit_array.ZZZZZ.01000
                0x10005cf8        0x4 CMakeFiles/adc_console.dir/C_/Users/1/.pico-sdk/sdk/2.0.0/src/rp2_common/hardware_sync_spin_lock/sync_spin_lock.c.obj
                0x10005cf8                __pre_init_spinlock_set_extexclall
 .preinit_array.ZZZZZ.01200
                0x10005cfc        0x4 CMakeFiles/adc_console.dir/C_/Users/1/.pico-sdk/sdk/2.0.0/src/rp2_common/hardware_irq/irq.c.obj
                0x10005cfc                __pre_init_runtime_init_per_core_irq_priorities
 *(.preinit_array)
                0x10005d00                        PROVIDE (__preinit_array_end = .)
                0x10005d00                        . = ALIGN (0x4)
                0x10005d00                        PROVIDE (__init_array_start = .)
 *(SORT_BY_NAME(.init_array.*))
 *(.init_array)
 .init_array    0x10005d00        0x4 C:/Users/1/.pico-sdk/toolchain/13_2_Rel1/bin/../lib/gcc/arm-none-eabi/13.2.1/thumb/v8-m.main+fp/softfp/crtbegin.o
 .init_array    0x10005d04        0x4 CMakeFiles/adc_console.dir/C_/Users/1/.pico-sdk/sdk/2.0.0/src/rp2_common/pico_unique_id/unique_id.c.obj
                0x10005d08                        PROVIDE (__init_array_end = .)
                0x10005d08                        . = ALIGN (0x4)
                [!provide]                        PROVIDE (__fini_array_start = .)
 *(SORT_BY_NAME(.fini_array.*))
 *(.fini_array)
                [!provide]                        PROVIDE (__fini_array_end = .)
 *(.eh_frame*)
 .eh_frame      0x10005d08        0x0 C:/Users/1/.pico-sdk/toolchain/13_2_Rel1/bin/../lib/gcc/arm-none-eabi/13.2.1/thumb/v8-m.main+fp/softfp/crtbegin.o
                0x10005d08                        . = ALIGN (0x4)

.glue_7         0x10005d08        0x0
 .glue_7        0x10005d08        0x0 linker stubs

.glue_7t        0x10005d08        0x0
 .glue_7t       0x10005d08        0x0 linker stubs

.vfp11_veneer   0x10005d08        0x0
 .vfp11_veneer  0x10005d08        0x0 linker stubs

.v4_bx          0x10005d08        0x0
 .v4_bx         0x10005d08        0x0 linker stubs

.iplt           0x10005d08        0x0
 .iplt          0x10005d08        0x0 C:/Users/1/.pico-sdk/toolchain/13_2_Rel1/bin/../lib/gcc/arm-none-eabi/13.2.1/thumb/v8-m.main+fp/softfp/crtbegin.o

.boot2          0x10005d08        0x0
                0x10005d08                        __boot2_start__ = .
 *(.boot2)
                0x10005d08                        __boot2_end__ = .
                0x00000001                        ASSERT (((__boot2_end__ - __boot2_start__) <= 0x100), ERROR: Pico second stage bootloader must be no more than 256 bytes in size)

.rodata         0x10005d08      0x53c
 *(EXCLUDE_FILE(*libm.a: *libc.a:*lib_a-mem*.o *libgcc.a:) .rodata*)
 .rodata.printhelp.str1.4
                0x10005d08      0x2e0 CMakeFiles/adc_console.dir/adc_console.c.obj
                                 0x5c (size before relaxing)
 .rodata.main.str1.4
                0x10005fe8      0x113 CMakeFiles/adc_console.dir/adc_console.c.obj
 .rodata.panic.str1.4
                0x10005fe8       0x12 CMakeFiles/adc_console.dir/C_/Users/1/.pico-sdk/sdk/2.0.0/src/rp2_common/pico_platform_panic/panic.c.obj
 .rodata.spin_lock_claim_unused.str1.4
                0x10005fe8       0x1b CMakeFiles/adc_console.dir/C_/Users/1/.pico-sdk/sdk/2.0.0/src/rp2_common/hardware_sync/sync.c.obj
 .rodata.user_irq_claim_unused.str1.4
                0x10005fe8       0x1b CMakeFiles/adc_console.dir/C_/Users/1/.pico-sdk/sdk/2.0.0/src/rp2_common/hardware_irq/irq.c.obj
 .rodata.at_the_end_of_time
                0x10005fe8        0x8 CMakeFiles/adc_console.dir/C_/Users/1/.pico-sdk/sdk/2.0.0/src/common/pico_time/time.c.obj
                0x10005fe8                at_the_end_of_time
 .rodata.timer_hardware_alarm_claim.str1.4
                0x10005ff0       0x22 CMakeFiles/adc_console.dir/C_/Users/1/.pico-sdk/sdk/2.0.0/src/rp2_common/hardware_timer/timer.c.obj
 .rodata.hard_assertion_failure.str1.4
                0x10005ff0        0xc CMakeFiles/adc_console.dir/C_/Users/1/.pico-sdk/sdk/2.0.0/src/rp2_common/pico_runtime/runtime.c.obj
 .rodata.str1.4
                0x10005ff0       0x3c CMakeFiles/adc_console.dir/C_/Users/1/.pico-sdk/sdk/2.0.0/src/rp2_common/pico_standard_binary_info/standard_binary_info.c.obj
 .rodata.__bi_84
                0x10005ff0        0xc CMakeFiles/adc_console.dir/C_/Users/1/.pico-sdk/sdk/2.0.0/src/rp2_common/pico_standard_binary_info/standard_binary_info.c.obj
 .rodata.__bi_54
                0x10005ffc        0xc CMakeFiles/adc_console.dir/C_/Users/1/.pico-sdk/sdk/2.0.0/src/rp2_common/pico_standard_binary_info/standard_binary_info.c.obj
 .rodata.__bi_48
                0x10006008        0xc CMakeFiles/adc_console.dir/C_/Users/1/.pico-sdk/sdk/2.0.0/src/rp2_common/pico_standard_binary_info/standard_binary_info.c.obj
 .rodata.__bi_42
                0x10006014        0xc CMakeFiles/adc_console.dir/C_/Users/1/.pico-sdk/sdk/2.0.0/src/rp2_common/pico_standard_binary_info/standard_binary_info.c.obj
 .rodata.__bi_34
                0x10006020        0xc CMakeFiles/adc_console.dir/C_/Users/1/.pico-sdk/sdk/2.0.0/src/rp2_common/pico_standard_binary_info/standard_binary_info.c.obj
 .rodata.__bi_26
                0x1000602c        0xc CMakeFiles/adc_console.dir/C_/Users/1/.pico-sdk/sdk/2.0.0/src/rp2_common/pico_standard_binary_info/standard_binary_info.c.obj
 .rodata._ftoa.str1.4
                0x10006038       0x15 CMakeFiles/adc_console.dir/C_/Users/1/.pico-sdk/sdk/2.0.0/src/rp2_common/pico_printf/printf.c.obj
 .rodata.pow10.0
                0x10006038       0x50 CMakeFiles/adc_console.dir/C_/Users/1/.pico-sdk/sdk/2.0.0/src/rp2_common/pico_printf/printf.c.obj
 .rodata.crlf_str.0
                0x10006088        0x2 CMakeFiles/adc_console.dir/C_/Users/1/.pico-sdk/sdk/2.0.0/src/rp2_common/pico_stdio/stdio.c.obj
 *fill*         0x1000608a        0x2 
 .rodata._resetd_driver
                0x1000608c       0x20 CMakeFiles/adc_console.dir/C_/Users/1/.pico-sdk/sdk/2.0.0/src/rp2_common/pico_stdio_usb/reset_interface.c.obj
 .rodata.desc_ms_os_20
                0x100060ac       0xa6 CMakeFiles/adc_console.dir/C_/Users/1/.pico-sdk/sdk/2.0.0/src/rp2_common/pico_stdio_usb/reset_interface.c.obj
 *fill*         0x10006152        0x2 
 .rodata.desc_bos
                0x10006154       0x21 CMakeFiles/adc_console.dir/C_/Users/1/.pico-sdk/sdk/2.0.0/src/rp2_common/pico_stdio_usb/reset_interface.c.obj
                0x10006154                desc_bos
 .rodata.str1.4
                0x10006175       0x13 CMakeFiles/adc_console.dir/C_/Users/1/.pico-sdk/sdk/2.0.0/src/rp2_common/pico_stdio_usb/stdio_usb.c.obj
 *fill*         0x10006175        0x3 
 .rodata.__bi_197.0
                0x10006178        0xc CMakeFiles/adc_console.dir/C_/Users/1/.pico-sdk/sdk/2.0.0/src/rp2_common/pico_stdio_usb/stdio_usb.c.obj
 .rodata.str1.4
                0x10006184       0x2a CMakeFiles/adc_console.dir/C_/Users/1/.pico-sdk/sdk/2.0.0/src/rp2_common/pico_stdio_usb/stdio_usb_descriptors.c.obj
 .rodata.usbd_desc_str
                0x10006184       0x18 CMakeFiles/adc_console.dir/C_/Users/1/.pico-sdk/sdk/2.0.0/src/rp2_common/pico_stdio_usb/stdio_usb_descriptors.c.obj
 .rodata.usbd_desc_cfg
                0x1000619c       0x54 CMakeFiles/adc_console.dir/C_/Users/1/.pico-sdk/sdk/2.0.0/src/rp2_common/pico_stdio_usb/stdio_usb_descriptors.c.obj
 .rodata.usbd_desc_device
                0x100061f0       0x12 CMakeFiles/adc_console.dir/C_/Users/1/.pico-sdk/sdk/2.0.0/src/rp2_common/pico_stdio_usb/stdio_usb_descriptors.c.obj
 .rodata.str1.4
                0x10006202       0x14 CMakeFiles/adc_console.dir/C_/Users/1/.pico-sdk/sdk/2.0.0/lib/tinyusb/src/portable/raspberrypi/rp2040/dcd_rp2040.c.obj
 .rodata.str1.4
                0x10006202       0x48 CMakeFiles/adc_console.dir/C_/Users/1/.pico-sdk/sdk/2.0.0/lib/tinyusb/src/portable/raspberrypi/rp2040/rp2040_usb.c.obj
 *fill*         0x10006202        0x2 
 .rodata._usbd_driver
                0x10006204       0x40 CMakeFiles/adc_console.dir/C_/Users/1/.pico-sdk/sdk/2.0.0/lib/tinyusb/src/device/usbd.c.obj
 *(.srodata*)
                0x10006244                        . = ALIGN (0x4)
 *(SORT_BY_ALIGNMENT(SORT_BY_NAME(.flashdata*)))
                0x10006244                        . = ALIGN (0x4)

.ARM.extab
 *(.ARM.extab* .gnu.linkonce.armextab.*)
                0x10006244                        __exidx_start = .

.ARM.exidx      0x10006244        0x8
 *(.ARM.exidx* .gnu.linkonce.armexidx.*)
 .ARM.exidx     0x10006244        0x8 C:/Users/1/.pico-sdk/toolchain/13_2_Rel1/bin/../lib/gcc/arm-none-eabi/13.2.1/thumb/v8-m.main+fp/softfp\libg.a(libc_a-memcpy.o)
 .ARM.exidx.text.__udivmoddi4
                0x1000624c        0x0 C:/Users/1/.pico-sdk/toolchain/13_2_Rel1/bin/../lib/gcc/arm-none-eabi/13.2.1/thumb/v8-m.main+fp/softfp\libgcc.a(_udivmoddi4.o)
                                  0x8 (size before relaxing)
                0x1000624c                        __exidx_end = .
                0x1000624c                        . = ALIGN (0x4)
                0x1000624c                        __binary_info_start = .

.binary_info    0x1000624c       0x1c
 *(.binary_info.keep.*)
 .binary_info.keep.__bi_ptr84
                0x1000624c        0x4 CMakeFiles/adc_console.dir/C_/Users/1/.pico-sdk/sdk/2.0.0/src/rp2_common/pico_standard_binary_info/standard_binary_info.c.obj
 .binary_info.keep.__bi_ptr54
                0x10006250        0x4 CMakeFiles/adc_console.dir/C_/Users/1/.pico-sdk/sdk/2.0.0/src/rp2_common/pico_standard_binary_info/standard_binary_info.c.obj
 .binary_info.keep.__bi_ptr48
                0x10006254        0x4 CMakeFiles/adc_console.dir/C_/Users/1/.pico-sdk/sdk/2.0.0/src/rp2_common/pico_standard_binary_info/standard_binary_info.c.obj
 .binary_info.keep.__bi_ptr42
                0x10006258        0x4 CMakeFiles/adc_console.dir/C_/Users/1/.pico-sdk/sdk/2.0.0/src/rp2_common/pico_standard_binary_info/standard_binary_info.c.obj
 .binary_info.keep.__bi_ptr34
                0x1000625c        0x4 CMakeFiles/adc_console.dir/C_/Users/1/.pico-sdk/sdk/2.0.0/src/rp2_common/pico_standard_binary_info/standard_binary_info.c.obj
 .binary_info.keep.__bi_ptr26
                0x10006260        0x4 CMakeFiles/adc_console.dir/C_/Users/1/.pico-sdk/sdk/2.0.0/src/rp2_common/pico_standard_binary_info/standard_binary_info.c.obj
 *(.binary_info.*)
 .binary_info.__bi_ptr197
                0x10006264        0x4 CMakeFiles/adc_console.dir/C_/Users/1/.pico-sdk/sdk/2.0.0/src/rp2_common/pico_stdio_usb/stdio_usb.c.obj
                0x10006268                        __binary_info_end = .
                0x10006268                        . = ALIGN (0x4)

.ram_vector_table
                0x20000000      0x110
 *(.ram_vector_table)
 .ram_vector_table
                0x20000000      0x110 CMakeFiles/adc_console.dir/C_/Users/1/.pico-sdk/sdk/2.0.0/src/rp2_common/pico_runtime_init/runtime_init.c.obj
                0x20000000                ram_vector_table

.uninitialized_data
                0x20000110        0x0
                0x20000110                        . = ALIGN (0x4)
 *(.uninitialized_data*)

.data           0x20000110     0x1474 load address 0x10006268
                0x20000110                        __data_start__ = .
 *(vtable)
 *(.time_critical*)
 .time_critical.mutex_try_enter
                0x20000110       0x50 CMakeFiles/adc_console.dir/C_/Users/1/.pico-sdk/sdk/2.0.0/src/common/pico_sync/mutex.c.obj
                0x20000110                mutex_try_enter
 .time_critical.mutex_enter_block_until
                0x20000160       0x70 CMakeFiles/adc_console.dir/C_/Users/1/.pico-sdk/sdk/2.0.0/src/common/pico_sync/mutex.c.obj
                0x20000160                mutex_enter_block_until
 .time_critical.mutex_try_enter_block_until
                0x200001d0       0x6c CMakeFiles/adc_console.dir/C_/Users/1/.pico-sdk/sdk/2.0.0/src/common/pico_sync/mutex.c.obj
                0x200001d0                mutex_try_enter_block_until
 .time_critical.mutex_enter_timeout_ms
                0x2000023c       0x38 CMakeFiles/adc_console.dir/C_/Users/1/.pico-sdk/sdk/2.0.0/src/common/pico_sync/mutex.c.obj
                0x2000023c                mutex_enter_timeout_ms
 .time_critical.mutex_exit
                0x20000274       0x3c CMakeFiles/adc_console.dir/C_/Users/1/.pico-sdk/sdk/2.0.0/src/common/pico_sync/mutex.c.obj
                0x20000274                mutex_exit
 .time_critical.reset_non_control_endpoints
                0x200002b0       0x64 CMakeFiles/adc_console.dir/C_/Users/1/.pico-sdk/sdk/2.0.0/lib/tinyusb/src/portable/raspberrypi/rp2040/dcd_rp2040.c.obj
 .time_critical.hw_handle_buff_status
                0x20000314       0x98 CMakeFiles/adc_console.dir/C_/Users/1/.pico-sdk/sdk/2.0.0/lib/tinyusb/src/portable/raspberrypi/rp2040/dcd_rp2040.c.obj
 .time_critical.dcd_rp2040_irq
                0x200003ac      0x540 CMakeFiles/adc_console.dir/C_/Users/1/.pico-sdk/sdk/2.0.0/lib/tinyusb/src/portable/raspberrypi/rp2040/dcd_rp2040.c.obj
 .time_critical.prepare_ep_buffer
                0x200008ec       0xd0 CMakeFiles/adc_console.dir/C_/Users/1/.pico-sdk/sdk/2.0.0/lib/tinyusb/src/portable/raspberrypi/rp2040/rp2040_usb.c.obj
 .time_critical.sync_ep_buffer
                0x200009bc       0xb8 CMakeFiles/adc_console.dir/C_/Users/1/.pico-sdk/sdk/2.0.0/lib/tinyusb/src/portable/raspberrypi/rp2040/rp2040_usb.c.obj
 .time_critical._hw_endpoint_xfer_sync
                0x20000a74       0x2c CMakeFiles/adc_console.dir/C_/Users/1/.pico-sdk/sdk/2.0.0/lib/tinyusb/src/portable/raspberrypi/rp2040/rp2040_usb.c.obj
 .time_critical.e15_is_bulkin_ep
                0x20000aa0       0x28 CMakeFiles/adc_console.dir/C_/Users/1/.pico-sdk/sdk/2.0.0/lib/tinyusb/src/portable/raspberrypi/rp2040/rp2040_usb.c.obj
 .time_critical.e15_is_critical_frame_period
                0x20000ac8       0x28 CMakeFiles/adc_console.dir/C_/Users/1/.pico-sdk/sdk/2.0.0/lib/tinyusb/src/portable/raspberrypi/rp2040/rp2040_usb.c.obj
 .time_critical.hw_endpoint_reset_transfer
                0x20000af0        0xc CMakeFiles/adc_console.dir/C_/Users/1/.pico-sdk/sdk/2.0.0/lib/tinyusb/src/portable/raspberrypi/rp2040/rp2040_usb.c.obj
                0x20000af0                hw_endpoint_reset_transfer
 .time_critical._hw_endpoint_buffer_control_update32
                0x20000afc       0x44 CMakeFiles/adc_console.dir/C_/Users/1/.pico-sdk/sdk/2.0.0/lib/tinyusb/src/portable/raspberrypi/rp2040/rp2040_usb.c.obj
                0x20000afc                _hw_endpoint_buffer_control_update32
 .time_critical.hw_endpoint_start_next_buffer
                0x20000b40       0x64 CMakeFiles/adc_console.dir/C_/Users/1/.pico-sdk/sdk/2.0.0/lib/tinyusb/src/portable/raspberrypi/rp2040/rp2040_usb.c.obj
                0x20000b40                hw_endpoint_start_next_buffer
 .time_critical.hw_endpoint_xfer_continue
                0x20000ba4       0x3c CMakeFiles/adc_console.dir/C_/Users/1/.pico-sdk/sdk/2.0.0/lib/tinyusb/src/portable/raspberrypi/rp2040/rp2040_usb.c.obj
                0x20000ba4                hw_endpoint_xfer_continue
 .time_critical.tinyusb
                0x20000be0      0x224 CMakeFiles/adc_console.dir/C_/Users/1/.pico-sdk/sdk/2.0.0/lib/tinyusb/src/device/usbd.c.obj
                0x20000be0                dcd_event_handler
 *(.text*)
 .text          0x20000e04      0x378 C:/Users/1/.pico-sdk/toolchain/13_2_Rel1/bin/../lib/gcc/arm-none-eabi/13.2.1/thumb/v8-m.main+fp/softfp\libgcc.a(_arm_addsubdf3.o)
                0x20000e04                __aeabi_drsub
                0x20000e0c                __aeabi_dsub
                0x20000e0c                __subdf3
                0x20000e10                __aeabi_dadd
                0x20000e10                __adddf3
                0x20001088                __floatunsidf
                0x20001088                __aeabi_ui2d
                0x200010a8                __floatsidf
                0x200010a8                __aeabi_i2d
                0x200010cc                __aeabi_f2d
                0x200010cc                __extendsfdf2
                0x20001110                __floatundidf
                0x20001110                __aeabi_ul2d
                0x20001120                __floatdidf
                0x20001120                __aeabi_l2d
 .text          0x2000117c       0x30 C:/Users/1/.pico-sdk/toolchain/13_2_Rel1/bin/../lib/gcc/arm-none-eabi/13.2.1/thumb/v8-m.main+fp/softfp\libgcc.a(_aeabi_uldivmod.o)
                0x2000117c                __aeabi_uldivmod
 .text.__udivmoddi4
                0x200011ac      0x300 C:/Users/1/.pico-sdk/toolchain/13_2_Rel1/bin/../lib/gcc/arm-none-eabi/13.2.1/thumb/v8-m.main+fp/softfp\libgcc.a(_udivmoddi4.o)
                0x200011ac                __udivmoddi4
 .text          0x200014ac        0x4 C:/Users/1/.pico-sdk/toolchain/13_2_Rel1/bin/../lib/gcc/arm-none-eabi/13.2.1/thumb/v8-m.main+fp/softfp\libgcc.a(_dvmd_tls.o)
                0x200014ac                __aeabi_idiv0
                0x200014ac                __aeabi_ldiv0
 .text.__stub   0x200014b0       0x30 linker stubs
                0x200014e0                        . = ALIGN (0x4)
 *(.rodata*)
                0x200014e0                        . = ALIGN (0x4)
 *(.data*)
 .data.striped_spin_lock_num
                0x200014e0        0x1 CMakeFiles/adc_console.dir/C_/Users/1/.pico-sdk/sdk/2.0.0/src/rp2_common/hardware_sync/sync.c.obj
 *fill*         0x200014e1        0x3 
 .data          0x200014e4       0x48 CMakeFiles/adc_console.dir/C_/Users/1/.pico-sdk/sdk/2.0.0/src/rp2_common/hardware_irq/irq_handler_chain.S.obj
                0x200014e4                irq_handler_chain_slots
                0x20001514                irq_handler_chain_first_slot
                0x2000151e                irq_handler_chain_remove_tail
 .data.default_alarm_pool
                0x2000152c       0x18 CMakeFiles/adc_console.dir/C_/Users/1/.pico-sdk/sdk/2.0.0/src/common/pico_time/time.c.obj
 .data.stdio_usb
                0x20001544       0x18 CMakeFiles/adc_console.dir/C_/Users/1/.pico-sdk/sdk/2.0.0/src/rp2_common/pico_stdio_usb/stdio_usb.c.obj
                0x20001544                stdio_usb
 .data._usbd_qdef
                0x2000155c       0x1c CMakeFiles/adc_console.dir/C_/Users/1/.pico-sdk/sdk/2.0.0/lib/tinyusb/src/device/usbd.c.obj
                0x2000155c                _usbd_qdef
 .data._usbd_rhport
                0x20001578        0x1 CMakeFiles/adc_console.dir/C_/Users/1/.pico-sdk/sdk/2.0.0/lib/tinyusb/src/device/usbd.c.obj
 *(.sdata*)
                0x2000157c                        . = ALIGN (0x4)
 *fill*         0x20001579        0x3 
 *(.after_data.*)
                0x2000157c                        . = ALIGN (0x4)
                0x2000157c                        PROVIDE (__mutex_array_start = .)
 *(SORT_BY_NAME(.mutex_array.*))
 *(.mutex_array)
 .mutex_array   0x2000157c        0x8 CMakeFiles/adc_console.dir/C_/Users/1/.pico-sdk/sdk/2.0.0/src/rp2_common/pico_stdio/stdio.c.obj
                0x20001584                        PROVIDE (__mutex_array_end = .)
 *(.jcr)
                0x20001584                        . = ALIGN (0x4)

.tm_clone_table
                0x20001584        0x0 load address 0x100076dc
 .tm_clone_table
                0x20001584        0x0 C:/Users/1/.pico-sdk/toolchain/13_2_Rel1/bin/../lib/gcc/arm-none-eabi/13.2.1/thumb/v8-m.main+fp/softfp/crtbegin.o
 .tm_clone_table
                0x20001584        0x0 C:/Users/1/.pico-sdk/toolchain/13_2_Rel1/bin/../lib/gcc/arm-none-eabi/13.2.1/thumb/v8-m.main+fp/softfp/crtend.o

.igot.plt       0x20001584        0x0 load address 0x100076dc
 .igot.plt      0x20001584        0x0 C:/Users/1/.pico-sdk/toolchain/13_2_Rel1/bin/../lib/gcc/arm-none-eabi/13.2.1/thumb/v8-m.main+fp/softfp/crtbegin.o

.tdata          0x20001584        0x0 load address 0x100076dc
                0x20001584                        . = ALIGN (0x4)
 *(.tdata .tdata.* .gnu.linkonce.td.*)
                0x20001584                        __tdata_end = .
                0x20001584                        PROVIDE (__data_end__ = .)
                0x10006268                        __etext = LOADADDR (.data)

.tbss           0x20001584        0x0 load address 0x100076dc
                0x20001584                        . = ALIGN (0x4)
                0x20001584                        __bss_start__ = .
                0x20001584                        __tls_base = .
 *(.tbss .tbss.* .gnu.linkonce.tb.*)
 *(.tcommon)
                0x20001584                        __tls_end = .

.bss            0x20001588     0x1568 load address 0x100076dc
                0x20001588                        . = ALIGN (0x4)
                0x20001588                        __tbss_end = .
 *(SORT_BY_ALIGNMENT(SORT_BY_NAME(.bss*)))
 .bss._cdcd_itf
                0x20001588      0x2c8 CMakeFiles/adc_console.dir/C_/Users/1/.pico-sdk/sdk/2.0.0/lib/tinyusb/src/class/cdc/cdc_device.c.obj
 .bss._vendord_itf
                0x20001850      0x2bc CMakeFiles/adc_console.dir/C_/Users/1/.pico-sdk/sdk/2.0.0/lib/tinyusb/src/class/vendor/vendor_device.c.obj
 *fill*         0x20001b0c        0x4 
 .bss.default_alarm_pool_entries
                0x20001b10      0x180 CMakeFiles/adc_console.dir/C_/Users/1/.pico-sdk/sdk/2.0.0/src/common/pico_time/time.c.obj
 .bss.last_avail_time.1
                0x20001c90        0x8 CMakeFiles/adc_console.dir/C_/Users/1/.pico-sdk/sdk/2.0.0/src/rp2_common/pico_stdio_usb/stdio_usb.c.obj
 .bss._app_driver
                0x20001c98        0x4 CMakeFiles/adc_console.dir/C_/Users/1/.pico-sdk/sdk/2.0.0/lib/tinyusb/src/device/usbd.c.obj
 .bss._cdcd_fifo_cfg
                0x20001c9c        0x1 CMakeFiles/adc_console.dir/C_/Users/1/.pico-sdk/sdk/2.0.0/lib/tinyusb/src/class/cdc/cdc_device.c.obj
 *fill*         0x20001c9d        0x3 
 .bss._ctrl_xfer
                0x20001ca0       0x14 CMakeFiles/adc_console.dir/C_/Users/1/.pico-sdk/sdk/2.0.0/lib/tinyusb/src/device/usbd_control.c.obj
 .bss._sw_spin_locks
                0x20001cb4       0x20 CMakeFiles/adc_console.dir/C_/Users/1/.pico-sdk/sdk/2.0.0/src/rp2_common/hardware_sync_spin_lock/sync_spin_lock.c.obj
                0x20001cb4                _sw_spin_locks
 .bss._ubsd_mutexdef
                0x20001cd4        0x8 CMakeFiles/adc_console.dir/C_/Users/1/.pico-sdk/sdk/2.0.0/lib/tinyusb/src/device/usbd.c.obj
 .bss._usbd_ctrl_buf
                0x20001cdc       0x40 CMakeFiles/adc_console.dir/C_/Users/1/.pico-sdk/sdk/2.0.0/lib/tinyusb/src/device/usbd_control.c.obj
 .bss._usbd_dev
                0x20001d1c       0x54 CMakeFiles/adc_console.dir/C_/Users/1/.pico-sdk/sdk/2.0.0/lib/tinyusb/src/device/usbd.c.obj
 .bss._usbd_mutex
                0x20001d70        0x4 CMakeFiles/adc_console.dir/C_/Users/1/.pico-sdk/sdk/2.0.0/lib/tinyusb/src/device/usbd.c.obj
 .bss._usbd_q   0x20001d74        0x4 CMakeFiles/adc_console.dir/C_/Users/1/.pico-sdk/sdk/2.0.0/lib/tinyusb/src/device/usbd.c.obj
 .bss._usbd_qdef_buf
                0x20001d78       0xc0 CMakeFiles/adc_console.dir/C_/Users/1/.pico-sdk/sdk/2.0.0/lib/tinyusb/src/device/usbd.c.obj
                0x20001d78                _usbd_qdef_buf
 .bss.chars_available_callback
                0x20001e38        0x4 CMakeFiles/adc_console.dir/C_/Users/1/.pico-sdk/sdk/2.0.0/src/rp2_common/pico_stdio_usb/stdio_usb.c.obj
 .bss.chars_available_param
                0x20001e3c        0x4 CMakeFiles/adc_console.dir/C_/Users/1/.pico-sdk/sdk/2.0.0/src/rp2_common/pico_stdio_usb/stdio_usb.c.obj
 .bss.claimed   0x20001e40        0x4 CMakeFiles/adc_console.dir/C_/Users/1/.pico-sdk/sdk/2.0.0/src/rp2_common/hardware_sync/sync.c.obj
 .bss.claimed   0x20001e44        0x2 CMakeFiles/adc_console.dir/C_/Users/1/.pico-sdk/sdk/2.0.0/src/rp2_common/hardware_timer/timer.c.obj
 *fill*         0x20001e46        0x2 
 .bss.configured_freq
                0x20001e48       0x28 CMakeFiles/adc_console.dir/C_/Users/1/.pico-sdk/sdk/2.0.0/src/rp2_common/hardware_clocks/clocks.c.obj
 .bss.desc_str.0
                0x20001e70       0x28 CMakeFiles/adc_console.dir/C_/Users/1/.pico-sdk/sdk/2.0.0/src/rp2_common/pico_stdio_usb/stdio_usb_descriptors.c.obj
 .bss.drivers   0x20001e98        0x4 CMakeFiles/adc_console.dir/C_/Users/1/.pico-sdk/sdk/2.0.0/src/rp2_common/pico_stdio/stdio.c.obj
 .bss.e15_last_sof
                0x20001e9c        0x4 CMakeFiles/adc_console.dir/C_/Users/1/.pico-sdk/sdk/2.0.0/lib/tinyusb/src/portable/raspberrypi/rp2040/rp2040_usb.c.obj
                0x20001e9c                e15_last_sof
 .bss.filter    0x20001ea0        0x4 CMakeFiles/adc_console.dir/C_/Users/1/.pico-sdk/sdk/2.0.0/src/rp2_common/pico_stdio/stdio.c.obj
 .bss.hw_endpoints
                0x20001ea4      0x400 CMakeFiles/adc_console.dir/C_/Users/1/.pico-sdk/sdk/2.0.0/lib/tinyusb/src/portable/raspberrypi/rp2040/dcd_rp2040.c.obj
 .bss.lazy_vsnprintf
                0x200022a4        0x4 CMakeFiles/adc_console.dir/C_/Users/1/.pico-sdk/sdk/2.0.0/src/rp2_common/pico_printf/printf.c.obj
 .bss.load_value
                0x200022a8        0x4 CMakeFiles/adc_console.dir/C_/Users/1/.pico-sdk/sdk/2.0.0/src/rp2_common/hardware_watchdog/watchdog.c.obj
 .bss.next_buffer_ptr
                0x200022ac        0x4 CMakeFiles/adc_console.dir/C_/Users/1/.pico-sdk/sdk/2.0.0/lib/tinyusb/src/portable/raspberrypi/rp2040/dcd_rp2040.c.obj
 .bss.object.0  0x200022b0       0x18 C:/Users/1/.pico-sdk/toolchain/13_2_Rel1/bin/../lib/gcc/arm-none-eabi/13.2.1/thumb/v8-m.main+fp/softfp/crtbegin.o
 .bss.one_shot_timer_crit_sec
                0x200022c8        0x8 CMakeFiles/adc_console.dir/C_/Users/1/.pico-sdk/sdk/2.0.0/src/rp2_common/pico_stdio_usb/stdio_usb.c.obj
 .bss.pools     0x200022d0       0x20 CMakeFiles/adc_console.dir/C_/Users/1/.pico-sdk/sdk/2.0.0/src/common/pico_time/time.c.obj
 .bss.retrieved_id
                0x200022f0        0x8 CMakeFiles/adc_console.dir/C_/Users/1/.pico-sdk/sdk/2.0.0/src/rp2_common/pico_unique_id/unique_id.c.obj
 .bss.sample_buf
                0x200022f8      0x7d0 CMakeFiles/adc_console.dir/adc_console.c.obj
                0x200022f8                sample_buf
 .bss.sleep_notifier
                0x20002ac8        0x4 CMakeFiles/adc_console.dir/C_/Users/1/.pico-sdk/sdk/2.0.0/src/common/pico_time/time.c.obj
 .bss.stdio_usb_mutex
                0x20002acc        0x8 CMakeFiles/adc_console.dir/C_/Users/1/.pico-sdk/sdk/2.0.0/src/rp2_common/pico_stdio_usb/stdio_usb.c.obj
 .bss.usbd_serial_str
                0x20002ad4       0x11 CMakeFiles/adc_console.dir/C_/Users/1/.pico-sdk/sdk/2.0.0/src/rp2_common/pico_stdio_usb/stdio_usb_descriptors.c.obj
 .bss._app_driver_count
                0x20002ae5        0x1 CMakeFiles/adc_console.dir/C_/Users/1/.pico-sdk/sdk/2.0.0/lib/tinyusb/src/device/usbd.c.obj
 .bss._sof_enable
                0x20002ae6        0x1 CMakeFiles/adc_console.dir/C_/Users/1/.pico-sdk/sdk/2.0.0/lib/tinyusb/src/portable/raspberrypi/rp2040/dcd_rp2040.c.obj
 .bss._usbd_queued_setup
                0x20002ae7        0x1 CMakeFiles/adc_console.dir/C_/Users/1/.pico-sdk/sdk/2.0.0/lib/tinyusb/src/device/usbd.c.obj
 .bss.irq_handler_chain_free_slot_head
                0x20002ae8        0x1 CMakeFiles/adc_console.dir/C_/Users/1/.pico-sdk/sdk/2.0.0/src/rp2_common/hardware_irq/irq.c.obj
 .bss.itf_num   0x20002ae9        0x1 CMakeFiles/adc_console.dir/C_/Users/1/.pico-sdk/sdk/2.0.0/src/rp2_common/pico_stdio_usb/reset_interface.c.obj
 .bss.low_priority_irq_num
                0x20002aea        0x1 CMakeFiles/adc_console.dir/C_/Users/1/.pico-sdk/sdk/2.0.0/src/rp2_common/pico_stdio_usb/stdio_usb.c.obj
 .bss.one_shot_timer_pending
                0x20002aeb        0x1 CMakeFiles/adc_console.dir/C_/Users/1/.pico-sdk/sdk/2.0.0/src/rp2_common/pico_stdio_usb/stdio_usb.c.obj
 .bss.user_irq_claimed
                0x20002aec        0x1 CMakeFiles/adc_console.dir/C_/Users/1/.pico-sdk/sdk/2.0.0/src/rp2_common/hardware_irq/irq.c.obj
 *(COMMON)
                [!provide]                        PROVIDE (__global_pointer$ = (. + 0x800))
 *(.sbss*)
                0x20002af0                        . = ALIGN (0x4)
 *fill*         0x20002aed        0x3 
                0x20002af0                        __bss_end__ = .

.heap           0x20002af0    0x7d510 load address 0x100076dc
                0x20002af0                        __end__ = .
                0x20002af0                        end = __end__
 *(.heap*)
 .heap          0x20002af0      0x800 CMakeFiles/adc_console.dir/C_/Users/1/.pico-sdk/sdk/2.0.0/src/rp2_common/pico_crt0/crt0.S.obj
                0x20080000                        . = (ORIGIN (RAM) + LENGTH (RAM))
 *fill*         0x200032f0    0x7cd10 
                0x20080000                        __HeapLimit = .

.scratch_x      0x20080000        0x0 load address 0x100076dc
                0x20080000                        __scratch_x_start__ = .
 *(.scratch_x.*)
                0x20080000                        . = ALIGN (0x4)
                0x20080000                        __scratch_x_end__ = .
                0x100076dc                        __scratch_x_source__ = LOADADDR (.scratch_x)

.scratch_y      0x20081000        0x0 load address 0x100076dc
                0x20081000                        __scratch_y_start__ = .
 *(.scratch_y.*)
                0x20081000                        . = ALIGN (0x4)
                0x20081000                        __scratch_y_end__ = .
                0x100076dc                        __scratch_y_source__ = LOADADDR (.scratch_y)

.stack1_dummy
 *(.stack1*)

.stack_dummy    0x20081000      0x800
 *(.stack*)
 .stack         0x20081000      0x800 CMakeFiles/adc_console.dir/C_/Users/1/.pico-sdk/sdk/2.0.0/src/rp2_common/pico_crt0/crt0.S.obj

.flash_end      0x100076dc       0x14
 *(.embedded_end_block*)
 .embedded_end_block
                0x100076dc       0x14 CMakeFiles/adc_console.dir/C_/Users/1/.pico-sdk/sdk/2.0.0/src/rp2_common/pico_crt0/crt0.S.obj
                0x100076f0                        PROVIDE (__flash_binary_end = .)
                0x20080000                        __StackLimit = (ORIGIN (RAM) + LENGTH (RAM))
                0x20081000                        __StackOneTop = (ORIGIN (SCRATCH_X) + LENGTH (SCRATCH_X))
                0x20082000                        __StackTop = (ORIGIN (SCRATCH_Y) + LENGTH (SCRATCH_Y))
                0x20081000                        __StackOneBottom = (__StackOneTop - SIZEOF (.stack1_dummy))
                0x20081800                        __StackBottom = (__StackTop - SIZEOF (.stack_dummy))
                0x20082000                        PROVIDE (__stack = __StackTop)
                [!provide]                        PROVIDE (__heap_start = __end__)
                [!provide]                        PROVIDE (__heap_end = __HeapLimit)
                [!provide]                        PROVIDE (__tls_align = MAX (ALIGNOF (.tdata), ALIGNOF (.tbss)))
                [!provide]                        PROVIDE (__tls_size_align = (((__tls_size + __tls_align) - 0x1) & ~ ((__tls_align - 0x1))))
                [!provide]                        PROVIDE (__arm32_tls_tcb_offset = MAX (0x8, __tls_align))
                [!provide]                        PROVIDE (_end = __end__)
                [!provide]                        PROVIDE (__llvm_libc_heap_limit = __HeapLimit)
                0x00000001                        ASSERT ((__StackLimit >= __HeapLimit), region RAM overflowed)
                0x00000001                        ASSERT (((__binary_info_header_end - __logical_binary_start) <= 0x400), Binary info must be in first 1024 bytes of the binary)
                0x00000001                        ASSERT (((__embedded_block_end - __logical_binary_start) <= 0x1000), Embedded block must be in first 4096 bytes of the binary)
LOAD CMakeFiles/adc_console.dir/adc_console.c.obj
LOAD CMakeFiles/adc_console.dir/C_/Users/1/.pico-sdk/sdk/2.0.0/src/rp2_common/pico_stdlib/stdlib.c.obj
LOAD CMakeFiles/adc_console.dir/C_/Users/1/.pico-sdk/sdk/2.0.0/src/rp2_common/hardware_gpio/gpio.c.obj
LOAD CMakeFiles/adc_console.dir/C_/Users/1/.pico-sdk/sdk/2.0.0/src/rp2350/pico_platform/platform.c.obj
LOAD CMakeFiles/adc_console.dir/C_/Users/1/.pico-sdk/sdk/2.0.0/src/rp2_common/pico_platform_panic/panic.c.obj
LOAD CMakeFiles/adc_console.dir/C_/Users/1/.pico-sdk/sdk/2.0.0/src/common/hardware_claim/claim.c.obj
LOAD CMakeFiles/adc_console.dir/C_/Users/1/.pico-sdk/sdk/2.0.0/src/rp2_common/hardware_sync/sync.c.obj
LOAD CMakeFiles/adc_console.dir/C_/Users/1/.pico-sdk/sdk/2.0.0/src/rp2_common/hardware_sync_spin_lock/sync_spin_lock.c.obj
LOAD CMakeFiles/adc_console.dir/C_/Users/1/.pico-sdk/sdk/2.0.0/src/rp2_common/hardware_irq/irq.c.obj
LOAD CMakeFiles/adc_console.dir/C_/Users/1/.pico-sdk/sdk/2.0.0/src/rp2_common/hardware_irq/irq_handler_chain.S.obj
LOAD CMakeFiles/adc_console.dir/C_/Users/1/.pico-sdk/sdk/2.0.0/src/common/pico_sync/sem.c.obj
LOAD CMakeFiles/adc_console.dir/C_/Users/1/.pico-sdk/sdk/2.0.0/src/common/pico_sync/lock_core.c.obj
LOAD CMakeFiles/adc_console.dir/C_/Users/1/.pico-sdk/sdk/2.0.0/src/common/pico_sync/mutex.c.obj
LOAD CMakeFiles/adc_console.dir/C_/Users/1/.pico-sdk/sdk/2.0.0/src/common/pico_sync/critical_section.c.obj
LOAD CMakeFiles/adc_console.dir/C_/Users/1/.pico-sdk/sdk/2.0.0/src/common/pico_time/time.c.obj
LOAD CMakeFiles/adc_console.dir/C_/Users/1/.pico-sdk/sdk/2.0.0/src/common/pico_time/timeout_helper.c.obj
LOAD CMakeFiles/adc_console.dir/C_/Users/1/.pico-sdk/sdk/2.0.0/src/rp2_common/hardware_timer/timer.c.obj
LOAD CMakeFiles/adc_console.dir/C_/Users/1/.pico-sdk/sdk/2.0.0/src/common/pico_util/datetime.c.obj
LOAD CMakeFiles/adc_console.dir/C_/Users/1/.pico-sdk/sdk/2.0.0/src/common/pico_util/pheap.c.obj
LOAD CMakeFiles/adc_console.dir/C_/Users/1/.pico-sdk/sdk/2.0.0/src/common/pico_util/queue.c.obj
LOAD CMakeFiles/adc_console.dir/C_/Users/1/.pico-sdk/sdk/2.0.0/src/rp2_common/hardware_uart/uart.c.obj
LOAD CMakeFiles/adc_console.dir/C_/Users/1/.pico-sdk/sdk/2.0.0/src/rp2_common/hardware_clocks/clocks.c.obj
LOAD CMakeFiles/adc_console.dir/C_/Users/1/.pico-sdk/sdk/2.0.0/src/rp2_common/hardware_pll/pll.c.obj
LOAD CMakeFiles/adc_console.dir/C_/Users/1/.pico-sdk/sdk/2.0.0/src/rp2_common/hardware_vreg/vreg.c.obj
LOAD CMakeFiles/adc_console.dir/C_/Users/1/.pico-sdk/sdk/2.0.0/src/rp2_common/hardware_watchdog/watchdog.c.obj
LOAD CMakeFiles/adc_console.dir/C_/Users/1/.pico-sdk/sdk/2.0.0/src/rp2_common/hardware_ticks/ticks.c.obj
LOAD CMakeFiles/adc_console.dir/C_/Users/1/.pico-sdk/sdk/2.0.0/src/rp2_common/hardware_xosc/xosc.c.obj
LOAD CMakeFiles/adc_console.dir/C_/Users/1/.pico-sdk/sdk/2.0.0/src/rp2_common/hardware_divider/divider.c.obj
LOAD CMakeFiles/adc_console.dir/C_/Users/1/.pico-sdk/sdk/2.0.0/src/rp2_common/pico_runtime/runtime.c.obj
LOAD CMakeFiles/adc_console.dir/C_/Users/1/.pico-sdk/sdk/2.0.0/src/rp2_common/pico_runtime_init/runtime_init.c.obj
LOAD CMakeFiles/adc_console.dir/C_/Users/1/.pico-sdk/sdk/2.0.0/src/rp2_common/pico_runtime_init/runtime_init_clocks.c.obj
LOAD CMakeFiles/adc_console.dir/C_/Users/1/.pico-sdk/sdk/2.0.0/src/rp2_common/pico_runtime_init/runtime_init_stack_guard.c.obj
LOAD CMakeFiles/adc_console.dir/C_/Users/1/.pico-sdk/sdk/2.0.0/src/rp2_common/pico_bit_ops/bit_ops_aeabi.S.obj
LOAD CMakeFiles/adc_console.dir/C_/Users/1/.pico-sdk/sdk/2.0.0/src/rp2_common/pico_bootrom/bootrom.c.obj
LOAD CMakeFiles/adc_console.dir/C_/Users/1/.pico-sdk/sdk/2.0.0/src/rp2_common/pico_bootrom/bootrom_lock.c.obj
LOAD CMakeFiles/adc_console.dir/C_/Users/1/.pico-sdk/sdk/2.0.0/src/rp2_common/hardware_boot_lock/boot_lock.c.obj
LOAD CMakeFiles/adc_console.dir/C_/Users/1/.pico-sdk/sdk/2.0.0/src/rp2_common/pico_divider/divider_compiler.c.obj
LOAD CMakeFiles/adc_console.dir/C_/Users/1/.pico-sdk/sdk/2.0.0/src/rp2_common/pico_double/double_math.c.obj
LOAD CMakeFiles/adc_console.dir/C_/Users/1/.pico-sdk/sdk/2.0.0/src/rp2_common/pico_double/double_aeabi_dcp.S.obj
LOAD CMakeFiles/adc_console.dir/C_/Users/1/.pico-sdk/sdk/2.0.0/src/rp2_common/pico_double/double_fma_dcp.S.obj
LOAD CMakeFiles/adc_console.dir/C_/Users/1/.pico-sdk/sdk/2.0.0/src/rp2_common/pico_double/double_sci_m33.S.obj
LOAD CMakeFiles/adc_console.dir/C_/Users/1/.pico-sdk/sdk/2.0.0/src/rp2_common/pico_double/double_conv_m33.S.obj
LOAD CMakeFiles/adc_console.dir/C_/Users/1/.pico-sdk/sdk/2.0.0/src/rp2_common/pico_float/float_math.c.obj
LOAD CMakeFiles/adc_console.dir/C_/Users/1/.pico-sdk/sdk/2.0.0/src/rp2_common/pico_float/float_sci_m33_vfp.S.obj
LOAD CMakeFiles/adc_console.dir/C_/Users/1/.pico-sdk/sdk/2.0.0/src/rp2_common/pico_float/float_conv_m33.S.obj
LOAD CMakeFiles/adc_console.dir/C_/Users/1/.pico-sdk/sdk/2.0.0/src/rp2_common/pico_malloc/malloc.c.obj
LOAD CMakeFiles/adc_console.dir/C_/Users/1/.pico-sdk/sdk/2.0.0/src/rp2_common/pico_atomic/atomic.c.obj
LOAD CMakeFiles/adc_console.dir/C_/Users/1/.pico-sdk/sdk/2.0.0/src/rp2_common/pico_cxx_options/new_delete.cpp.obj
LOAD CMakeFiles/adc_console.dir/C_/Users/1/.pico-sdk/sdk/2.0.0/src/rp2_common/pico_standard_binary_info/standard_binary_info.c.obj
LOAD CMakeFiles/adc_console.dir/C_/Users/1/.pico-sdk/sdk/2.0.0/src/rp2_common/pico_printf/printf.c.obj
LOAD CMakeFiles/adc_console.dir/C_/Users/1/.pico-sdk/sdk/2.0.0/src/rp2_common/pico_crt0/crt0.S.obj
LOAD CMakeFiles/adc_console.dir/C_/Users/1/.pico-sdk/sdk/2.0.0/src/rp2_common/pico_clib_interface/newlib_interface.c.obj
LOAD CMakeFiles/adc_console.dir/C_/Users/1/.pico-sdk/sdk/2.0.0/src/rp2_common/pico_stdio/stdio.c.obj
LOAD CMakeFiles/adc_console.dir/C_/Users/1/.pico-sdk/sdk/2.0.0/src/rp2_common/pico_stdio_usb/reset_interface.c.obj
LOAD CMakeFiles/adc_console.dir/C_/Users/1/.pico-sdk/sdk/2.0.0/src/rp2_common/pico_stdio_usb/stdio_usb.c.obj
LOAD CMakeFiles/adc_console.dir/C_/Users/1/.pico-sdk/sdk/2.0.0/src/rp2_common/pico_stdio_usb/stdio_usb_descriptors.c.obj
LOAD CMakeFiles/adc_console.dir/C_/Users/1/.pico-sdk/sdk/2.0.0/src/rp2_common/pico_unique_id/unique_id.c.obj
LOAD CMakeFiles/adc_console.dir/C_/Users/1/.pico-sdk/sdk/2.0.0/src/rp2_common/hardware_flash/flash.c.obj
LOAD CMakeFiles/adc_console.dir/C_/Users/1/.pico-sdk/sdk/2.0.0/lib/tinyusb/src/portable/raspberrypi/rp2040/dcd_rp2040.c.obj
LOAD CMakeFiles/adc_console.dir/C_/Users/1/.pico-sdk/sdk/2.0.0/lib/tinyusb/src/portable/raspberrypi/rp2040/rp2040_usb.c.obj
LOAD CMakeFiles/adc_console.dir/C_/Users/1/.pico-sdk/sdk/2.0.0/lib/tinyusb/src/device/usbd.c.obj
LOAD CMakeFiles/adc_console.dir/C_/Users/1/.pico-sdk/sdk/2.0.0/lib/tinyusb/src/device/usbd_control.c.obj
LOAD CMakeFiles/adc_console.dir/C_/Users/1/.pico-sdk/sdk/2.0.0/lib/tinyusb/src/class/audio/audio_device.c.obj
LOAD CMakeFiles/adc_console.dir/C_/Users/1/.pico-sdk/sdk/2.0.0/lib/tinyusb/src/class/cdc/cdc_device.c.obj
LOAD CMakeFiles/adc_console.dir/C_/Users/1/.pico-sdk/sdk/2.0.0/lib/tinyusb/src/class/dfu/dfu_device.c.obj
LOAD CMakeFiles/adc_console.dir/C_/Users/1/.pico-sdk/sdk/2.0.0/lib/tinyusb/src/class/dfu/dfu_rt_device.c.obj
LOAD CMakeFiles/adc_console.dir/C_/Users/1/.pico-sdk/sdk/2.0.0/lib/tinyusb/src/class/hid/hid_device.c.obj
LOAD CMakeFiles/adc_console.dir/C_/Users/1/.pico-sdk/sdk/2.0.0/lib/tinyusb/src/class/midi/midi_device.c.obj
LOAD CMakeFiles/adc_console.dir/C_/Users/1/.pico-sdk/sdk/2.0.0/lib/tinyusb/src/class/msc/msc_device.c.obj
LOAD CMakeFiles/adc_console.dir/C_/Users/1/.pico-sdk/sdk/2.0.0/lib/tinyusb/src/class/net/ecm_rndis_device.c.obj
LOAD CMakeFiles/adc_console.dir/C_/Users/1/.pico-sdk/sdk/2.0.0/lib/tinyusb/src/class/net/ncm_device.c.obj
LOAD CMakeFiles/adc_console.dir/C_/Users/1/.pico-sdk/sdk/2.0.0/lib/tinyusb/src/class/usbtmc/usbtmc_device.c.obj
LOAD CMakeFiles/adc_console.dir/C_/Users/1/.pico-sdk/sdk/2.0.0/lib/tinyusb/src/class/vendor/vendor_device.c.obj
LOAD CMakeFiles/adc_console.dir/C_/Users/1/.pico-sdk/sdk/2.0.0/lib/tinyusb/src/class/video/video_device.c.obj
LOAD CMakeFiles/adc_console.dir/C_/Users/1/.pico-sdk/sdk/2.0.0/lib/tinyusb/src/tusb.c.obj
LOAD CMakeFiles/adc_console.dir/C_/Users/1/.pico-sdk/sdk/2.0.0/lib/tinyusb/src/common/tusb_fifo.c.obj
LOAD CMakeFiles/adc_console.dir/C_/Users/1/.pico-sdk/sdk/2.0.0/src/rp2_common/pico_fix/rp2040_usb_device_enumeration/rp2040_usb_device_enumeration.c.obj
LOAD CMakeFiles/adc_console.dir/C_/Users/1/.pico-sdk/sdk/2.0.0/src/rp2_common/hardware_adc/adc.c.obj
LOAD C:\Users\1\AppData\Local\Temp\ccQzZHIE.o
LOAD C:/Users/1/.pico-sdk/toolchain/13_2_Rel1/bin/../lib/gcc/arm-none-eabi/13.2.1/thumb/v8-m.main+fp/softfp\libstdc++.a
LOAD C:/Users/1/.pico-sdk/toolchain/13_2_Rel1/bin/../lib/gcc/arm-none-eabi/13.2.1/thumb/v8-m.main+fp/softfp\libm.a
START GROUP
LOAD C:/Users/1/.pico-sdk/toolchain/13_2_Rel1/bin/../lib/gcc/arm-none-eabi/13.2.1/thumb/v8-m.main+fp/softfp\libgcc.a
LOAD C:/Users/1/.pico-sdk/toolchain/13_2_Rel1/bin/../lib/gcc/arm-none-eabi/13.2.1/thumb/v8-m.main+fp/softfp\libg.a
LOAD C:/Users/1/.pico-sdk/toolchain/13_2_Rel1/bin/../lib/gcc/arm-none-eabi/13.2.1/thumb/v8-m.main+fp/softfp\libc.a
END GROUP
START GROUP
LOAD C:/Users/1/.pico-sdk/toolchain/13_2_Rel1/bin/../lib/gcc/arm-none-eabi/13.2.1/thumb/v8-m.main+fp/softfp\libgcc.a
LOAD C:/Users/1/.pico-sdk/toolchain/13_2_Rel1/bin/../lib/gcc/arm-none-eabi/13.2.1/thumb/v8-m.main+fp/softfp\libc.a
LOAD C:/Users/1/.pico-sdk/toolchain/13_2_Rel1/bin/../lib/gcc/arm-none-eabi/13.2.1/thumb/v8-m.main+fp/softfp\libnosys.a
END GROUP
LOAD C:/Users/1/.pico-sdk/toolchain/13_2_Rel1/bin/../lib/gcc/arm-none-eabi/13.2.1/thumb/v8-m.main+fp/softfp/crtend.o
LOAD C:/Users/1/.pico-sdk/toolchain/13_2_Rel1/bin/../lib/gcc/arm-none-eabi/13.2.1/thumb/v8-m.main+fp/softfp/crtn.o
OUTPUT(adc_console.elf elf32-littlearm)
LOAD linker stubs

.rel.dyn        0x100076f0        0x0
 .rel.iplt      0x100076f0        0x0 C:/Users/1/.pico-sdk/toolchain/13_2_Rel1/bin/../lib/gcc/arm-none-eabi/13.2.1/thumb/v8-m.main+fp/softfp/crtbegin.o

.ARM.attributes
                0x00000000       0x34
 .ARM.attributes
                0x00000000       0x26 C:/Users/1/.pico-sdk/toolchain/13_2_Rel1/bin/../lib/gcc/arm-none-eabi/13.2.1/thumb/v8-m.main+fp/softfp/crti.o
 .ARM.attributes
                0x00000026       0x36 C:/Users/1/.pico-sdk/toolchain/13_2_Rel1/bin/../lib/gcc/arm-none-eabi/13.2.1/thumb/v8-m.main+fp/softfp/crtbegin.o
 .ARM.attributes
                0x0000005c       0x38 CMakeFiles/adc_console.dir/adc_console.c.obj
 .ARM.attributes
                0x00000094       0x38 CMakeFiles/adc_console.dir/C_/Users/1/.pico-sdk/sdk/2.0.0/src/rp2_common/hardware_gpio/gpio.c.obj
 .ARM.attributes
                0x000000cc       0x38 CMakeFiles/adc_console.dir/C_/Users/1/.pico-sdk/sdk/2.0.0/src/rp2_common/pico_platform_panic/panic.c.obj
 .ARM.attributes
                0x00000104       0x38 CMakeFiles/adc_console.dir/C_/Users/1/.pico-sdk/sdk/2.0.0/src/common/hardware_claim/claim.c.obj
 .ARM.attributes